2025-03-01 10:37:13 Compressing file: run25959.mid
2025-03-01 10:43:14 File successfully compressed: run25959.mid.gz
2025-03-01 10:49:15 Compressing file: run25962.mid
2025-03-01 10:53:15 Compressing file: run25963.mid
2025-03-01 10:56:46 File successfully compressed: run25962.mid.gz
2025-03-01 10:57:46 Compressing file: run25964.mid
2025-03-01 11:00:46 File successfully compressed: run25963.mid.gz
2025-03-01 11:01:47 Compressing file: run25965.mid
2025-03-01 11:05:17 File successfully compressed: run25964.mid.gz
2025-03-01 11:05:47 Compressing file: run25966.mid
2025-03-01 11:09:18 File successfully compressed: run25965.mid.gz
2025-03-01 11:09:48 Compressing file: run25967.mid
2025-03-01 11:13:18 File successfully compressed: run25966.mid.gz
2025-03-01 11:13:48 Compressing file: run25968.mid
2025-03-01 11:17:19 File successfully compressed: run25967.mid.gz
2025-03-01 11:17:49 Compressing file: run25969.mid
2025-03-01 11:21:19 File successfully compressed: run25968.mid.gz
2025-03-01 11:21:49 Compressing file: run25970.mid
2025-03-01 11:25:20 File successfully compressed: run25969.mid.gz
2025-03-01 11:25:50 Compressing file: run25971.mid
2025-03-01 11:29:21 File successfully compressed: run25970.mid.gz
2025-03-01 11:31:21 Compressing file: run25972.mid
2025-03-01 11:33:21 File successfully compressed: run25971.mid.gz
2025-03-01 11:35:21 Compressing file: run25973.mid
2025-03-01 11:38:52 File successfully compressed: run25972.mid.gz
2025-03-01 11:39:22 Compressing file: run25974.mid
2025-03-01 11:42:52 File successfully compressed: run25973.mid.gz
2025-03-01 11:43:22 Compressing file: run25975.mid
2025-03-01 11:46:53 File successfully compressed: run25974.mid.gz
2025-03-01 11:47:23 Compressing file: run25976.mid
2025-03-01 11:50:53 File successfully compressed: run25975.mid.gz
2025-03-01 11:51:54 Compressing file: run25977.mid
2025-03-01 11:54:54 File successfully compressed: run25976.mid.gz
2025-03-01 11:55:54 Compressing file: run25978.mid
2025-03-01 11:59:25 File successfully compressed: run25977.mid.gz
2025-03-01 11:59:55 Compressing file: run25979.mid
2025-03-01 12:03:25 File successfully compressed: run25978.mid.gz
2025-03-01 12:04:25 Compressing file: run25980.mid
2025-03-01 12:07:26 File successfully compressed: run25979.mid.gz
2025-03-01 12:08:26 Compressing file: run25981.mid
2025-03-01 12:11:56 File successfully compressed: run25980.mid.gz
2025-03-01 12:15:57 Compressing file: run25982.mid
2025-03-01 12:15:57 File successfully compressed: run25981.mid.gz
2025-03-01 12:20:28 Compressing file: run25983.mid
2025-03-01 12:23:28 File successfully compressed: run25982.mid.gz
2025-03-01 12:24:28 Compressing file: run25984.mid
2025-03-01 12:27:59 File successfully compressed: run25983.mid.gz
2025-03-01 12:28:29 Compressing file: run25985.mid
2025-03-01 12:31:59 File successfully compressed: run25984.mid.gz
2025-03-01 12:32:29 Compressing file: run25986.mid
2025-03-01 12:36:00 File successfully compressed: run25985.mid.gz
2025-03-01 12:37:00 Compressing file: run25987.mid
2025-03-01 12:40:00 File successfully compressed: run25986.mid.gz
2025-03-01 12:41:01 Compressing file: run25988.mid
2025-03-01 12:44:31 File successfully compressed: run25987.mid.gz
2025-03-01 12:45:01 Compressing file: run25989.mid
2025-03-01 12:48:32 File successfully compressed: run25988.mid.gz
2025-03-01 12:49:02 Compressing file: run25990.mid
2025-03-01 12:52:32 File successfully compressed: run25989.mid.gz
2025-03-01 12:53:32 Compressing file: run25991.mid
2025-03-01 12:56:33 File successfully compressed: run25990.mid.gz
2025-03-01 13:00:33 File successfully compressed: run25991.mid.gz
2025-03-01 13:10:35 Compressing file: run25992.mid
2025-03-01 13:17:36 File successfully compressed: run25992.mid.gz
2025-03-01 13:50:40 Compressing file: run25994.mid
2025-03-01 13:55:11 Compressing file: run25995.mid
2025-03-01 13:58:11 File successfully compressed: run25994.mid.gz
2025-03-01 13:59:11 Compressing file: run25996.mid
2025-03-01 14:03:12 File successfully compressed: run25995.mid.gz
2025-03-01 14:03:42 Compressing file: run25997.mid
2025-03-01 14:06:42 File successfully compressed: run25996.mid.gz
2025-03-01 14:07:43 Compressing file: run25998.mid
2025-03-01 14:11:13 File successfully compressed: run25997.mid.gz
2025-03-01 14:12:13 Compressing file: run25999.mid
2025-03-01 14:15:14 File successfully compressed: run25998.mid.gz
2025-03-01 14:16:44 Compressing file: run26000.mid
2025-03-01 14:19:44 File successfully compressed: run25999.mid.gz
2025-03-01 14:20:44 Compressing file: run26001.mid
2025-03-01 14:24:15 File successfully compressed: run26000.mid.gz
2025-03-01 14:25:15 Compressing file: run26002.mid
2025-03-01 14:28:15 File successfully compressed: run26001.mid.gz
2025-03-01 14:29:16 Compressing file: run26003.mid
2025-03-01 14:32:46 File successfully compressed: run26002.mid.gz
2025-03-01 14:34:16 Compressing file: run26004.mid
2025-03-01 14:36:47 File successfully compressed: run26003.mid.gz
2025-03-01 14:38:17 Compressing file: run26005.mid
2025-03-01 14:41:47 File successfully compressed: run26004.mid.gz
2025-03-01 14:42:18 Compressing file: run26006.mid
2025-03-01 14:45:48 File successfully compressed: run26005.mid.gz
2025-03-01 14:46:48 Compressing file: run26007.mid
2025-03-01 14:49:49 File successfully compressed: run26006.mid.gz
2025-03-01 14:50:49 Compressing file: run26008.mid
2025-03-01 14:54:19 File successfully compressed: run26007.mid.gz
2025-03-01 14:54:49 Compressing file: run26009.mid
2025-03-01 14:58:20 File successfully compressed: run26008.mid.gz
2025-03-01 14:58:50 Compressing file: run26010.mid
2025-03-01 15:02:20 File successfully compressed: run26009.mid.gz
2025-03-01 15:02:51 Compressing file: run26011.mid
2025-03-01 15:06:21 File successfully compressed: run26010.mid.gz
2025-03-01 15:07:21 Compressing file: run26012.mid
2025-03-01 15:10:22 File successfully compressed: run26011.mid.gz
2025-03-01 15:11:22 Compressing file: run26013.mid
2025-03-01 15:14:52 File successfully compressed: run26012.mid.gz
2025-03-01 15:15:52 Compressing file: run26014.mid
2025-03-01 15:18:53 File successfully compressed: run26013.mid.gz
2025-03-01 15:20:23 Compressing file: run26015.mid
2025-03-01 15:23:24 File successfully compressed: run26014.mid.gz
2025-03-01 15:23:54 Compressing file: run26016.mid
2025-03-01 15:27:54 File successfully compressed: run26015.mid.gz
2025-03-01 15:28:24 Compressing file: run26017.mid
2025-03-01 15:31:25 File successfully compressed: run26016.mid.gz
2025-03-01 15:32:25 Compressing file: run26018.mid
2025-03-01 15:35:55 File successfully compressed: run26017.mid.gz
2025-03-01 15:36:25 Compressing file: run26019.mid
2025-03-01 15:39:56 File successfully compressed: run26018.mid.gz
2025-03-01 15:40:26 Compressing file: run26020.mid
2025-03-01 15:43:57 File successfully compressed: run26019.mid.gz
2025-03-01 15:44:27 Compressing file: run26021.mid
2025-03-01 15:47:57 File successfully compressed: run26020.mid.gz
2025-03-01 15:48:57 Compressing file: run26022.mid
2025-03-01 15:51:58 File successfully compressed: run26021.mid.gz
2025-03-01 15:52:58 Compressing file: run26023.mid
2025-03-01 15:56:28 File successfully compressed: run26022.mid.gz
2025-03-01 16:00:29 File successfully compressed: run26023.mid.gz
2025-03-01 16:02:29 Compressing file: run26024.mid
2025-03-01 16:06:30 Compressing file: run26025.mid
2025-03-01 16:10:00 File successfully compressed: run26024.mid.gz
2025-03-01 16:10:30 Compressing file: run26026.mid
2025-03-01 16:14:01 File successfully compressed: run26025.mid.gz
2025-03-01 16:14:31 Compressing file: run26027.mid
2025-03-01 16:18:01 File successfully compressed: run26026.mid.gz
2025-03-01 16:18:32 Compressing file: run26028.mid
2025-03-01 16:22:02 File successfully compressed: run26027.mid.gz
2025-03-01 16:22:32 Compressing file: run26029.mid
2025-03-01 16:26:03 File successfully compressed: run26028.mid.gz
2025-03-01 16:26:33 Compressing file: run26030.mid
2025-03-01 16:26:33 Compressing file: run26031.mid
2025-03-01 16:27:03 File successfully compressed: run26031.mid.gz
2025-03-01 16:30:03 File successfully compressed: run26029.mid.gz
2025-03-01 16:34:04 File successfully compressed: run26030.mid.gz
2025-03-02 14:15:15 Compressing file: run26033.mid
2025-03-02 14:21:15 File successfully compressed: run26033.mid.gz
2025-03-02 14:58:51 Compressing file: run26036.mid
2025-03-02 14:59:21 File successfully compressed: run26036.mid.gz
2025-03-02 15:04:22 Compressing file: run26037.mid
2025-03-02 15:08:22 Compressing file: run26038.mid
2025-03-02 15:11:53 File successfully compressed: run26037.mid.gz
2025-03-02 15:12:53 Compressing file: run26039.mid
2025-03-02 15:15:53 File successfully compressed: run26038.mid.gz
2025-03-02 15:16:53 Compressing file: run26040.mid
2025-03-02 15:20:24 File successfully compressed: run26039.mid.gz
2025-03-02 15:20:54 Compressing file: run26041.mid
2025-03-02 15:24:24 File successfully compressed: run26040.mid.gz
2025-03-02 15:25:25 Compressing file: run26042.mid
2025-03-02 15:28:25 File successfully compressed: run26041.mid.gz
2025-03-02 15:29:25 Compressing file: run26043.mid
2025-03-02 15:32:56 File successfully compressed: run26042.mid.gz
2025-03-02 15:33:26 Compressing file: run26044.mid
2025-03-02 15:36:56 File successfully compressed: run26043.mid.gz
2025-03-02 15:37:26 Compressing file: run26045.mid
2025-03-02 15:40:57 File successfully compressed: run26044.mid.gz
2025-03-02 15:41:57 Compressing file: run26046.mid
2025-03-02 15:44:58 File successfully compressed: run26045.mid.gz
2025-03-02 15:49:28 File successfully compressed: run26046.mid.gz
2025-03-02 15:50:28 Compressing file: run26047.mid
2025-03-02 15:54:59 Compressing file: run26048.mid
2025-03-02 15:57:59 File successfully compressed: run26047.mid.gz
2025-03-02 15:59:00 Compressing file: run26049.mid
2025-03-02 16:03:00 File successfully compressed: run26048.mid.gz
2025-03-02 16:03:30 Compressing file: run26050.mid
2025-03-02 16:06:31 File successfully compressed: run26049.mid.gz
2025-03-02 16:07:31 Compressing file: run26051.mid
2025-03-02 16:11:01 File successfully compressed: run26050.mid.gz
2025-03-02 16:11:31 Compressing file: run26052.mid
2025-03-02 16:15:02 File successfully compressed: run26051.mid.gz
2025-03-02 16:15:32 Compressing file: run26053.mid
2025-03-02 16:19:03 File successfully compressed: run26052.mid.gz
2025-03-02 16:20:03 Compressing file: run26054.mid
2025-03-02 16:23:03 File successfully compressed: run26053.mid.gz
2025-03-02 16:25:33 Compressing file: run26056.mid
2025-03-02 16:27:34 File successfully compressed: run26054.mid.gz
2025-03-02 16:29:34 Compressing file: run26057.mid
2025-03-02 16:33:05 File successfully compressed: run26056.mid.gz
2025-03-02 16:33:35 Compressing file: run26058.mid
2025-03-02 16:37:05 File successfully compressed: run26057.mid.gz
2025-03-02 16:38:05 Compressing file: run26059.mid
2025-03-02 16:41:06 File successfully compressed: run26058.mid.gz
2025-03-02 16:42:06 Compressing file: run26060.mid
2025-03-02 16:45:37 File successfully compressed: run26059.mid.gz
2025-03-02 16:46:07 Compressing file: run26061.mid
2025-03-02 16:49:37 File successfully compressed: run26060.mid.gz
2025-03-02 16:50:37 Compressing file: run26062.mid
2025-03-02 16:53:38 File successfully compressed: run26061.mid.gz
2025-03-02 16:54:38 Compressing file: run26063.mid
2025-03-02 16:58:08 File successfully compressed: run26062.mid.gz
2025-03-02 16:58:38 Compressing file: run26064.mid
2025-03-02 17:02:09 File successfully compressed: run26063.mid.gz
2025-03-02 17:02:39 Compressing file: run26065.mid
2025-03-02 17:06:10 File successfully compressed: run26064.mid.gz
2025-03-02 17:10:10 File successfully compressed: run26065.mid.gz
2025-03-02 17:36:14 Compressing file: run26067.mid
2025-03-02 17:40:15 Compressing file: run26068.mid
2025-03-02 17:43:45 File successfully compressed: run26067.mid.gz
2025-03-02 17:44:15 Compressing file: run26069.mid
2025-03-02 17:47:46 File successfully compressed: run26068.mid.gz
2025-03-02 17:48:16 Compressing file: run26070.mid
2025-03-02 17:51:46 File successfully compressed: run26069.mid.gz
2025-03-02 17:52:16 Compressing file: run26071.mid
2025-03-02 17:55:47 Compressing file: run26072.mid
2025-03-02 17:55:47 File successfully compressed: run26070.mid.gz
2025-03-02 17:59:48 Compressing file: run26073.mid
2025-03-02 17:59:48 File successfully compressed: run26071.mid.gz
2025-03-02 18:03:18 File successfully compressed: run26072.mid.gz
2025-03-02 18:03:48 Compressing file: run26074.mid
2025-03-02 18:07:19 File successfully compressed: run26073.mid.gz
2025-03-02 18:07:49 Compressing file: run26075.mid
2025-03-02 18:11:19 File successfully compressed: run26074.mid.gz
2025-03-02 18:11:49 Compressing file: run26076.mid
2025-03-02 18:15:20 File successfully compressed: run26075.mid.gz
2025-03-02 18:18:50 File successfully compressed: run26076.mid.gz
2025-03-03 15:39:28 Compressing file: run26089.mid
2025-03-03 15:45:29 Compressing file: run26090.mid
2025-03-03 15:45:29 File successfully compressed: run26089.mid.gz
2025-03-03 16:00:31 File successfully compressed: run26090.mid.gz
2025-03-03 16:08:02 Compressing file: run26092.mid
2025-03-03 16:16:03 File successfully compressed: run26092.mid.gz
2025-03-03 16:17:04 Compressing file: run26096.mid
2025-03-03 16:22:34 Compressing file: run26097.mid
2025-03-03 16:31:36 File successfully compressed: run26096.mid.gz
2025-03-03 16:38:07 File successfully compressed: run26097.mid.gz
2025-03-03 16:50:09 Compressing file: run26099.mid
2025-03-03 17:05:11 File successfully compressed: run26099.mid.gz
2025-03-03 17:08:41 Compressing file: run26101.mid
2025-03-03 17:13:42 Compressing file: run26102.mid
2025-03-03 17:24:14 File successfully compressed: run26101.mid.gz
2025-03-03 17:29:14 File successfully compressed: run26102.mid.gz
2025-03-03 17:29:44 Compressing file: run26105.mid
2025-03-03 17:34:15 Compressing file: run26106.mid
2025-03-03 17:45:47 File successfully compressed: run26105.mid.gz
2025-03-03 17:49:48 File successfully compressed: run26106.mid.gz
2025-03-04 16:43:47 Compressing file: run26112.mid
2025-03-04 16:49:48 File successfully compressed: run26112.mid.gz
2025-03-04 16:51:49 Compressing file: run26113.mid
2025-03-04 17:05:51 File successfully compressed: run26113.mid.gz
2025-03-04 17:27:24 Compressing file: run26114.mid
2025-03-04 17:32:55 Compressing file: run26115.mid
2025-03-04 17:38:26 Compressing file: run26116.mid
2025-03-04 17:42:26 File successfully compressed: run26114.mid.gz
2025-03-04 17:44:27 Compressing file: run26117.mid
2025-03-04 17:47:57 File successfully compressed: run26115.mid.gz
2025-03-04 17:50:27 Compressing file: run26118.mid
2025-03-04 17:53:28 File successfully compressed: run26116.mid.gz
2025-03-04 17:55:58 Compressing file: run26119.mid
2025-03-04 17:59:29 File successfully compressed: run26117.mid.gz
2025-03-04 18:01:59 Compressing file: run26120.mid
2025-03-04 18:05:30 File successfully compressed: run26118.mid.gz
2025-03-04 18:07:00 Compressing file: run26121.mid
2025-03-04 18:11:01 File successfully compressed: run26119.mid.gz
2025-03-04 18:12:31 Compressing file: run26122.mid
2025-03-04 18:18:02 File successfully compressed: run26120.mid.gz
2025-03-04 18:18:32 Compressing file: run26123.mid
2025-03-04 18:23:03 File successfully compressed: run26121.mid.gz
2025-03-04 18:27:33 File successfully compressed: run26122.mid.gz
2025-03-04 18:33:04 File successfully compressed: run26123.mid.gz
2025-03-04 18:49:36 Compressing file: run26124.mid
2025-03-04 18:50:07 File successfully compressed: run26124.mid.gz
2025-03-04 18:53:37 Compressing file: run26125.mid
2025-03-04 18:58:08 Compressing file: run26126.mid
2025-03-04 19:09:09 File successfully compressed: run26125.mid.gz
2025-03-04 19:13:40 File successfully compressed: run26126.mid.gz
2025-03-05 09:59:56 Compressing file: run26128.mid
2025-03-05 10:03:27 Compressing file: run26129.mid
2025-03-05 10:03:57 File successfully compressed: run26129.mid.gz
2025-03-05 10:04:27 File successfully compressed: run26128.mid.gz
2025-03-05 10:20:29 Compressing file: run26130.mid
2025-03-05 10:35:32 File successfully compressed: run26130.mid.gz
2025-03-05 10:46:03 Compressing file: run26132.mid
2025-03-05 10:50:34 Compressing file: run26133.mid
2025-03-05 11:01:06 File successfully compressed: run26132.mid.gz
2025-03-05 11:06:06 File successfully compressed: run26133.mid.gz
Killed
[fileCompressor,TALK] Software alarm: Program cygnus_daq is not running
[fileCompressor,TALK] Software alarm: Program cygnus_daq is not running
[fileCompressor,TALK] Software alarm: Program cygnus_daq is not running
[fileCompressor,TALK] Software alarm: Program cygnus_daq is not running
[fileCompressor,TALK] Software alarm: Program cygnus_daq is not running
[fileCompressor,TALK] Software alarm: Program cygnus_daq is not running
[fileCompressor,TALK] Software alarm: Program cygnus_daq is not running
[fileCompressor,TALK] Software alarm: Program cygnus_daq is not running
[fileCompressor,TALK] Software alarm: Program cygnus_daq is not running
[fileCompressor,TALK] Software alarm: Program cygnus_daq is not running
[fileCompressor,TALK] Software alarm: Program cygnus_daq is not running
[fileCompressor,TALK] Software alarm: Program cygnus_daq is not running
[fileCompressor,TALK] Software alarm: Program cygnus_daq is not running
[fileCompressor,TALK] Software alarm: Program cygnus_daq is not running
[fileCompressor,TALK] Software alarm: Program cygnus_daq is not running
[fileCompressor,TALK] Software alarm: Program cygnus_daq is not running
[fileCompressor,TALK] Software alarm: Program cygnus_daq is not running
[fileCompressor,TALK] Software alarm: Program cygnus_daq is not running
[fileCompressor,TALK] Software alarm: Program cygnus_daq is not running
[fileCompressor,TALK] Software alarm: Program cygnus_daq is not running
[fileCompressor,TALK] Software alarm: Program cygnus_daq is not running
[fileCompressor,TALK] Software alarm: Program cygnus_daq is not running
[fileCompressor,TALK] Software alarm: Program cygnus_daq is not running
[fileCompressor,TALK] Software alarm: Program cygnus_daq is not running
[fileCompressor,TALK] Software alarm: Program cygnus_daq is not running
[fileCompressor,TALK] Software alarm: Program cygnus_daq is not running
[fileCompressor,TALK] Software alarm: Program cygnus_daq is not running
[fileCompressor,TALK] Software alarm: Program cygnus_daq is not running
[fileCompressor,TALK] Software alarm: Program cygnus_daq is not running
[fileCompressor,TALK] Software alarm: Program cygnus_daq is not running
[fileCompressor,TALK] Software alarm: Program cygnus_daq is not running
[fileCompressor,TALK] Software alarm: Program cygnus_daq is not running
[fileCompressor,TALK] Software alarm: Program cygnus_daq is not running
[fileCompressor,TALK] Software alarm: Program cygnus_daq is not running
[fileCompressor,TALK] Software alarm: Program cygnus_daq is not running
[fileCompressor,TALK] Software alarm: Program cygnus_daq is not running
[fileCompressor,TALK] Software alarm: Program cygnus_daq is not running
[fileCompressor,TALK] Software alarm: Program cygnus_daq is not running
[fileCompressor,TALK] Software alarm: Program cygnus_daq is not running
[fileCompressor,TALK] Software alarm: Program cygnus_daq is not running
[fileCompressor,TALK] Software alarm: Program cygnus_daq is not running
[fileCompressor,TALK] Software alarm: Program cygnus_daq is not running
[fileCompressor,TALK] Software alarm: Program cygnus_daq is not running
[fileCompressor,TALK] Software alarm: Program cygnus_daq is not running
[fileCompressor,TALK] Software alarm: Program cygnus_daq is not running
[fileCompressor,TALK] Software alarm: Program cygnus_daq is not running
[fileCompressor,TALK] Software alarm: Program cygnus_daq is not running
[fileCompressor,TALK] Software alarm: Program cygnus_daq is not running
[fileCompressor,TALK] Software alarm: Program cygnus_daq is not running
[fileCompressor,TALK] Software alarm: Program cygnus_daq is not running
[fileCompressor,TALK] Software alarm: Program cygnus_daq is not running
[fileCompressor,TALK] Software alarm: Program cygnus_daq is not running
[fileCompressor,TALK] Software alarm: Program cygnus_daq is not running
[fileCompressor,TALK] Software alarm: Program cygnus_daq is not running
[fileCompressor,TALK] Software alarm: Program cygnus_daq is not running
[fileCompressor,TALK] Software alarm: Program cygnus_daq is not running
[fileCompressor,TALK] Software alarm: Program cygnus_daq is not running
[fileCompressor,TALK] Software alarm: Program cygnus_daq is not running
[fileCompressor,TALK] Software alarm: Program cygnus_daq is not running
[fileCompressor,TALK] Software alarm: Program cygnus_daq is not running
[fileCompressor,TALK] Software alarm: Program cygnus_daq is not running
[fileCompressor,TALK] Software alarm: Program cygnus_daq is not running
[fileCompressor,TALK] Software alarm: Program cygnus_daq is not running
[fileCompressor,TALK] Software alarm: Program cygnus_daq is not running
[fileCompressor,TALK] Software alarm: Program cygnus_daq is not running
[fileCompressor,TALK] Software alarm: Program cygnus_daq is not running
[fileCompressor,TALK] Software alarm: Program cygnus_daq is not running
[fileCompressor,TALK] Software alarm: Program cygnus_daq is not running
[fileCompressor,TALK] Software alarm: Program cygnus_daq is not running
[fileCompressor,TALK] Software alarm: Program cygnus_daq is not running
[fileCompressor,TALK] Software alarm: Program cygnus_daq is not running
[fileCompressor,TALK] Software alarm: Program cygnus_daq is not running
[fileCompressor,TALK] Software alarm: Program cygnus_daq is not running
[fileCompressor,TALK] Software alarm: Program cygnus_daq is not running
[fileCompressor,TALK] Software alarm: Program cygnus_daq is not running
[fileCompressor,TALK] Software alarm: Program cygnus_daq is not running
[fileCompressor,TALK] Software alarm: Program cygnus_daq is not running
[fileCompressor,TALK] Software alarm: Program cygnus_daq is not running
[fileCompressor,TALK] Software alarm: Program cygnus_daq is not running
[fileCompressor,TALK] Software alarm: Program cygnus_daq is not running
[fileCompressor,TALK] Software alarm: Program cygnus_daq is not running
[fileCompressor,TALK] Software alarm: Program cygnus_daq is not running
[fileCompressor,TALK] Software alarm: Program cygnus_daq is not running
[fileCompressor,TALK] Software alarm: Program cygnus_daq is not running
[fileCompressor,TALK] Software alarm: Program cygnus_daq is not running
[fileCompressor,TALK] Software alarm: Program cygnus_daq is not running
[fileCompressor,TALK] Software alarm: Program cygnus_daq is not running
[fileCompressor,TALK] Software alarm: Program cygnus_daq is not running
[fileCompressor,TALK] Software alarm: Program cygnus_daq is not running
[fileCompressor,TALK] Software alarm: Program cygnus_daq is not running
[fileCompressor,TALK] Software alarm: Program cygnus_daq is not running
[fileCompressor,TALK] Software alarm: Program cygnus_daq is not running
[fileCompressor,TALK] Software alarm: Program cygnus_daq is not running
[fileCompressor,TALK] Software alarm: Program cygnus_daq is not running
[fileCompressor,TALK] Software alarm: Program cygnus_daq is not running
[fileCompressor,TALK] Software alarm: Program cygnus_daq is not running
[fileCompressor,TALK] Software alarm: Program cygnus_daq is not running
[fileCompressor,TALK] Software alarm: Program cygnus_daq is not running
[fileCompressor,TALK] Software alarm: Program cygnus_daq is not running
[fileCompressor,TALK] Software alarm: Program cygnus_daq is not running
[fileCompressor,TALK] Software alarm: Program cygnus_daq is not running
[fileCompressor,TALK] Software alarm: Program cygnus_daq is not running
[fileCompressor,TALK] Software alarm: Program cygnus_daq is not running
[fileCompressor,TALK] Software alarm: Program cygnus_daq is not running
[fileCompressor,TALK] Software alarm: Program cygnus_daq is not running
[fileCompressor,TALK] Software alarm: Program cygnus_daq is not running
[fileCompressor,TALK] Software alarm: Program cygnus_daq is not running
[fileCompressor,TALK] Software alarm: Program cygnus_daq is not running
[fileCompressor,TALK] Software alarm: Program cygnus_daq is not running
[fileCompressor,TALK] Software alarm: Program cygnus_daq is not running
[fileCompressor,TALK] Software alarm: Program cygnus_daq is not running
[fileCompressor,TALK] Software alarm: Program cygnus_daq is not running
[fileCompressor,TALK] Software alarm: Program cygnus_daq is not running
[fileCompressor,TALK] Software alarm: Program cygnus_daq is not running
[fileCompressor,TALK] Software alarm: Program cygnus_daq is not running
[fileCompressor,TALK] Software alarm: Program cygnus_daq is not running
[fileCompressor,TALK] Software alarm: Program cygnus_daq is not running
[fileCompressor,TALK] Software alarm: Program cygnus_daq is not running
[fileCompressor,TALK] Software alarm: Program cygnus_daq is not running
[fileCompressor,TALK] Software alarm: Program cygnus_daq is not running
[fileCompressor,TALK] Software alarm: Program cygnus_daq is not running
[fileCompressor,TALK] Software alarm: Program cygnus_daq is not running
[fileCompressor,TALK] Software alarm: Program cygnus_daq is not running
[fileCompressor,TALK] Software alarm: Program cygnus_daq is not running
[fileCompressor,TALK] Software alarm: Program cygnus_daq is not running
[fileCompressor,TALK] Software alarm: Program cygnus_daq is not running
[fileCompressor,TALK] Software alarm: Program cygnus_daq is not running
[fileCompressor,TALK] Software alarm: Program cygnus_daq is not running
[fileCompressor,TALK] Software alarm: Program cygnus_daq is not running
[fileCompressor,TALK] Software alarm: Program cygnus_daq is not running
[fileCompressor,TALK] Software alarm: Program cygnus_daq is not running
[fileCompressor,TALK] Software alarm: Program cygnus_daq is not running
[fileCompressor,TALK] Software alarm: Program cygnus_daq is not running
[fileCompressor,TALK] Software alarm: Program cygnus_daq is not running
[fileCompressor,TALK] Software alarm: Program cygnus_daq is not running
[fileCompressor,TALK] Software alarm: Program cygnus_daq is not running
[fileCompressor,TALK] Software alarm: Program cygnus_daq is not running
[fileCompressor,TALK] Software alarm: Program cygnus_daq is not running
[fileCompressor,TALK] Software alarm: Program cygnus_daq is not running
[fileCompressor,TALK] Software alarm: Program cygnus_daq is not running
[fileCompressor,TALK] Software alarm: Program cygnus_daq is not running
[fileCompressor,TALK] Software alarm: Program cygnus_daq is not running
[fileCompressor,TALK] Software alarm: Program cygnus_daq is not running
[fileCompressor,TALK] Software alarm: Program cygnus_daq is not running
[fileCompressor,TALK] Software alarm: Program cygnus_daq is not running
[fileCompressor,TALK] Software alarm: Program cygnus_daq is not running
[fileCompressor,TALK] Software alarm: Program cygnus_daq is not running
[fileCompressor,TALK] Software alarm: Program cygnus_daq is not running
[fileCompressor,TALK] Software alarm: Program cygnus_daq is not running
[fileCompressor,TALK] Software alarm: Program cygnus_daq is not running
[fileCompressor,TALK] Software alarm: Program cygnus_daq is not running
[fileCompressor,TALK] Software alarm: Program cygnus_daq is not running
[fileCompressor,TALK] Software alarm: Program cygnus_daq is not running
[fileCompressor,TALK] Software alarm: Program cygnus_daq is not running
[fileCompressor,TALK] Software alarm: Program cygnus_daq is not running
[fileCompressor,TALK] Software alarm: Program cygnus_daq is not running
[fileCompressor,TALK] Software alarm: Program cygnus_daq is not running
[fileCompressor,TALK] Software alarm: Program cygnus_daq is not running
[fileCompressor,TALK] Software alarm: Program cygnus_daq is not running
[fileCompressor,TALK] Software alarm: Program cygnus_daq is not running
[fileCompressor,TALK] Software alarm: Program cygnus_daq is not running
[fileCompressor,TALK] Software alarm: Program MANGOSC is not running
[fileCompressor,TALK] Software alarm: Program MANGOSC is not running
[fileCompressor,TALK] Software alarm: Program MANGOSC is not running
[fileCompressor,TALK] Software alarm: Program MANGOSC is not running
[fileCompressor,TALK] Software alarm: Program MANGOSC is not running
[fileCompressor,TALK] Software alarm: Program MANGOSC is not running
[fileCompressor,TALK] Software alarm: Program MANGOSC is not running
[fileCompressor,TALK] Software alarm: Program MANGOSC is not running
[fileCompressor,TALK] Software alarm: Program MANGOSC is not running
[fileCompressor,TALK] Software alarm: Program cygnus_daq is not running
[fi