2024-03-15 16:39:39 midas2cloud started
{'ErrorResponse': {'@xmlns': 'https://sts.amazonaws.com/doc/2011-06-15/', 'Error': {'Type': None, 'Code': 'InvalidBucketName', 'Message': 'unexpected error etcdserver: mvcc: database space exceeded from etcd, please check your endpoints [https://etcd3:2379]'}, 'RequestId': '17BCFA502D1387A2'}}
Token:  eyJraWQiOiJjcmExIiwiYWxnIjoiUlMyNTYifQ.eyJzdWIiOiI2YWQ2NGRkNC0zODY2LTQ1OGUtYTFmMi1kODBlZDNjMmI3ODIiLCJpc3MiOiJodHRwczpcL1wvaWFtLmNsb3VkLmluZm4uaXRcLyIsInByZWZlcnJlZF91c2VybmFtZSI6Im1henppdGVsIiwiY2xpZW50X2lkIjoiNGI1M2IzOTEtZTdhMC00MmJiLWJlNWQtYTYxMDljMWFlNGM1Iiwid2xjZy52ZXIiOiIxLjAiLCJhdWQiOiJodHRwczpcL1wvd2xjZy5jZXJuLmNoXC9qd3RcL3YxXC9hbnkiLCJuYmYiOjE3MTA1MTcxODAsInNjb3BlIjoib3BlbmlkIG9mZmxpbmVfYWNjZXNzIHByb2ZpbGUgZW1haWwgd2xjZyB3bGNnLmdyb3VwcyIsIm5hbWUiOiJHaW92YW5uaSBNYXp6aXRlbGxpIiwiZXhwIjoxNzEwNTIwNzgwLCJpYXQiOjE3MTA1MTcxODAsImp0aSI6ImQyMTAxZWU0LTk5MGUtNDQyZC1iY2U0LWQ3MmY2YTNjZDM0NCIsIndsY2cuZ3JvdXBzIjpbIlwvYWRtaW5zIiwiXC9hZG1pbnNcL2N5Z25vIiwiXC9jeWdubyIsIlwvY3lnbm8tdXNlcnMiLCJcL2VuZC11c2Vycy1jYXRjaGFsbCIsIlwvaW5mbi1jbG91ZC1jYXRjaGFsbCIsIlwvdXNlcnMiLCJcL3VzZXJzXC9jYXRjaGFsbCIsIlwvdXNlcnNcL2N5Z25vIiwiXC91c2Vyc1wvbmFhcyIsIlwvdXNlcnNcL3MzIl0sImVtYWlsIjoiR2lvdmFubmkuTWF6eml0ZWxsaUBsbmYuaW5mbi5pdCJ9.KmXNeRvfxCfkn6MD17eseUJDd-KFNWWQ1cMqv5Mj7eLoHPHukFwZ1GwwsqIveOvLsUsucrA4f--wa4SlLWqqR6Is3QVCIpVYcuEP1qyuH4q7PMtyJ6GH96RQi2wliuq0yTAoy1bYtwMICj99Qi_fJPvDPA_RswDxeAOjJ-O2hsrH4ssdQ7rnvryuKNC8GuiaKZqJaiMzxQ0RdUdb8eH66kZSB177YvU-fQHTPHXlz_YwtLPtReeIvDVfmdBnUsFvbtotJA8UFrVJjNk-pkuSvlbpcGhtxjZXo7k6LX8h3JPLOu0LNHZZGP0qvoNdh0FteR8x7dNbUbtfXSfvowXcyg
Traceback (most recent call last):
  File "/home/cygno01/daq/middleware/dev/midas2cloud_v0.1.py", line 266, in <module>
    main()
  File "/home/cygno01/daq/middleware/dev/midas2cloud_v0.1.py", line 134, in main
    session = creds.assumed_session(session, endpoint=endpoint, verify=True)
  File "/home/cygno01/.local/lib/python3.8/site-packages/boto3sts/credentials.py", line 70, in assumed_session
    metadata=refresh(),
  File "/home/cygno01/.local/lib/python3.8/site-packages/boto3sts/credentials.py", line 66, in refresh
    creds = s3_session_credentials(oidc_profile, endpoint=endpoint, verify=verify, audience=audience, duration_s=duration_s)
  File "/home/cygno01/.local/lib/python3.8/site-packages/boto3sts/credentials.py", line 40, in s3_session_credentials
    raise ex
  File "/home/cygno01/.local/lib/python3.8/site-packages/boto3sts/credentials.py", line 35, in s3_session_credentials
    credentials = dict(tree['AssumeRoleWithWebIdentityResponse']
KeyError: 'AssumeRoleWithWebIdentityResponse'
2024-03-15 16:39:47 midas2cloud started
{'ErrorResponse': {'@xmlns': 'https://sts.amazonaws.com/doc/2011-06-15/', 'Error': {'Type': None, 'Code': 'InvalidBucketName', 'Message': 'unexpected error etcdserver: mvcc: database space exceeded from etcd, please check your endpoints [https://etcd1:2379]'}, 'RequestId': '17BCFA51F21E2650'}}
Token:  eyJraWQiOiJjcmExIiwiYWxnIjoiUlMyNTYifQ.eyJzdWIiOiI2YWQ2NGRkNC0zODY2LTQ1OGUtYTFmMi1kODBlZDNjMmI3ODIiLCJpc3MiOiJodHRwczpcL1wvaWFtLmNsb3VkLmluZm4uaXRcLyIsInByZWZlcnJlZF91c2VybmFtZSI6Im1henppdGVsIiwiY2xpZW50X2lkIjoiNGI1M2IzOTEtZTdhMC00MmJiLWJlNWQtYTYxMDljMWFlNGM1Iiwid2xjZy52ZXIiOiIxLjAiLCJhdWQiOiJodHRwczpcL1wvd2xjZy5jZXJuLmNoXC9qd3RcL3YxXC9hbnkiLCJuYmYiOjE3MTA1MTcxODgsInNjb3BlIjoib3BlbmlkIG9mZmxpbmVfYWNjZXNzIHByb2ZpbGUgZW1haWwgd2xjZyB3bGNnLmdyb3VwcyIsIm5hbWUiOiJHaW92YW5uaSBNYXp6aXRlbGxpIiwiZXhwIjoxNzEwNTIwNzg4LCJpYXQiOjE3MTA1MTcxODgsImp0aSI6IjBiZTA3YWFmLTJkMmQtNDc0ZC04ODRlLTI0ODBhZWZkNTdmMSIsIndsY2cuZ3JvdXBzIjpbIlwvYWRtaW5zIiwiXC9hZG1pbnNcL2N5Z25vIiwiXC9jeWdubyIsIlwvY3lnbm8tdXNlcnMiLCJcL2VuZC11c2Vycy1jYXRjaGFsbCIsIlwvaW5mbi1jbG91ZC1jYXRjaGFsbCIsIlwvdXNlcnMiLCJcL3VzZXJzXC9jYXRjaGFsbCIsIlwvdXNlcnNcL2N5Z25vIiwiXC91c2Vyc1wvbmFhcyIsIlwvdXNlcnNcL3MzIl0sImVtYWlsIjoiR2lvdmFubmkuTWF6eml0ZWxsaUBsbmYuaW5mbi5pdCJ9.HrFyfHSSUHNqNAEZr6AdvEK7Fd_buiOeyVfmhrYIZv18h51iF7BX4Pg3AXsL6_A7W_OjFb56h_SGmdic2IwBv5WjOQhdMSVxZzD9qR2mOfb737TFC1qg43JKU1ErQ6OhK5aW7jX_SbE4Txns3lKL72uG4Dm6C4CVaLU7gSiJbp1Leb26fZeNBP1gcb9ZyQJppbsr4WPRAe4JhuYjaNlvihtHx4yqHbvvIj-nUuho8TgRZOKXsZErNTBZHh72HJqxJoRjZnD1bKhYoCMeME_lvmQ9TZrQF9My7irw2jv0qRyK0MiPRtHH3v-D5qRQu_UlrdDQooWRmI4v77e7ae_yCw
Traceback (most recent call last):
  File "/home/cygno01/daq/middleware/dev/midas2cloud_v0.1.py", line 266, in <module>
    main()
  File "/home/cygno01/daq/middleware/dev/midas2cloud_v0.1.py", line 134, in main
    session = creds.assumed_session(session, endpoint=endpoint, verify=True)
  File "/home/cygno01/.local/lib/python3.8/site-packages/boto3sts/credentials.py", line 70, in assumed_session
    metadata=refresh(),
  File "/home/cygno01/.local/lib/python3.8/site-packages/boto3sts/credentials.py", line 66, in refresh
    creds = s3_session_credentials(oidc_profile, endpoint=endpoint, verify=verify, audience=audience, duration_s=duration_s)
  File "/home/cygno01/.local/lib/python3.8/site-packages/boto3sts/credentials.py", line 40, in s3_session_credentials
    raise ex
  File "/home/cygno01/.local/lib/python3.8/site-packages/boto3sts/credentials.py", line 35, in s3_session_credentials
    credentials = dict(tree['AssumeRoleWithWebIdentityResponse']
KeyError: 'AssumeRoleWithWebIdentityResponse'
2024-03-15 16:40:01 midas2cloud started
{'ErrorResponse': {'@xmlns': 'https://sts.amazonaws.com/doc/2011-06-15/', 'Error': {'Type': None, 'Code': 'InvalidBucketName', 'Message': 'unexpected error etcdserver: mvcc: database space exceeded from etcd, please check your endpoints [https://etcd1:2379]'}, 'RequestId': '17BCFA551F88ACC7'}}
Token:  eyJraWQiOiJjcmExIiwiYWxnIjoiUlMyNTYifQ.eyJzdWIiOiI2YWQ2NGRkNC0zODY2LTQ1OGUtYTFmMi1kODBlZDNjMmI3ODIiLCJpc3MiOiJodHRwczpcL1wvaWFtLmNsb3VkLmluZm4uaXRcLyIsInByZWZlcnJlZF91c2VybmFtZSI6Im1henppdGVsIiwiY2xpZW50X2lkIjoiNGI1M2IzOTEtZTdhMC00MmJiLWJlNWQtYTYxMDljMWFlNGM1Iiwid2xjZy52ZXIiOiIxLjAiLCJhdWQiOiJodHRwczpcL1wvd2xjZy5jZXJuLmNoXC9qd3RcL3YxXC9hbnkiLCJuYmYiOjE3MTA1MTcyMDEsInNjb3BlIjoib3BlbmlkIG9mZmxpbmVfYWNjZXNzIHByb2ZpbGUgZW1haWwgd2xjZyB3bGNnLmdyb3VwcyIsIm5hbWUiOiJHaW92YW5uaSBNYXp6aXRlbGxpIiwiZXhwIjoxNzEwNTIwODAxLCJpYXQiOjE3MTA1MTcyMDEsImp0aSI6IjYwM2YzMmYxLTEwY2YtNDkwOS1hYTExLWE4NWJhMWQ1YjQ1YiIsIndsY2cuZ3JvdXBzIjpbIlwvYWRtaW5zIiwiXC9hZG1pbnNcL2N5Z25vIiwiXC9jeWdubyIsIlwvY3lnbm8tdXNlcnMiLCJcL2VuZC11c2Vycy1jYXRjaGFsbCIsIlwvaW5mbi1jbG91ZC1jYXRjaGFsbCIsIlwvdXNlcnMiLCJcL3VzZXJzXC9jYXRjaGFsbCIsIlwvdXNlcnNcL2N5Z25vIiwiXC91c2Vyc1wvbmFhcyIsIlwvdXNlcnNcL3MzIl0sImVtYWlsIjoiR2lvdmFubmkuTWF6eml0ZWxsaUBsbmYuaW5mbi5pdCJ9.fQIA_iSxviav5AHC-JTmtJ-abDt9NZEUmUbumQJsLzl_qulWGaK1pwD6LORvx4D92UbZ30mn1eK0peGUSPqtg2LGPUNZemxrHAZlpc3jyiIbDp936N0NUSez5Rei11SRFTpqIdhtNxSqciayyU6h9oBikpiyYKRdzf-u2beov8cSx0CnrdkgKR5vLzkR2ac9F7Ao2Sy2QP5NgBu0lAKRSEeLjv0aP_dZFBtpquXKJuk7E-mOWBLX4wBX2GJfz57ZS1XwhtAKhdXyT8K6gw-cJVW0WES4YaSc0ukM-FsgmrTnDaoPG1bjXe8jpujYhwddWOlOlt5vIicYDAEtw_uYTA
Traceback (most recent call last):
  File "/home/cygno01/daq/middleware/dev/midas2cloud_v0.1.py", line 266, in <module>
    main()
  File "/home/cygno01/daq/middleware/dev/midas2cloud_v0.1.py", line 134, in main
    session = creds.assumed_session(session, endpoint=endpoint, verify=True)
  File "/home/cygno01/.local/lib/python3.8/site-packages/boto3sts/credentials.py", line 70, in assumed_session
    metadata=refresh(),
  File "/home/cygno01/.local/lib/python3.8/site-packages/boto3sts/credentials.py", line 66, in refresh
    creds = s3_session_credentials(oidc_profile, endpoint=endpoint, verify=verify, audience=audience, duration_s=duration_s)
  File "/home/cygno01/.local/lib/python3.8/site-packages/boto3sts/credentials.py", line 40, in s3_session_credentials
    raise ex
  File "/home/cygno01/.local/lib/python3.8/site-packages/boto3sts/credentials.py", line 35, in s3_session_credentials
    credentials = dict(tree['AssumeRoleWithWebIdentityResponse']
KeyError: 'AssumeRoleWithWebIdentityResponse'
2024-03-15 16:40:31 midas2cloud started
{'ErrorResponse': {'@xmlns': 'https://sts.amazonaws.com/doc/2011-06-15/', 'Error': {'Type': None, 'Code': 'InvalidBucketName', 'Message': 'unexpected error etcdserver: mvcc: database space exceeded from etcd, please check your endpoints [https://etcd1:2379]'}, 'RequestId': '17BCFA5C3CE77524'}}
Token:  eyJraWQiOiJjcmExIiwiYWxnIjoiUlMyNTYifQ.eyJzdWIiOiI2YWQ2NGRkNC0zODY2LTQ1OGUtYTFmMi1kODBlZDNjMmI3ODIiLCJpc3MiOiJodHRwczpcL1wvaWFtLmNsb3VkLmluZm4uaXRcLyIsInByZWZlcnJlZF91c2VybmFtZSI6Im1henppdGVsIiwiY2xpZW50X2lkIjoiNGI1M2IzOTEtZTdhMC00MmJiLWJlNWQtYTYxMDljMWFlNGM1Iiwid2xjZy52ZXIiOiIxLjAiLCJhdWQiOiJodHRwczpcL1wvd2xjZy5jZXJuLmNoXC9qd3RcL3YxXC9hbnkiLCJuYmYiOjE3MTA1MTcyMzIsInNjb3BlIjoib3BlbmlkIG9mZmxpbmVfYWNjZXNzIHByb2ZpbGUgZW1haWwgd2xjZyB3bGNnLmdyb3VwcyIsIm5hbWUiOiJHaW92YW5uaSBNYXp6aXRlbGxpIiwiZXhwIjoxNzEwNTIwODMyLCJpYXQiOjE3MTA1MTcyMzIsImp0aSI6IjMzNGE5NzhlLTVlZDEtNGEwMy05ODZjLTBjNjlkZTdmNDkyZSIsIndsY2cuZ3JvdXBzIjpbIlwvYWRtaW5zIiwiXC9hZG1pbnNcL2N5Z25vIiwiXC9jeWdubyIsIlwvY3lnbm8tdXNlcnMiLCJcL2VuZC11c2Vycy1jYXRjaGFsbCIsIlwvaW5mbi1jbG91ZC1jYXRjaGFsbCIsIlwvdXNlcnMiLCJcL3VzZXJzXC9jYXRjaGFsbCIsIlwvdXNlcnNcL2N5Z25vIiwiXC91c2Vyc1wvbmFhcyIsIlwvdXNlcnNcL3MzIl0sImVtYWlsIjoiR2lvdmFubmkuTWF6eml0ZWxsaUBsbmYuaW5mbi5pdCJ9.PNqWRK0IpH-ICtbe8ToUtA7RSUBzNfpgLUMdHc7brmTA5exQylvho7PwZ8qXndbUO1CTi1hKzIkFL0iWPePxYYjdj-92RkJSH4IMtJTfQ4T09byxy7p3Y897QquRDxQNs2kimgVo1XuXO8DM4x_CuGVLIUET09ARwnJCWobjs6xLSVGOVMcghz1HJ1gRQzHATIysAlgxTyymbVYb_vuZgNdhjI-60As2lDuSjVZx9XFtaKH3pSNFKeAn9YbgFmWpM8Y00hR-SFxSgmINzrvCFyNEq7QAjgRAIl49sOmA3CRKxyWKw8QuFRoOmDUshEiptbVfYEt9yfXQJMTFATfXuA
Traceback (most recent call last):
  File "/home/cygno01/daq/middleware/dev/midas2cloud_v0.1.py", line 266, in <module>
    main()
  File "/home/cygno01/daq/middleware/dev/midas2cloud_v0.1.py", line 134, in main
    session = creds.assumed_session(session, endpoint=endpoint, verify=True)
  File "/home/cygno01/.local/lib/python3.8/site-packages/boto3sts/credentials.py", line 70, in assumed_session
    metadata=refresh(),
  File "/home/cygno01/.local/lib/python3.8/site-packages/boto3sts/credentials.py", line 66, in refresh
    creds = s3_session_credentials(oidc_profile, endpoint=endpoint, verify=verify, audience=audience, duration_s=duration_s)
  File "/home/cygno01/.local/lib/python3.8/site-packages/boto3sts/credentials.py", line 40, in s3_session_credentials
    raise ex
  File "/home/cygno01/.local/lib/python3.8/site-packages/boto3sts/credentials.py", line 35, in s3_session_credentials
    credentials = dict(tree['AssumeRoleWithWebIdentityResponse']
KeyError: 'AssumeRoleWithWebIdentityResponse'
2024-03-15 16:51:55 midas2cloud started
{'ErrorResponse': {'@xmlns': 'https://sts.amazonaws.com/doc/2011-06-15/', 'Error': {'Type': None, 'Code': 'InvalidBucketName', 'Message': 'unexpected error etcdserver: mvcc: database space exceeded from etcd, please check your endpoints [https://etcd1:2379]'}, 'RequestId': '17BCFAFB7DA8DE2B'}}
Token:  eyJraWQiOiJjcmExIiwiYWxnIjoiUlMyNTYifQ.eyJzdWIiOiI2YWQ2NGRkNC0zODY2LTQ1OGUtYTFmMi1kODBlZDNjMmI3ODIiLCJpc3MiOiJodHRwczpcL1wvaWFtLmNsb3VkLmluZm4uaXRcLyIsInByZWZlcnJlZF91c2VybmFtZSI6Im1henppdGVsIiwiY2xpZW50X2lkIjoiNGI1M2IzOTEtZTdhMC00MmJiLWJlNWQtYTYxMDljMWFlNGM1Iiwid2xjZy52ZXIiOiIxLjAiLCJhdWQiOiJodHRwczpcL1wvd2xjZy5jZXJuLmNoXC9qd3RcL3YxXC9hbnkiLCJuYmYiOjE3MTA1MTc5MTYsInNjb3BlIjoib3BlbmlkIG9mZmxpbmVfYWNjZXNzIHByb2ZpbGUgZW1haWwgd2xjZyB3bGNnLmdyb3VwcyIsIm5hbWUiOiJHaW92YW5uaSBNYXp6aXRlbGxpIiwiZXhwIjoxNzEwNTIxNTE2LCJpYXQiOjE3MTA1MTc5MTYsImp0aSI6IjliNzk1NTVjLWU0ZjgtNDI4YS04YTZkLTIwZmRhMmJjYmU1MiIsIndsY2cuZ3JvdXBzIjpbIlwvYWRtaW5zIiwiXC9hZG1pbnNcL2N5Z25vIiwiXC9jeWdubyIsIlwvY3lnbm8tdXNlcnMiLCJcL2VuZC11c2Vycy1jYXRjaGFsbCIsIlwvaW5mbi1jbG91ZC1jYXRjaGFsbCIsIlwvdXNlcnMiLCJcL3VzZXJzXC9jYXRjaGFsbCIsIlwvdXNlcnNcL2N5Z25vIiwiXC91c2Vyc1wvbmFhcyIsIlwvdXNlcnNcL3MzIl0sImVtYWlsIjoiR2lvdmFubmkuTWF6eml0ZWxsaUBsbmYuaW5mbi5pdCJ9.MJ8d2dYOu2M40H8HR_EwTjdSz7cm7f4bszOietVh7F5nrbLGTDBfUrPvcBBbEKA2n-r-4Kf4veSMSp5BwCpjoFlqFRAaTBBbzdkJmGiMVdBK2phka3-DAkgFDcdf7tj9RPpHNdC8g1o5BnNI4mBB6Qe0PTsl3RDMTDtUfODDATv0NVUy2yatOeT-7v24SDbUsGCcOSv2D4jH1tgK5yPZqcLAJzpSgAkzlXzcvcck-6VeSV4aqGk3ERRfi_GJxKoY9cOJrQoKsvWiuRWeGLIPkKt5HtbqsGom4zt258OTjtII14voqiwWWWpW6m3xdrK957LA9JBm8zIv90igzkxwfw
Traceback (most recent call last):
  File "/home/cygno01/daq/middleware/dev/midas2cloud_v0.1.py", line 266, in <module>
    main()
  File "/home/cygno01/daq/middleware/dev/midas2cloud_v0.1.py", line 134, in main
    session = creds.assumed_session(session, endpoint=endpoint, verify=True)
  File "/home/cygno01/.local/lib/python3.8/site-packages/boto3sts/credentials.py", line 70, in assumed_session
    metadata=refresh(),
  File "/home/cygno01/.local/lib/python3.8/site-packages/boto3sts/credentials.py", line 66, in refresh
    creds = s3_session_credentials(oidc_profile, endpoint=endpoint, verify=verify, audience=audience, duration_s=duration_s)
  File "/home/cygno01/.local/lib/python3.8/site-packages/boto3sts/credentials.py", line 40, in s3_session_credentials
    raise ex
  File "/home/cygno01/.local/lib/python3.8/site-packages/boto3sts/credentials.py", line 35, in s3_session_credentials
    credentials = dict(tree['AssumeRoleWithWebIdentityResponse']
KeyError: 'AssumeRoleWithWebIdentityResponse'
Killed
2024-03-16 20:14:11 midas2cloud started
2024-03-16 20:14:18 Udatentig matadata for filer file: run14665.mid.gz
2024-03-16 20:14:38 Transferring file: run14665.mid.gz
2024-03-16 20:14:38 Uploading file: run14665.mid.gz
2024-03-16 20:14:38 Upload done: run14665.mid.gz
2024-03-16 20:15:59 Udatentig matadata for filer file: run14666.mid.gz
2024-03-16 20:16:23 Transferring file: run14666.mid.gz
2024-03-16 20:16:23 Uploading file: run14666.mid.gz
2024-03-16 20:16:23 Upload done: run14666.mid.gz
2024-03-16 20:17:41 Udatentig matadata for filer file: run14667.mid.gz
2024-03-16 20:18:05 Transferring file: run14667.mid.gz
2024-03-16 20:18:05 Uploading file: run14667.mid.gz
2024-03-16 20:18:05 Upload done: run14667.mid.gz
2024-03-16 20:19:24 Udatentig matadata for filer file: run14668.mid.gz
2024-03-16 20:19:48 Transferring file: run14668.mid.gz
2024-03-16 20:19:48 Uploading file: run14668.mid.gz
2024-03-16 20:19:48 Upload done: run14668.mid.gz
2024-03-17 12:40:35 Udatentig matadata for filer file: run14677.mid.gz
2024-03-17 12:43:26 Transferring file: run14677.mid.gz
2024-03-17 12:43:26 Uploading file: run14677.mid.gz
2024-03-17 12:43:26 Upload done: run14677.mid.gz
2024-03-17 12:47:46 Udatentig matadata for filer file: run14678.mid.gz
2024-03-17 12:50:29 Transferring file: run14678.mid.gz
2024-03-17 12:50:29 Uploading file: run14678.mid.gz
2024-03-17 12:50:29 Upload done: run14678.mid.gz
2024-03-17 12:55:06 Udatentig matadata for filer file: run14679.mid.gz
2024-03-17 12:57:45 Transferring file: run14679.mid.gz
2024-03-17 12:57:45 Uploading file: run14679.mid.gz
2024-03-17 12:57:45 Upload done: run14679.mid.gz
2024-03-17 13:00:01 Udatentig matadata for filer file: run14680.mid.gz
2024-03-17 13:02:30 Transferring file: run14680.mid.gz
2024-03-17 13:02:30 Uploading file: run14680.mid.gz
2024-03-17 13:02:30 Upload done: run14680.mid.gz
2024-03-17 13:04:12 Udatentig matadata for filer file: run14681.mid.gz
2024-03-17 13:06:44 Transferring file: run14681.mid.gz
2024-03-17 13:06:44 Uploading file: run14681.mid.gz
2024-03-17 13:06:44 Upload done: run14681.mid.gz
2024-03-17 13:15:30 Udatentig matadata for filer file: run14682.mid.gz
2024-03-17 13:17:54 Transferring file: run14682.mid.gz
2024-03-17 13:17:54 Uploading file: run14682.mid.gz
2024-03-17 13:17:54 Upload done: run14682.mid.gz
2024-03-17 13:23:06 Udatentig matadata for filer file: run14683.mid.gz
2024-03-17 13:25:49 Transferring file: run14683.mid.gz
2024-03-17 13:25:49 Uploading file: run14683.mid.gz
2024-03-17 13:25:49 Upload done: run14683.mid.gz
2024-03-17 13:29:04 Udatentig matadata for filer file: run14684.mid.gz
2024-03-17 13:31:48 Transferring file: run14684.mid.gz
2024-03-17 13:31:48 Uploading file: run14684.mid.gz
2024-03-17 13:31:48 Upload done: run14684.mid.gz
2024-03-17 13:45:25 Udatentig matadata for filer file: run14685.mid.gz
2024-03-17 13:48:41 Transferring file: run14685.mid.gz
2024-03-17 13:48:41 Uploading file: run14685.mid.gz
2024-03-17 13:48:41 Upload done: run14685.mid.gz
2024-03-17 13:52:34 Udatentig matadata for filer file: run14686.mid.gz
2024-03-17 13:55:46 Transferring file: run14686.mid.gz
2024-03-17 13:55:46 Uploading file: run14686.mid.gz
2024-03-17 13:55:46 Upload done: run14686.mid.gz
2024-03-17 14:07:34 Udatentig matadata for filer file: run14687.mid.gz
2024-03-17 14:11:30 Transferring file: run14687.mid.gz
2024-03-17 14:11:30 Uploading file: run14687.mid.gz
2024-03-17 14:11:30 Upload done: run14687.mid.gz
2024-03-17 14:15:28 Udatentig matadata for filer file: run14688.mid.gz
2024-03-17 14:19:10 Transferring file: run14688.mid.gz
2024-03-17 14:19:10 Uploading file: run14688.mid.gz
2024-03-17 14:19:10 Upload done: run14688.mid.gz
2024-03-17 14:20:59 Udatentig matadata for filer file: run14689.mid.gz
2024-03-17 14:25:02 Transferring file: run14689.mid.gz
2024-03-17 14:25:02 Uploading file: run14689.mid.gz
2024-03-17 14:25:02 Upload done: run14689.mid.gz
2024-03-17 14:27:15 Udatentig matadata for filer file: run14690.mid.gz
2024-03-17 14:31:08 Transferring file: run14690.mid.gz
2024-03-17 14:31:08 Uploading file: run14690.mid.gz
2024-03-17 14:31:08 Upload done: run14690.mid.gz
2024-03-17 14:36:05 Udatentig matadata for filer file: run14691.mid.gz
2024-03-17 14:39:45 Transferring file: run14691.mid.gz
2024-03-17 14:39:45 Uploading file: run14691.mid.gz
2024-03-17 14:39:45 Upload done: run14691.mid.gz
2024-03-17 14:42:25 Udatentig matadata for filer file: run14692.mid.gz
2024-03-17 14:46:22 Transferring file: run14692.mid.gz
2024-03-17 14:46:22 Uploading file: run14692.mid.gz
2024-03-17 14:46:22 Upload done: run14692.mid.gz
2024-03-17 14:48:07 Udatentig matadata for filer file: run14693.mid.gz
2024-03-17 14:51:52 Transferring file: run14693.mid.gz
2024-03-17 14:51:52 Uploading file: run14693.mid.gz
2024-03-17 14:51:52 Upload done: run14693.mid.gz
2024-03-17 14:56:49 Udatentig matadata for filer file: run14694.mid.gz
2024-03-17 15:01:04 Transferring file: run14694.mid.gz
2024-03-17 15:01:04 Uploading file: run14694.mid.gz
2024-03-17 15:01:04 Upload done: run14694.mid.gz
2024-03-17 15:06:32 Udatentig matadata for filer file: run14695.mid.gz
2024-03-17 15:10:26 Transferring file: run14695.mid.gz
2024-03-17 15:10:26 Uploading file: run14695.mid.gz
2024-03-17 15:10:26 Upload done: run14695.mid.gz
2024-03-17 15:12:12 Udatentig matadata for filer file: run14696.mid.gz
2024-03-17 15:16:12 Transferring file: run14696.mid.gz
2024-03-17 15:16:12 Uploading file: run14696.mid.gz
2024-03-17 15:16:12 Upload done: run14696.mid.gz
2024-03-17 15:20:06 Udatentig matadata for filer file: run14697.mid.gz
2024-03-17 15:23:49 Transferring file: run14697.mid.gz
2024-03-17 15:23:49 Uploading file: run14697.mid.gz
2024-03-17 15:23:49 Upload done: run14697.mid.gz
2024-03-17 15:28:39 Udatentig matadata for filer file: run14698.mid.gz
2024-03-17 15:32:56 Transferring file: run14698.mid.gz
2024-03-17 15:32:56 Uploading file: run14698.mid.gz
2024-03-17 15:32:56 Upload done: run14698.mid.gz
2024-03-17 15:35:07 Udatentig matadata for filer file: run14699.mid.gz
2024-03-17 15:38:42 Transferring file: run14699.mid.gz
2024-03-17 15:38:42 Uploading file: run14699.mid.gz
2024-03-17 15:38:42 Upload done: run14699.mid.gz
2024-03-17 15:40:20 Udatentig matadata for filer file: run14700.mid.gz
2024-03-17 15:44:01 Transferring file: run14700.mid.gz
2024-03-17 15:44:01 Uploading file: run14700.mid.gz
2024-03-17 15:44:01 Upload done: run14700.mid.gz
2024-03-17 15:46:54 Udatentig matadata for filer file: run14701.mid.gz
2024-03-17 15:50:58 Transferring file: run14701.mid.gz
2024-03-17 15:50:58 Uploading file: run14701.mid.gz
2024-03-17 15:50:58 Upload done: run14701.mid.gz
2024-03-17 15:53:35 Udatentig matadata for filer file: run14702.mid.gz
2024-03-17 15:57:24 Transferring file: run14702.mid.gz
2024-03-17 15:57:24 Uploading file: run14702.mid.gz
2024-03-17 15:57:24 Upload done: run14702.mid.gz
2024-03-17 16:00:27 Udatentig matadata for filer file: run14703.mid.gz
2024-03-17 16:04:00 Transferring file: run14703.mid.gz
2024-03-17 16:04:00 Uploading file: run14703.mid.gz
2024-03-17 16:04:00 Upload done: run14703.mid.gz
2024-03-17 16:05:39 Udatentig matadata for filer file: run14704.mid.gz
2024-03-17 16:08:48 Transferring file: run14704.mid.gz
2024-03-17 16:08:48 Uploading file: run14704.mid.gz
2024-03-17 16:08:48 Upload done: run14704.mid.gz
2024-03-17 16:15:22 Udatentig matadata for filer file: run14705.mid.gz
2024-03-17 16:18:08 Transferring file: run14705.mid.gz
2024-03-17 16:18:08 Uploading file: run14705.mid.gz
2024-03-17 16:18:08 Upload done: run14705.mid.gz
2024-03-17 16:19:47 Udatentig matadata for filer file: run14706.mid.gz
2024-03-17 16:22:12 Transferring file: run14706.mid.gz
2024-03-17 16:22:12 Uploading file: run14706.mid.gz
2024-03-17 16:22:12 Upload done: run14706.mid.gz
2024-03-17 16:24:17 Udatentig matadata for filer file: run14707.mid.gz
2024-03-17 16:26:04 Transferring file: run14707.mid.gz
2024-03-17 16:26:04 Uploading file: run14707.mid.gz
2024-03-17 16:26:04 Upload done: run14707.mid.gz
2024-03-17 16:31:26 Udatentig matadata for filer file: run14708.mid.gz
2024-03-17 16:31:43 Transferring file: run14708.mid.gz
2024-03-17 16:31:43 Uploading file: run14708.mid.gz
2024-03-17 16:31:43 Upload done: run14708.mid.gz
2024-03-18 09:54:12 Udatentig matadata for filer file: run14712.mid.gz
2024-03-18 09:54:31 Transferring file: run14712.mid.gz
2024-03-18 09:54:31 Uploading file: run14712.mid.gz
2024-03-18 09:54:31 Upload done: run14712.mid.gz
2024-03-18 09:56:41 Udatentig matadata for filer file: run14713.mid.gz
2024-03-18 09:56:42 Transferring file: run14713.mid.gz
2024-03-18 09:56:42 Uploading file: run14713.mid.gz
2024-03-18 09:56:42 Upload done: run14713.mid.gz
2024-03-18 10:35:33 Udatentig matadata for filer file: run14715.mid.gz
2024-03-18 10:35:33 Transferring file: run14715.mid.gz
2024-03-18 10:35:33 Uploading file: run14715.mid.gz
2024-03-18 10:35:33 Upload done: run14715.mid.gz
2024-03-18 10:52:18 Udatentig matadata for filer file: run14716.mid.gz
2024-03-18 10:56:00 Transferring file: run14716.mid.gz
2024-03-18 10:56:00 Uploading file: run14716.mid.gz
2024-03-18 10:56:00 Upload done: run14716.mid.gz
2024-03-18 11:02:20 Udatentig matadata for filer file: run14717.mid.gz
2024-03-18 11:06:16 Transferring file: run14717.mid.gz
2024-03-18 11:06:16 Uploading file: run14717.mid.gz
2024-03-18 11:06:16 Upload done: run14717.mid.gz
2024-03-18 11:10:09 Udatentig matadata for filer file: run14718.mid.gz
2024-03-18 11:13:37 Transferring file: run14718.mid.gz
2024-03-18 11:13:37 Uploading file: run14718.mid.gz
2024-03-18 11:13:37 Upload done: run14718.mid.gz
2024-03-18 11:16:04 Udatentig matadata for filer file: run14719.mid.gz
2024-03-18 11:19:38 Transferring file: run14719.mid.gz
2024-03-18 11:19:38 Uploading file: run14719.mid.gz
2024-03-18 11:19:38 Upload done: run14719.mid.gz
2024-03-18 11:21:24 Udatentig matadata for filer file: run14720.mid.gz
2024-03-18 11:24:23 Transferring file: run14720.mid.gz
2024-03-18 11:24:23 Uploading file: run14720.mid.gz
2024-03-18 11:24:23 Upload done: run14720.mid.gz
2024-03-18 11:26:02 Udatentig matadata for filer file: run14721.mid.gz
2024-03-18 11:29:09 Transferring file: run14721.mid.gz
2024-03-18 11:29:09 Uploading file: run14721.mid.gz
2024-03-18 11:29:09 Upload done: run14721.mid.gz
2024-03-18 11:39:12 Udatentig matadata for filer file: run14722.mid.gz
2024-03-18 11:42:25 Transferring file: run14722.mid.gz
2024-03-18 11:42:25 Uploading file: run14722.mid.gz
2024-03-18 11:42:25 Upload done: run14722.mid.gz
2024-03-18 11:45:44 Udatentig matadata for filer file: run14723.mid.gz
2024-03-18 11:49:22 Transferring file: run14723.mid.gz
2024-03-18 11:49:22 Uploading file: run14723.mid.gz
2024-03-18 11:49:22 Upload done: run14723.mid.gz
Midas shutdown
[midas2cloud,TALK] software alarm: Program cygnus_daq is not running
[midas2cloud,TALK] software alarm: Program cygnus_daq is not running
[midas2cloud,TALK] software alarm: Program cygnus_daq is not running
[midas2cloud,TALK] software alarm: Program cygnus_daq is not running
[midas2cloud,TALK] software alarm: Program cygnus_daq is not running
[midas2cloud,TALK] software alarm: Program cygnus_daq is not running
[midas2cloud,TALK] software alarm: Program cygnus_daq is not running
2024-03-18 18:21:17 midas2cloud started
2024-03-18 18:21:24 Udatentig matadata for filer file: run14760.mid.gz
2024-03-18 18:21:59 Transferring file: run14760.mid.gz
2024-03-18 18:21:59 Uploading file: run14760.mid.gz
2024-03-18 18:21:59 Upload done: run14760.mid.gz
2024-03-18 18:23:26 Udatentig matadata for filer file: run14761.mid.gz
2024-03-18 18:23:58 Transferring file: run14761.mid.gz
2024-03-18 18:23:58 Uploading file: run14761.mid.gz
2024-03-18 18:23:58 Upload done: run14761.mid.gz
2024-03-18 18:25:26 Udatentig matadata for filer file: run14762.mid.gz
2024-03-18 18:25:54 Transferring file: run14762.mid.gz
2024-03-18 18:25:54 Uploading file: run14762.mid.gz
2024-03-18 18:25:54 Upload done: run14762.mid.gz
2024-03-18 18:44:52 Udatentig matadata for filer file: run14815.mid.gz
2024-03-18 18:44:52 Transferring file: run14815.mid.gz
2024-03-18 18:44:52 Uploading file: run14815.mid.gz
2024-03-18 18:44:52 Upload done: run14815.mid.gz
2024-03-18 19:00:43 Udatentig matadata for filer file: run14818.mid.gz
2024-03-18 19:00:54 Transferring file: run14818.mid.gz
2024-03-18 19:00:54 Uploading file: run14818.mid.gz
2024-03-18 19:00:54 Upload done: run14818.mid.gz
2024-03-18 19:06:09 Udatentig matadata for filer file: run14819.mid.gz
2024-03-18 19:06:31 Transferring file: run14819.mid.gz
2024-03-18 19:06:31 Uploading file: run14819.mid.gz
2024-03-18 19:06:31 Upload done: run14819.mid.gz
2024-03-18 19:09:32 Udatentig matadata for filer file: run14820.mid.gz
2024-03-18 19:09:51 Transferring file: run14820.mid.gz
2024-03-18 19:09:51 Uploading file: run14820.mid.gz
2024-03-18 19:09:51 Upload done: run14820.mid.gz
2024-03-18 19:12:51 Udatentig matadata for filer file: run14821.mid.gz
2024-03-18 19:13:26 Transferring file: run14821.mid.gz
2024-03-18 19:13:26 Uploading file: run14821.mid.gz
2024-03-18 19:13:26 Upload done: run14821.mid.gz
2024-03-18 19:16:25 Udatentig matadata for filer file: run14822.mid.gz
2024-03-18 19:17:09 Transferring file: run14822.mid.gz
2024-03-18 19:17:09 Uploading file: run14822.mid.gz
2024-03-18 19:17:09 Upload done: run14822.mid.gz
2024-03-18 19:19:38 Udatentig matadata for filer file: run14823.mid.gz
2024-03-18 19:20:37 Transferring file: run14823.mid.gz
2024-03-18 19:20:37 Uploading file: run14823.mid.gz
2024-03-18 19:20:37 Upload done: run14823.mid.gz
2024-03-18 19:22:09 Udatentig matadata for filer file: run14824.mid.gz
2024-03-18 19:23:16 Transferring file: run14824.mid.gz
2024-03-18 19:23:16 Uploading file: run14824.mid.gz
2024-03-18 19:23:16 Upload done: run14824.mid.gz
2024-03-18 19:25:17 Udatentig matadata for filer file: run14825.mid.gz
2024-03-18 19:26:07 Transferring file: run14825.mid.gz
2024-03-18 19:26:07 Uploading file: run14825.mid.gz
2024-03-18 19:26:07 Upload done: run14825.mid.gz
2024-03-18 19:27:37 Udatentig matadata for filer file: run14826.mid.gz
2024-03-18 19:28:24 Transferring file: run14826.mid.gz
2024-03-18 19:28:24 Uploading file: run14826.mid.gz
2024-03-18 19:28:24 Upload done: run14826.mid.gz
2024-03-18 19:29:55 Udatentig matadata for filer file: run14827.mid.gz
2024-03-18 19:30:19 Transferring file: run14827.mid.gz
2024-03-18 19:30:19 Uploading file: run14827.mid.gz
2024-03-18 19:30:19 Upload done: run14827.mid.gz
2024-03-18 19:31:50 Udatentig matadata for filer file: run14828.mid.gz
2024-03-18 19:32:06 Transferring file: run14828.mid.gz
2024-03-18 19:32:06 Uploading file: run14828.mid.gz
2024-03-18 19:32:06 Upload done: run14828.mid.gz
2024-03-19 09:38:15 Udatentig matadata for filer file: run14829.mid.gz
2024-03-19 09:38:16 Transferring file: run14829.mid.gz
2024-03-19 09:38:16 Uploading file: run14829.mid.gz
2024-03-19 09:38:16 Upload done: run14829.mid.gz
2024-03-19 09:45:59 Udatentig matadata for filer file: run14830.mid.gz
2024-03-19 09:46:42 Transferring file: run14830.mid.gz
2024-03-19 09:46:42 Uploading file: run14830.mid.gz
2024-03-19 09:46:42 Upload done: run14830.mid.gz
2024-03-19 09:50:58 Udatentig matadata for filer file: run14831.mid.gz
2024-03-19 09:52:18 Transferring file: run14831.mid.gz
2024-03-19 09:52:18 Uploading file: run14831.mid.gz
2024-03-19 09:52:18 Upload done: run14831.mid.gz
2024-03-19 09:54:28 Udatentig matadata for filer file: run14832.mid.gz
2024-03-19 09:56:01 Transferring file: run14832.mid.gz
2024-03-19 09:56:01 Uploading file: run14832.mid.gz
2024-03-19 09:56:01 Upload done: run14832.mid.gz
2024-03-19 09:58:32 Udatentig matadata for filer file: run14833.mid.gz
2024-03-19 09:59:44 Transferring file: run14833.mid.gz
2024-03-19 09:59:44 Uploading file: run14833.mid.gz
2024-03-19 09:59:44 Upload done: run14833.mid.gz
2024-03-19 10:04:16 Udatentig matadata for filer file: run14834.mid.gz
2024-03-19 10:05:03 Transferring file: run14834.mid.gz
2024-03-19 10:05:03 Uploading file: run14834.mid.gz
2024-03-19 10:05:03 Upload done: run14834.mid.gz
2024-03-19 10:06:35 Udatentig matadata for filer file: run14835.mid.gz
2024-03-19 10:07:18 Transferring file: run14835.mid.gz
2024-03-19 10:07:18 Uploading file: run14835.mid.gz
2024-03-19 10:07:18 Upload done: run14835.mid.gz
2024-03-19 10:08:51 Udatentig matadata for filer file: run14836.mid.gz
2024-03-19 10:09:13 Transferring file: run14836.mid.gz
2024-03-19 10:09:13 Uploading file: run14836.mid.gz
2024-03-19 10:09:13 Upload done: run14836.mid.gz
2024-03-19 10:10:35 Udatentig matadata for filer file: run14837.mid.gz
2024-03-19 10:10:55 Transferring file: run14837.mid.gz
2024-03-19 10:10:55 Uploading file: run14837.mid.gz
2024-03-19 10:10:55 Upload done: run14837.mid.gz
2024-03-19 10:21:54 Udatentig matadata for filer file: run14838.mid.gz
2024-03-19 10:23:53 Transferring file: run14838.mid.gz
2024-03-19 10:23:53 Uploading file: run14838.mid.gz
2024-03-19 10:23:53 Upload done: run14838.mid.gz
2024-03-19 10:30:30 Udatentig matadata for filer file: run14839.mid.gz
2024-03-19 10:33:40 Transferring file: run14839.mid.gz
2024-03-19 10:33:40 Uploading file: run14839.mid.gz
2024-03-19 10:33:40 Upload done: run14839.mid.gz
2024-03-19 10:38:59 Udatentig matadata for filer file: run14840.mid.gz
2024-03-19 10:42:07 Transferring file: run14840.mid.gz
2024-03-19 10:42:07 Uploading file: run14840.mid.gz
2024-03-19 10:42:07 Upload done: run14840.mid.gz
2024-03-19 10:46:02 Udatentig matadata for filer file: run14841.mid.gz
2024-03-19 10:48:40 Transferring file: run14841.mid.gz
2024-03-19 10:48:40 Uploading file: run14841.mid.gz
2024-03-19 10:48:40 Upload done: run14841.mid.gz
2024-03-19 10:52:20 Udatentig matadata for filer file: run14842.mid.gz
2024-03-19 10:55:19 Transferring file: run14842.mid.gz
2024-03-19 10:55:19 Uploading file: run14842.mid.gz
2024-03-19 10:55:19 Upload done: run14842.mid.gz
2024-03-19 10:56:57 Udatentig matadata for filer file: run14843.mid.gz
2024-03-19 11:00:41 Transferring file: run14843.mid.gz
2024-03-19 11:00:41 Uploading file: run14843.mid.gz
2024-03-19 11:00:41 Upload done: run14843.mid.gz
2024-03-19 11:02:18 Udatentig matadata for filer file: run14844.mid.gz
2024-03-19 11:05:53 Transferring file: run14844.mid.gz
2024-03-19 11:05:53 Uploading file: run14844.mid.gz
2024-03-19 11:05:53 Upload done: run14844.mid.gz
2024-03-19 11:14:31 Udatentig matadata for filer file: run14845.mid.gz
2024-03-19 11:17:50 Transferring file: run14845.mid.gz
2024-03-19 11:17:50 Uploading file: run14845.mid.gz
2024-03-19 11:17:50 Upload done: run14845.mid.gz
2024-03-19 11:21:59 Udatentig matadata for filer file: run14846.mid.gz
2024-03-19 11:25:11 Transferring file: run14846.mid.gz
2024-03-19 11:25:11 Uploading file: run14846.mid.gz
2024-03-19 11:25:11 Upload done: run14846.mid.gz
2024-03-19 11:27:48 Udatentig matadata for filer file: run14847.mid.gz
2024-03-19 11:31:28 Transferring file: run14847.mid.gz
2024-03-19 11:31:28 Uploading file: run14847.mid.gz
2024-03-19 11:31:28 Upload done: run14847.mid.gz
2024-03-19 11:33:06 Udatentig matadata for filer file: run14848.mid.gz
2024-03-19 11:36:09 Transferring file: run14848.mid.gz
2024-03-19 11:36:09 Uploading file: run14848.mid.gz
2024-03-19 11:36:09 Upload done: run14848.mid.gz
2024-03-19 11:37:42 Udatentig matadata for filer file: run14849.mid.gz
2024-03-19 11:41:01 Transferring file: run14849.mid.gz
2024-03-19 11:41:01 Uploading file: run14849.mid.gz
2024-03-19 11:41:01 Upload done: run14849.mid.gz
2024-03-19 11:44:31 Udatentig matadata for filer file: run14850.mid.gz
2024-03-19 11:48:03 Transferring file: run14850.mid.gz
2024-03-19 11:48:03 Uploading file: run14850.mid.gz
2024-03-19 11:48:03 Upload done: run14850.mid.gz
2024-03-19 11:49:37 Udatentig matadata for filer file: run14851.mid.gz
2024-03-19 11:53:13 Transferring file: run14851.mid.gz
2024-03-19 11:53:13 Uploading file: run14851.mid.gz
2024-03-19 11:53:13 Upload done: run14851.mid.gz
2024-03-19 11:54:51 Udatentig matadata for filer file: run14852.mid.gz
2024-03-19 11:59:33 Transferring file: run14852.mid.gz
2024-03-19 11:59:33 Uploading file: run14852.mid.gz
2024-03-19 11:59:33 Upload done: run14852.mid.gz
2024-03-19 12:01:10 Udatentig matadata for filer file: run14853.mid.gz
2024-03-19 12:05:49 Transferring file: run14853.mid.gz
2024-03-19 12:05:49 Uploading file: run14853.mid.gz
2024-03-19 12:05:49 Upload done: run14853.mid.gz
2024-03-19 12:07:26 Udatentig matadata for filer file: run14854.mid.gz
2024-03-19 12:11:06 Transferring file: run14854.mid.gz
2024-03-19 12:11:06 Uploading file: run14854.mid.gz
2024-03-19 12:11:06 Upload done: run14854.mid.gz
2024-03-19 12:16:53 Udatentig matadata for filer file: run14855.mid.gz
2024-03-19 12:20:05 Transferring file: run14855.mid.gz
2024-03-19 12:20:05 Uploading file: run14855.mid.gz
2024-03-19 12:20:05 Upload done: run14855.mid.gz
2024-03-19 12:21:42 Udatentig matadata for filer file: run14856.mid.gz
2024-03-19 12:24:54 Transferring file: run14856.mid.gz
2024-03-19 12:24:54 Uploading file: run14856.mid.gz
2024-03-19 12:24:54 Upload done: run14856.mid.gz
2024-03-19 12:26:26 Udatentig matadata for filer file: run14857.mid.gz
2024-03-19 12:29:23 Transferring file: run14857.mid.gz
2024-03-19 12:29:23 Uploading file: run14857.mid.gz
2024-03-19 12:29:23 Upload done: run14857.mid.gz
2024-03-19 12:30:46 Udatentig matadata for filer file: run14858.mid.gz
2024-03-19 12:33:37 Transferring file: run14858.mid.gz
2024-03-19 12:33:37 Uploading file: run14858.mid.gz
2024-03-19 12:33:37 Upload done: run14858.mid.gz
2024-03-19 12:35:10 Udatentig matadata for filer file: run14859.mid.gz
2024-03-19 12:36:59 Transferring file: run14859.mid.gz
2024-03-19 12:36:59 Uploading file: run14859.mid.gz
2024-03-19 12:36:59 Upload done: run14859.mid.gz
2024-03-19 12:38:24 Udatentig matadata for filer file: run14860.mid.gz
2024-03-19 12:40:46 Transferring file: run14860.mid.gz
2024-03-19 12:40:46 Uploading file: run14860.mid.gz
2024-03-19 12:40:46 Upload done: run14860.mid.gz
2024-03-19 12:42:21 Udatentig matadata for filer file: run14861.mid.gz
2024-03-19 12:43:55 Transferring file: run14861.mid.gz
2024-03-19 12:43:55 Uploading file: run14861.mid.gz
2024-03-19 12:43:55 Upload done: run14861.mid.gz
2024-03-19 12:45:21 Udatentig matadata for filer file: run14862.mid.gz
2024-03-19 12:46:40 Transferring file: run14862.mid.gz
2024-03-19 12:46:40 Uploading file: run14862.mid.gz
2024-03-19 12:46:40 Upload done: run14862.mid.gz
2024-03-19 12:48:04 Udatentig matadata for filer file: run14863.mid.gz
2024-03-19 12:49:12 Transferring file: run14863.mid.gz
2024-03-19 12:49:12 Uploading file: run14863.mid.gz
2024-03-19 12:49:12 Upload done: run14863.mid.gz
2024-03-19 12:50:51 Udatentig matadata for filer file: run14864.mid.gz
2024-03-19 12:51:49 Transferring file: run14864.mid.gz
2024-03-19 12:51:49 Uploading file: run14864.mid.gz
2024-03-19 12:51:49 Upload done: run14864.mid.gz
2024-03-19 12:53:15 Udatentig matadata for filer file: run14865.mid.gz
2024-03-19 12:53:46 Transferring file: run14865.mid.gz
2024-03-19 12:53:46 Uploading file: run14865.mid.gz
2024-03-19 12:53:46 Upload done: run14865.mid.gz
2024-03-19 12:55:10 Udatentig matadata for filer file: run14866.mid.gz
2024-03-19 12:55:40 Transferring file: run14866.mid.gz
2024-03-19 12:55:40 Uploading file: run14866.mid.gz
2024-03-19 12:55:40 Upload done: run14866.mid.gz
2024-03-19 12:57:13 Udatentig matadata for filer file: run14867.mid.gz
2024-03-19 12:57:39 Transferring file: run14867.mid.gz
2024-03-19 12:57:39 Uploading file: run14867.mid.gz
2024-03-19 12:57:39 Upload done: run14867.mid.gz
Midas shutdown
[midas2cloud,TALK] software alarm: Program cygnus_daq is not running
[midas2cloud,TALK] software alarm: Program cygnus_daq is not running
[midas2cloud,TALK] software alarm: Program cygnus_daq is not running
[midas2cloud,TALK] software alarm: Program cygnus_daq is not running
[midas2cloud,TALK] software alarm: Program cygnus_daq is not running
[midas2cloud,TALK] software alarm: Program cygnus_daq is not running
[midas2cloud,TALK] software alarm: Program cygnus_daq is not running
[midas2cloud,TALK] software alarm: Program cygnus_daq is not running
[midas2cloud,TALK] software alarm: Program cygnus_daq is not running
[midas2cloud,TALK] software alarm: Program cygnus_daq is not running
[midas2cloud,TALK] software alarm: Program cygnus_daq is not running
[midas2cloud,TALK] software alarm: Program cygnus_daq is not running
[midas2cloud,TALK] software alarm: Program cygnus_daq is not running
[midas2cloud,TALK] software alarm: Program cygnus_daq is not running
[midas2cloud,TALK] software alarm: Program cygnus_daq is not running
[midas2cloud,TALK] software alarm: Program cygnus_daq is not running
[midas2cloud,TALK] software alarm: Program cygnus_daq is not running
[midas2cloud,TALK] software alarm: Program cygnus_daq is not running
[midas2cloud,TALK] software alarm: Program cygnus_daq is not running
[midas2cloud,TALK] software alarm: Program cygnus_daq is not running
[midas2cloud,TALK] software alarm: Program cygnus_daq is not running
[midas2cloud,TALK] software alarm: Program cygnus_daq is not running
[midas2cloud,TALK] software alarm: Program cygnus_daq is not running
[midas2cloud,TALK] software alarm: Program cygnus_daq is not running
[midas2cloud,TALK] software alarm: Program cygnus_daq is not running
[midas2cloud,TALK] software alarm: Program cygnus_daq is not running
[midas2cloud,TALK] software alarm: Program cygnus_daq is not running
[midas2cloud,TALK] software alarm: Program cygnus_daq is not running
[midas2cloud,TALK] software alarm: Program cygnus_daq is not running
[midas2cloud,TALK] software alarm: Program cygnus_daq is not running
2024-03-19 14:08:10 midas2cloud started
2024-03-19 14:08:12 WARNING: No new file uploaded
2024-03-19 14:08:22 WARNING: No new file uploaded
2024-03-19 14:08:32 WARNING: No new file uploaded
2024-03-19 14:08:42 WARNING: No new file uploaded
2024-03-19 14:08:52 WARNING: No new file uploaded
2024-03-19 14:09:02 WARNING: No new file uploaded
2024-03-19 14:09:12 WARNING: No new file uploaded
2024-03-19 14:09:22 WARNING: No new file uploaded
2024-03-19 14:09:32 WARNING: No new file uploaded
2024-03-19 14:09:42 WARNING: No new file uploaded
2024-03-19 14:09:52 WARNING: No new file uploaded
2024-03-19 14:10:02 WARNING: No new file uploaded
2024-03-19 14:10:12 WARNING: No new file uploaded
2024-03-19 14:10:22 WARNING: No new file uploaded
2024-03-19 14:10:32 WARNING: No new file uploaded
2024-03-19 14:10:42 WARNING: No new file uploaded
2024-03-19 14:10:52 WARNING: No new file uploaded
2024-03-19 14:11:02 WARNING: No new file uploaded
2024-03-19 14:11:12 WARNING: No new file uploaded
2024-03-19 14:11:22 WARNING: No new file uploaded
2024-03-19 14:11:32 WARNING: No new file uploaded
2024-03-19 14:11:42 WARNING: No new file uploaded
2024-03-19 14:11:52 WARNING: No new file uploaded
2024-03-19 14:12:02 WARNING: No new file uploaded
2024-03-19 14:12:12 WARNING: No new file uploaded
2024-03-19 14:12:22 WARNING: No new file uploaded
2024-03-19 14:12:32 WARNING: No new file uploaded
2024-03-19 14:12:42 WARNING: No new file uploaded
2024-03-19 14:12:53 WARNING: No new file uploaded
2024-03-19 14:13:03 WARNING: No new file uploaded
2024-03-19 14:13:13 WARNING: No new file uploaded
2024-03-19 14:13:23 WARNING: No new file uploaded
2024-03-19 14:13:33 WARNING: No new file uploaded
2024-03-19 14:13:43 WARNING: No new file uploaded
2024-03-19 14:13:53 WARNING: No new file uploaded
2024-03-19 14:14:03 Udatentig matadata for filer file: run14767.mid.gz
2024-03-19 14:14:06 Transferring file: run14767.mid.gz
2024-03-19 14:14:06 Uploading file: run14767.mid.gz
2024-03-19 14:14:06 Upload done: run14767.mid.gz
2024-03-19 14:15:30 Udatentig matadata for filer file: run14769.mid.gz
2024-03-19 14:15:34 Transferring file: run14769.mid.gz
2024-03-19 14:15:34 Uploading file: run14769.mid.gz
2024-03-19 14:15:34 Upload done: run14769.mid.gz
2024-03-19 14:16:57 Udatentig matadata for filer file: run14772.mid.gz
2024-03-19 14:17:02 Transferring file: run14772.mid.gz
2024-03-19 14:17:02 Uploading file: run14772.mid.gz
2024-03-19 14:17:02 Upload done: run14772.mid.gz
2024-03-19 14:18:27 Udatentig matadata for filer file: run14773.mid.gz
2024-03-19 14:18:31 Transferring file: run14773.mid.gz
2024-03-19 14:18:31 Uploading file: run14773.mid.gz
2024-03-19 14:18:31 Upload done: run14773.mid.gz
2024-03-19 14:20:05 Udatentig matadata for filer file: run14768.mid.gz
2024-03-19 14:20:09 Transferring file: run14768.mid.gz
2024-03-19 14:20:09 Uploading file: run14768.mid.gz
2024-03-19 14:20:09 Upload done: run14768.mid.gz
2024-03-19 14:21:32 Udatentig matadata for filer file: run14770.mid.gz
2024-03-19 14:21:37 Transferring file: run14770.mid.gz
2024-03-19 14:21:37 Uploading file: run14770.mid.gz
2024-03-19 14:21:37 Upload done: run14770.mid.gz
2024-03-19 14:23:00 Udatentig matadata for filer file: run14771.mid.gz
2024-03-19 14:23:04 Transferring file: run14771.mid.gz
2024-03-19 14:23:04 Uploading file: run14771.mid.gz
2024-03-19 14:23:04 Upload done: run14771.mid.gz
2024-03-19 14:24:28 Udatentig matadata for filer file: run14785.mid.gz
2024-03-19 14:24:28 Transferring file: run14785.mid.gz
2024-03-19 14:24:28 Uploading file: run14785.mid.gz
2024-03-19 14:24:28 Upload done: run14785.mid.gz
2024-03-19 14:24:46 Udatentig matadata for filer file: run14774.mid.gz
2024-03-19 14:24:52 Transferring file: run14774.mid.gz
2024-03-19 14:24:52 Uploading file: run14774.mid.gz
2024-03-19 14:24:52 Upload done: run14774.mid.gz
2024-03-19 14:26:15 Udatentig matadata for filer file: run14775.mid.gz
2024-03-19 14:26:20 Transferring file: run14775.mid.gz
2024-03-19 14:26:20 Uploading file: run14775.mid.gz
2024-03-19 14:26:20 Upload done: run14775.mid.gz
2024-03-19 14:27:44 Udatentig matadata for filer file: run14776.mid.gz
2024-03-19 14:27:48 Transferring file: run14776.mid.gz
2024-03-19 14:27:48 Uploading file: run14776.mid.gz
2024-03-19 14:27:48 Upload done: run14776.mid.gz
2024-03-19 14:29:13 Udatentig matadata for filer file: run14777.mid.gz
2024-03-19 14:29:17 Transferring file: run14777.mid.gz
2024-03-19 14:29:17 Uploading file: run14777.mid.gz
2024-03-19 14:29:17 Upload done: run14777.mid.gz
2024-03-19 14:30:42 Udatentig matadata for filer file: run14778.mid.gz
2024-03-19 14:30:46 Transferring file: run14778.mid.gz
2024-03-19 14:30:46 Uploading file: run14778.mid.gz
2024-03-19 14:30:46 Upload done: run14778.mid.gz
2024-03-19 14:32:08 Udatentig matadata for filer file: run14779.mid.gz
2024-03-19 14:32:12 Transferring file: run14779.mid.gz
2024-03-19 14:32:12 Uploading file: run14779.mid.gz
2024-03-19 14:32:12 Upload done: run14779.mid.gz
2024-03-19 14:33:37 Udatentig matadata for filer file: run14780.mid.gz
2024-03-19 14:33:41 Transferring file: run14780.mid.gz
2024-03-19 14:33:41 Uploading file: run14780.mid.gz
2024-03-19 14:33:41 Upload done: run14780.mid.gz
2024-03-19 14:35:07 Udatentig matadata for filer file: run14781.mid.gz
2024-03-19 14:35:12 Transferring file: run14781.mid.gz
2024-03-19 14:35:12 Uploading file: run14781.mid.gz
2024-03-19 14:35:12 Upload done: run14781.mid.gz
2024-03-19 14:36:37 Udatentig matadata for filer file: run14782.mid.gz
2024-03-19 14:36:42 Transferring file: run14782.mid.gz
2024-03-19 14:36:42 Uploading file: run14782.mid.gz
2024-03-19 14:36:42 Upload done: run14782.mid.gz
2024-03-19 14:38:07 Udatentig matadata for filer file: run14783.mid.gz
2024-03-19 14:38:11 Transferring file: run14783.mid.gz
2024-03-19 14:38:11 Uploading file: run14783.mid.gz
2024-03-19 14:38:11 Upload done: run14783.mid.gz
2024-03-19 14:39:35 Udatentig matadata for filer file: run14784.mid.gz
2024-03-19 14:39:38 Transferring file: run14784.mid.gz
2024-03-19 14:39:38 Uploading file: run14784.mid.gz
2024-03-19 14:39:38 Upload done: run14784.mid.gz
2024-03-19 14:41:03 Udatentig matadata for filer file: run14786.mid.gz
2024-03-19 14:41:07 Transferring file: run14786.mid.gz
2024-03-19 14:41:07 Uploading file: run14786.mid.gz
2024-03-19 14:41:07 Upload done: run14786.mid.gz
2024-03-19 14:42:44 Udatentig matadata for filer file: run14763.mid.gz
2024-03-19 14:42:58 Transferring file: run14763.mid.gz
2024-03-19 14:42:58 Uploading file: run14763.mid.gz
2024-03-19 14:42:58 Upload done: run14763.mid.gz
2024-03-19 14:47:19 Udatentig matadata for filer file: run14787.mid.gz
2024-03-19 14:47:23 Transferring file: run14787.mid.gz
2024-03-19 14:47:23 Uploading file: run14787.mid.gz
2024-03-19 14:47:23 Upload done: run14787.mid.gz
2024-03-19 14:48:47 Udatentig matadata for filer file: run14788.mid.gz
2024-03-19 14:48:50 Transferring file: run14788.mid.gz
2024-03-19 14:48:50 Uploading file: run14788.mid.gz
2024-03-19 14:48:50 Upload done: run14788.mid.gz
2024-03-19 14:50:13 Udatentig matadata for filer file: run14789.mid.gz
2024-03-19 14:50:17 Transferring file: run14789.mid.gz
2024-03-19 14:50:17 Uploading file: run14789.mid.gz
2024-03-19 14:50:17 Upload done: run14789.mid.gz
2024-03-19 14:51:40 Udatentig matadata for filer file: run14790.mid.gz
2024-03-19 14:51:44 Transferring file: run14790.mid.gz
2024-03-19 14:51:44 Uploading file: run14790.mid.gz
2024-03-19 14:51:44 Upload done: run14790.mid.gz
2024-03-19 14:53:06 Udatentig matadata for filer file: run14791.mid.gz
2024-03-19 14:53:10 Transferring file: run14791.mid.gz
2024-03-19 14:53:10 Uploading file: run14791.mid.gz
2024-03-19 14:53:10 Upload done: run14791.mid.gz
2024-03-19 14:54:34 Udatentig matadata for filer file: run14792.mid.gz
2024-03-19 14:54:38 Transferring file: run14792.mid.gz
2024-03-19 14:54:38 Uploading file: run14792.mid.gz
2024-03-19 14:54:38 Upload done: run14792.mid.gz
2024-03-19 14:56:03 Udatentig matadata for filer file: run14793.mid.gz
2024-03-19 14:56:06 Transferring file: run14793.mid.gz
2024-03-19 14:56:06 Uploading file: run14793.mid.gz
2024-03-19 14:56:06 Upload done: run14793.mid.gz
2024-03-19 14:57:31 Udatentig matadata for filer file: run14794.mid.gz
2024-03-19 14:57:35 Transferring file: run14794.mid.gz
2024-03-19 14:57:35 Uploading file: run14794.mid.gz
2024-03-19 14:57:35 Upload done: run14794.mid.gz
2024-03-19 14:59:00 Udatentig matadata for filer file: run14795.mid.gz
2024-03-19 14:59:03 Transferring file: run14795.mid.gz
2024-03-19 14:59:03 Uploading file: run14795.mid.gz
2024-03-19 14:59:03 Upload done: run14795.mid.gz
2024-03-19 15:00:28 Udatentig matadata for filer file: run14796.mid.gz
2024-03-19 15:00:32 Transferring file: run14796.mid.gz
2024-03-19 15:00:32 Uploading file: run14796.mid.gz
2024-03-19 15:00:32 Upload done: run14796.mid.gz
2024-03-19 15:01:55 Udatentig matadata for filer file: run14797.mid.gz
2024-03-19 15:01:59 Transferring file: run14797.mid.gz
2024-03-19 15:01:59 Uploading file: run14797.mid.gz
2024-03-19 15:01:59 Upload done: run14797.mid.gz
2024-03-19 15:03:24 Udatentig matadata for filer file: run14798.mid.gz
2024-03-19 15:03:28 Transferring file: run14798.mid.gz
2024-03-19 15:03:28 Uploading file: run14798.mid.gz
2024-03-19 15:03:28 Upload done: run14798.mid.gz
2024-03-19 15:04:54 Udatentig matadata for filer file: run14799.mid.gz
2024-03-19 15:04:58 Transferring file: run14799.mid.gz
2024-03-19 15:04:58 Uploading file: run14799.mid.gz
2024-03-19 15:04:58 Upload done: run14799.mid.gz
2024-03-19 15:06:22 Udatentig matadata for filer file: run14800.mid.gz
2024-03-19 15:06:26 Transferring file: run14800.mid.gz
2024-03-19 15:06:26 Uploading file: run14800.mid.gz
2024-03-19 15:06:26 Upload done: run14800.mid.gz
2024-03-19 15:07:49 Udatentig matadata for filer file: run14801.mid.gz
2024-03-19 15:07:52 Transferring file: run14801.mid.gz
2024-03-19 15:07:52 Uploading file: run14801.mid.gz
2024-03-19 15:07:52 Upload done: run14801.mid.gz
2024-03-19 15:08:49 Udatentig matadata for filer file: run14872.mid.gz
2024-03-19 15:08:49 Transferring file: run14872.mid.gz
2024-03-19 15:08:49 Uploading file: run14872.mid.gz
2024-03-19 15:08:49 Upload done: run14872.mid.gz
2024-03-19 15:24:36 Udatentig matadata for filer file: run14883.mid.gz
2024-03-19 15:24:39 Transferring file: run14883.mid.gz
2024-03-19 15:24:39 Uploading file: run14883.mid.gz
2024-03-19 15:24:39 Upload done: run14883.mid.gz
2024-03-19 15:26:51 Udatentig matadata for filer file: run14884.mid.gz
2024-03-19 15:26:54 Transferring file: run14884.mid.gz
2024-03-19 15:26:54 Uploading file: run14884.mid.gz
2024-03-19 15:26:54 Upload done: run14884.mid.gz
2024-03-19 15:29:08 Udatentig matadata for filer file: run14885.mid.gz
2024-03-19 15:29:12 Transferring file: run14885.mid.gz
2024-03-19 15:29:12 Uploading file: run14885.mid.gz
2024-03-19 15:29:12 Upload done: run14885.mid.gz
2024-03-19 15:31:14 Udatentig matadata for filer file: run14886.mid.gz
2024-03-19 15:31:17 Transferring file: run14886.mid.gz
2024-03-19 15:31:17 Uploading file: run14886.mid.gz
2024-03-19 15:31:17 Upload done: run14886.mid.gz
2024-03-19 15:33:40 Udatentig matadata for filer file: run14887.mid.gz
2024-03-19 15:33:44 Transferring file: run14887.mid.gz
2024-03-19 15:33:44 Uploading file: run14887.mid.gz
2024-03-19 15:33:44 Upload done: run14887.mid.gz
2024-03-19 15:35:13 Udatentig matadata for filer file: run14888.mid.gz
2024-03-19 15:35:16 Transferring file: run14888.mid.gz
2024-03-19 15:35:16 Uploading file: run14888.mid.gz
2024-03-19 15:35:16 Upload done: run14888.mid.gz
2024-03-19 15:39:45 Udatentig matadata for filer file: run14889.mid.gz
2024-03-19 15:39:49 Transferring file: run14889.mid.gz
2024-03-19 15:39:49 Uploading file: run14889.mid.gz
2024-03-19 15:39:49 Upload done: run14889.mid.gz
2024-03-19 15:42:14 Udatentig matadata for filer file: run14890.mid.gz
2024-03-19 15:42:17 Transferring file: run14890.mid.gz
2024-03-19 15:42:17 Uploading file: run14890.mid.gz
2024-03-19 15:42:17 Upload done: run14890.mid.gz
2024-03-19 15:44:09 Udatentig matadata for filer file: run14891.mid.gz
2024-03-19 15:44:12 Transferring file: run14891.mid.gz
2024-03-19 15:44:12 Uploading file: run14891.mid.gz
2024-03-19 15:44:12 Upload done: run14891.mid.gz
2024-03-19 15:46:45 Udatentig matadata for filer file: run14892.mid.gz
2024-03-19 15:46:49 Transferring file: run14892.mid.gz
2024-03-19 15:46:49 Uploading file: run14892.mid.gz
2024-03-19 15:46:49 Upload done: run14892.mid.gz
2024-03-19 15:48:41 Udatentig matadata for filer file: run14893.mid.gz
2024-03-19 15:48:44 Transferring file: run14893.mid.gz
2024-03-19 15:48:44 Uploading file: run14893.mid.gz
2024-03-19 15:48:44 Upload done: run14893.mid.gz
2024-03-19 15:51:17 Udatentig matadata for filer file: run14894.mid.gz
2024-03-19 15:51:21 Transferring file: run14894.mid.gz
2024-03-19 15:51:21 Uploading file: run14894.mid.gz
2024-03-19 15:51:21 Upload done: run14894.mid.gz
2024-03-19 15:53:11 Udatentig matadata for filer file: run14895.mid.gz
2024-03-19 15:53:14 Transferring file: run14895.mid.gz
2024-03-19 15:53:14 Uploading file: run14895.mid.gz
2024-03-19 15:53:14 Upload done: run14895.mid.gz
2024-03-19 15:55:48 Udatentig matadata for filer file: run14896.mid.gz
2024-03-19 15:55:50 Transferring file: run14896.mid.gz
2024-03-19 15:55:50 Uploading file: run14896.mid.gz
2024-03-19 15:55:50 Upload done: run14896.mid.gz
2024-03-19 16:00:28 Udatentig matadata for filer file: run14897.mid.gz
2024-03-19 16:00:29 Transferring file: run14897.mid.gz
2024-03-19 16:00:29 Uploading file: run14897.mid.gz
2024-03-19 16:00:29 Upload done: run14897.mid.gz
2024-03-19 16:01:25 Udatentig matadata for filer file: run14898.mid.gz
2024-03-19 16:01:25 Transferring file: run14898.mid.gz
2024-03-19 16:01:25 Uploading file: run14898.mid.gz
2024-03-19 16:01:25 Upload done: run14898.mid.gz
2024-03-19 18:04:56 Udatentig matadata for filer file: run14912.mid.gz
2024-03-19 18:05:00 Transferring file: run14912.mid.gz
2024-03-19 18:05:00 Uploading file: run14912.mid.gz
2024-03-19 18:05:00 Upload done: run14912.mid.gz
2024-03-19 18:07:04 Udatentig matadata for filer file: run14913.mid.gz
2024-03-19 18:07:07 Transferring file: run14913.mid.gz
2024-03-19 18:07:07 Uploading file: run14913.mid.gz
2024-03-19 18:07:07 Upload done: run14913.mid.gz
2024-03-19 18:09:00 Udatentig matadata for filer file: run14914.mid.gz
2024-03-19 18:09:03 Transferring file: run14914.mid.gz
2024-03-19 18:09:03 Uploading file: run14914.mid.gz
2024-03-19 18:09:03 Upload done: run14914.mid.gz
2024-03-19 18:11:27 Udatentig matadata for filer file: run14915.mid.gz
2024-03-19 18:11:30 Transferring file: run14915.mid.gz
2024-03-19 18:11:30 Uploading file: run14915.mid.gz
2024-03-19 18:11:30 Upload done: run14915.mid.gz
2024-03-19 18:15:59 Udatentig matadata for filer file: run14900.mid.gz
2024-03-19 18:16:01 Transferring file: run14900.mid.gz
2024-03-19 18:16:01 Uploading file: run14900.mid.gz
2024-03-19 18:16:01 Upload done: run14900.mid.gz
2024-03-20 00:00:37 Udatentig matadata for filer file: run14928.mid.gz
2024-03-20 00:00:38 Transferring file: run14928.mid.gz
2024-03-20 00:00:38 Uploading file: run14928.mid.gz
2024-03-20 00:00:38 Upload done: run14928.mid.gz
2024-03-20 00:02:57 Udatentig matadata for filer file: run14929.mid.gz
2024-03-20 00:02:58 Transferring file: run14929.mid.gz
2024-03-20 00:02:58 Uploading file: run14929.mid.gz
2024-03-20 00:02:58 Upload done: run14929.mid.gz
2024-03-20 00:10:18 Udatentig matadata for filer file: run14930.mid.gz
2024-03-20 00:10:21 Transferring file: run14930.mid.gz
2024-03-20 00:10:21 Uploading file: run14930.mid.gz
2024-03-20 00:10:21 Upload done: run14930.mid.gz
2024-03-20 00:12:45 Udatentig matadata for filer file: run14931.mid.gz
2024-03-20 00:12:49 Transferring file: run14931.mid.gz
2024-03-20 00:12:49 Uploading file: run14931.mid.gz
2024-03-20 00:12:49 Upload done: run14931.mid.gz
2024-03-20 00:14:41 Udatentig matadata for filer file: run14932.mid.gz
2024-03-20 00:14:45 Transferring file: run14932.mid.gz
2024-03-20 00:14:45 Uploading file: run14932.mid.gz
2024-03-20 00:14:45 Upload done: run14932.mid.gz
2024-03-20 00:17:20 Udatentig matadata for filer file: run14933.mid.gz
2024-03-20 00:17:23 Transferring file: run14933.mid.gz
2024-03-20 00:17:23 Uploading file: run14933.mid.gz
2024-03-20 00:17:23 Upload done: run14933.mid.gz
2024-03-20 00:19:16 Udatentig matadata for filer file: run14934.mid.gz
2024-03-20 00:19:20 Transferring file: run14934.mid.gz
2024-03-20 00:19:20 Uploading file: run14934.mid.gz
2024-03-20 00:19:20 Upload done: run14934.mid.gz
2024-03-20 00:21:22 Udatentig matadata for filer file: run14935.mid.gz
2024-03-20 00:21:25 Transferring file: run14935.mid.gz
2024-03-20 00:21:25 Uploading file: run14935.mid.gz
2024-03-20 00:21:25 Upload done: run14935.mid.gz
2024-03-20 00:23:48 Udatentig matadata for filer file: run14936.mid.gz
2024-03-20 00:23:52 Transferring file: run14936.mid.gz
2024-03-20 00:23:52 Uploading file: run14936.mid.gz
2024-03-20 00:23:52 Upload done: run14936.mid.gz
2024-03-20 00:25:54 Udatentig matadata for filer file: run14937.mid.gz
2024-03-20 00:25:57 Transferring file: run14937.mid.gz
2024-03-20 00:25:57 Uploading file: run14937.mid.gz
2024-03-20 00:25:57 Upload done: run14937.mid.gz
2024-03-20 00:27:40 Udatentig matadata for filer file: run14938.mid.gz
2024-03-20 00:27:43 Transferring file: run14938.mid.gz
2024-03-20 00:27:43 Uploading file: run14938.mid.gz
2024-03-20 00:27:43 Upload done: run14938.mid.gz
2024-03-20 00:30:18 Udatentig matadata for filer file: run14939.mid.gz
2024-03-20 00:30:22 Transferring file: run14939.mid.gz
2024-03-20 00:30:22 Uploading file: run14939.mid.gz
2024-03-20 00:30:22 Upload done: run14939.mid.gz
2024-03-20 00:35:15 Udatentig matadata for filer file: run14940.mid.gz
2024-03-20 00:35:18 Transferring file: run14940.mid.gz
2024-03-20 00:35:18 Uploading file: run14940.mid.gz
2024-03-20 00:35:18 Upload done: run14940.mid.gz
2024-03-20 00:40:19 Udatentig matadata for filer file: run14941.mid.gz
2024-03-20 00:40:22 Transferring file: run14941.mid.gz
2024-03-20 00:40:22 Uploading file: run14941.mid.gz
2024-03-20 00:40:22 Upload done: run14941.mid.gz
2024-03-20 00:42:44 Udatentig matadata for filer file: run14942.mid.gz
2024-03-20 00:42:48 Transferring file: run14942.mid.gz
2024-03-20 00:42:48 Uploading file: run14942.mid.gz
2024-03-20 00:42:48 Upload done: run14942.mid.gz
2024-03-20 00:45:53 Udatentig matadata for filer file: run14943.mid.gz
2024-03-20 00:45:56 Transferring file: run14943.mid.gz
2024-03-20 00:45:56 Uploading file: run14943.mid.gz
2024-03-20 00:45:56 Upload done: run14943.mid.gz
2024-03-20 00:48:20 Udatentig matadata for filer file: run14944.mid.gz
2024-03-20 00:48:23 Transferring file: run14944.mid.gz
2024-03-20 00:48:23 Uploading file: run14944.mid.gz
2024-03-20 00:48:23 Upload done: run14944.mid.gz
2024-03-20 00:51:19 Udatentig matadata for filer file: run14945.mid.gz
2024-03-20 00:51:22 Transferring file: run14945.mid.gz
2024-03-20 00:51:22 Uploading file: run14945.mid.gz
2024-03-20 00:51:22 Upload done: run14945.mid.gz
2024-03-20 00:53:44 Udatentig matadata for filer file: run14946.mid.gz
2024-03-20 00:53:48 Transferring file: run14946.mid.gz
2024-03-20 00:53:48 Uploading file: run14946.mid.gz
2024-03-20 00:53:48 Upload done: run14946.mid.gz
2024-03-20 00:56:52 Udatentig matadata for filer file: run14947.mid.gz
2024-03-20 00:56:56 Transferring file: run14947.mid.gz
2024-03-20 00:56:56 Uploading file: run14947.mid.gz
2024-03-20 00:56:56 Upload done: run14947.mid.gz
2024-03-20 00:59:19 Udatentig matadata for filer file: run14948.mid.gz
2024-03-20 00:59:22 Transferring file: run14948.mid.gz
2024-03-20 00:59:22 Uploading file: run14948.mid.gz
2024-03-20 00:59:22 Upload done: run14948.mid.gz
2024-03-20 01:02:17 Udatentig matadata for filer file: run14949.mid.gz
2024-03-20 01:02:20 Transferring file: run14949.mid.gz
2024-03-20 01:02:20 Uploading file: run14949.mid.gz
2024-03-20 01:02:20 Upload done: run14949.mid.gz
2024-03-20 01:04:53 Udatentig matadata for filer file: run14950.mid.gz
2024-03-20 01:04:56 Transferring file: run14950.mid.gz
2024-03-20 01:04:56 Uploading file: run14950.mid.gz
2024-03-20 01:04:56 Upload done: run14950.mid.gz
2024-03-20 01:07:52 Udatentig matadata for filer file: run14951.mid.gz
2024-03-20 01:07:54 Transferring file: run14951.mid.gz
2024-03-20 01:07:54 Uploading file: run14951.mid.gz
2024-03-20 01:07:54 Upload done: run14951.mid.gz
2024-03-20 08:56:34 Udatentig matadata for filer file: run14952.mid.gz
2024-03-20 08:56:35 Transferring file: run14952.mid.gz
2024-03-20 08:56:35 Uploading file: run14952.mid.gz
2024-03-20 08:56:35 Upload done: run14952.mid.gz
2024-03-20 09:02:49 Udatentig matadata for filer file: run14953.mid.gz
2024-03-20 09:02:52 Transferring file: run14953.mid.gz
2024-03-20 09:02:52 Uploading file: run14953.mid.gz
2024-03-20 09:02:52 Upload done: run14953.mid.gz
2024-03-20 09:04:53 Udatentig matadata for filer file: run14954.mid.gz
2024-03-20 09:04:56 Transferring file: run14954.mid.gz
2024-03-20 09:04:56 Uploading file: run14954.mid.gz
2024-03-20 09:04:56 Upload done: run14954.mid.gz
2024-03-20 09:06:48 Udatentig matadata for filer file: run14955.mid.gz
2024-03-20 09:06:51 Transferring file: run14955.mid.gz
2024-03-20 09:06:51 Uploading file: run14955.mid.gz
2024-03-20 09:06:51 Upload done: run14955.mid.gz
2024-03-20 09:08:41 Udatentig matadata for filer file: run14956.mid.gz
2024-03-20 09:08:45 Transferring file: run14956.mid.gz
2024-03-20 09:08:45 Uploading file: run14956.mid.gz
2024-03-20 09:08:45 Upload done: run14956.mid.gz
2024-03-20 09:10:45 Udatentig matadata for filer file: run14957.mid.gz
2024-03-20 09:10:49 Transferring file: run14957.mid.gz
2024-03-20 09:10:49 Uploading file: run14957.mid.gz
2024-03-20 09:10:49 Upload done: run14957.mid.gz
2024-03-20 09:12:49 Udatentig matadata for filer file: run14958.mid.gz
2024-03-20 09:12:53 Transferring file: run14958.mid.gz
2024-03-20 09:12:53 Uploading file: run14958.mid.gz
2024-03-20 09:12:53 Upload done: run14958.mid.gz
2024-03-20 09:15:15 Udatentig matadata for filer file: run14959.mid.gz
2024-03-20 09:15:18 Transferring file: run14959.mid.gz
2024-03-20 09:15:18 Uploading file: run14959.mid.gz
2024-03-20 09:15:18 Upload done: run14959.mid.gz
2024-03-20 09:16:46 Udatentig matadata for filer file: run14960.mid.gz
2024-03-20 09:16:49 Transferring file: run14960.mid.gz
2024-03-20 09:16:49 Uploading file: run14960.mid.gz
2024-03-20 09:16:49 Upload done: run14960.mid.gz
2024-03-20 09:19:12 Udatentig matadata for filer file: run14961.mid.gz
2024-03-20 09:19:15 Transferring file: run14961.mid.gz
2024-03-20 09:19:15 Uploading file: run14961.mid.gz
2024-03-20 09:19:15 Upload done: run14961.mid.gz
2024-03-20 09:21:15 Udatentig matadata for filer file: run14962.mid.gz
2024-03-20 09:21:19 Transferring file: run14962.mid.gz
2024-03-20 09:21:19 Uploading file: run14962.mid.gz
2024-03-20 09:21:19 Upload done: run14962.mid.gz
2024-03-20 09:23:21 Udatentig matadata for filer file: run14963.mid.gz
2024-03-20 09:23:24 Transferring file: run14963.mid.gz
2024-03-20 09:23:24 Uploading file: run14963.mid.gz
2024-03-20 09:23:24 Upload done: run14963.mid.gz
2024-03-20 09:25:14 Udatentig matadata for filer file: run14964.mid.gz
2024-03-20 09:25:17 Transferring file: run14964.mid.gz
2024-03-20 09:25:17 Uploading file: run14964.mid.gz
2024-03-20 09:25:17 Upload done: run14964.mid.gz
2024-03-20 09:27:18 Udatentig matadata for filer file: run14965.mid.gz
2024-03-20 09:27:21 Transferring file: run14965.mid.gz
2024-03-20 09:27:21 Uploading file: run14965.mid.gz
2024-03-20 09:27:21 Upload done: run14965.mid.gz
2024-03-20 09:29:44 Udatentig matadata for filer file: run14966.mid.gz
2024-03-20 09:29:47 Transferring file: run14966.mid.gz
2024-03-20 09:29:47 Uploading file: run14966.mid.gz
2024-03-20 09:29:47 Upload done: run14966.mid.gz
2024-03-20 09:31:15 Udatentig matadata for filer file: run14967.mid.gz
2024-03-20 09:31:18 Transferring file: run14967.mid.gz
2024-03-20 09:31:18 Uploading file: run14967.mid.gz
2024-03-20 09:31:18 Upload done: run14967.mid.gz
2024-03-20 09:33:30 Udatentig matadata for filer file: run14968.mid.gz
2024-03-20 09:33:34 Transferring file: run14968.mid.gz
2024-03-20 09:33:34 Uploading file: run14968.mid.gz
2024-03-20 09:33:34 Upload done: run14968.mid.gz
2024-03-20 09:35:15 Udatentig matadata for filer file: run14969.mid.gz
2024-03-20 09:35:18 Transferring file: run14969.mid.gz
2024-03-20 09:35:18 Uploading file: run14969.mid.gz
2024-03-20 09:35:18 Upload done: run14969.mid.gz
2024-03-20 09:37:29 Udatentig matadata for filer file: run14970.mid.gz
2024-03-20 09:37:33 Transferring file: run14970.mid.gz
2024-03-20 09:37:33 Uploading file: run14970.mid.gz
2024-03-20 09:37:33 Upload done: run14970.mid.gz
2024-03-20 09:39:24 Udatentig matadata for filer file: run14971.mid.gz
2024-03-20 09:39:27 Transferring file: run14971.mid.gz
2024-03-20 09:39:27 Uploading file: run14971.mid.gz
2024-03-20 09:39:27 Upload done: run14971.mid.gz
2024-03-20 09:41:50 Udatentig matadata for filer file: run14972.mid.gz
2024-03-20 09:41:53 Transferring file: run14972.mid.gz
2024-03-20 09:41:53 Uploading file: run14972.mid.gz
2024-03-20 09:41:53 Upload done: run14972.mid.gz
2024-03-20 09:43:55 Udatentig matadata for filer file: run14973.mid.gz
2024-03-20 09:43:58 Transferring file: run14973.mid.gz
2024-03-20 09:43:58 Uploading file: run14973.mid.gz
2024-03-20 09:43:58 Upload done: run14973.mid.gz
2024-03-20 09:45:48 Udatentig matadata for filer file: run14974.mid.gz
2024-03-20 09:45:51 Transferring file: run14974.mid.gz
2024-03-20 09:45:51 Uploading file: run14974.mid.gz
2024-03-20 09:45:51 Upload done: run14974.mid.gz
2024-03-20 09:48:02 Udatentig matadata for filer file: run14975.mid.gz
2024-03-20 09:48:05 Transferring file: run14975.mid.gz
2024-03-20 09:48:05 Uploading file: run14975.mid.gz
2024-03-20 09:48:05 Upload done: run14975.mid.gz
2024-03-20 09:49:56 Udatentig matadata for filer file: run14976.mid.gz
2024-03-20 09:49:59 Transferring file: run14976.mid.gz
2024-03-20 09:49:59 Uploading file: run14976.mid.gz
2024-03-20 09:49:59 Upload done: run14976.mid.gz
2024-03-20 09:58:24 Udatentig matadata for filer file: run14978.mid.gz
2024-03-20 09:58:26 Transferring file: run14978.mid.gz
2024-03-20 09:58:26 Uploading file: run14978.mid.gz
2024-03-20 09:58:26 Upload done: run14978.mid.gz
2024-03-20 10:02:57 Udatentig matadata for filer file: run14979.mid.gz
2024-03-20 10:03:00 Transferring file: run14979.mid.gz
2024-03-20 10:03:00 Uploading file: run14979.mid.gz
2024-03-20 10:03:00 Upload done: run14979.mid.gz
2024-03-20 10:05:05 Udatentig matadata for filer file: run14980.mid.gz
2024-03-20 10:05:08 Transferring file: run14980.mid.gz
2024-03-20 10:05:08 Uploading file: run14980.mid.gz
2024-03-20 10:05:08 Upload done: run14980.mid.gz
2024-03-20 10:06:59 Udatentig matadata for filer file: run14981.mid.gz
2024-03-20 10:07:03 Transferring file: run14981.mid.gz
2024-03-20 10:07:03 Uploading file: run14981.mid.gz
2024-03-20 10:07:03 Upload done: run14981.mid.gz
2024-03-20 10:09:05 Udatentig matadata for filer file: run14982.mid.gz
2024-03-20 10:09:08 Transferring file: run14982.mid.gz
2024-03-20 10:09:08 Uploading file: run14982.mid.gz
2024-03-20 10:09:08 Upload done: run14982.mid.gz
2024-03-20 10:11:01 Udatentig matadata for filer file: run14983.mid.gz
2024-03-20 10:11:04 Transferring file: run14983.mid.gz
2024-03-20 10:11:04 Uploading file: run14983.mid.gz
2024-03-20 10:11:04 Upload done: run14983.mid.gz
2024-03-20 10:12:57 Udatentig matadata for filer file: run14984.mid.gz
2024-03-20 10:13:00 Transferring file: run14984.mid.gz
2024-03-20 10:13:00 Uploading file: run14984.mid.gz
2024-03-20 10:13:00 Upload done: run14984.mid.gz
2024-03-20 10:15:02 Udatentig matadata for filer file: run14985.mid.gz
2024-03-20 10:15:06 Transferring file: run14985.mid.gz
2024-03-20 10:15:06 Uploading file: run14985.mid.gz
2024-03-20 10:15:06 Upload done: run14985.mid.gz
2024-03-20 10:16:57 Udatentig matadata for filer file: run14986.mid.gz
2024-03-20 10:17:00 Transferring file: run14986.mid.gz
2024-03-20 10:17:00 Uploading file: run14986.mid.gz
2024-03-20 10:17:00 Upload done: run14986.mid.gz
2024-03-20 10:18:53 Udatentig matadata for filer file: run14987.mid.gz
2024-03-20 10:18:55 Transferring file: run14987.mid.gz
2024-03-20 10:18:55 Uploading file: run14987.mid.gz
2024-03-20 10:18:55 Upload done: run14987.mid.gz
2024-03-20 10:20:58 Udatentig matadata for filer file: run14988.mid.gz
2024-03-20 10:21:00 Transferring file: run14988.mid.gz
2024-03-20 10:21:00 Uploading file: run14988.mid.gz
2024-03-20 10:21:00 Upload done: run14988.mid.gz
2024-03-20 10:27:05 Udatentig matadata for filer file: run14990.mid.gz
2024-03-20 10:27:08 Transferring file: run14990.mid.gz
2024-03-20 10:27:08 Uploading file: run14990.mid.gz
2024-03-20 10:27:08 Upload done: run14990.mid.gz
2024-03-20 10:32:37 Udatentig matadata for filer file: run14991.mid.gz
2024-03-20 10:32:40 Transferring file: run14991.mid.gz
2024-03-20 10:32:40 Uploading file: run14991.mid.gz
2024-03-20 10:32:40 Upload done: run14991.mid.gz
2024-03-20 10:34:11 Udatentig matadata for filer file: run14992.mid.gz
2024-03-20 10:34:14 Transferring file: run14992.mid.gz
2024-03-20 10:34:14 Uploading file: run14992.mid.gz
2024-03-20 10:34:14 Upload done: run14992.mid.gz
2024-03-20 10:35:57 Udatentig matadata for filer file: run14993.mid.gz
2024-03-20 10:36:00 Transferring file: run14993.mid.gz
2024-03-20 10:36:00 Uploading file: run14993.mid.gz
2024-03-20 10:36:00 Upload done: run14993.mid.gz
2024-03-20 10:38:35 Udatentig matadata for filer file: run14994.mid.gz
2024-03-20 10:38:39 Transferring file: run14994.mid.gz
2024-03-20 10:38:39 Uploading file: run14994.mid.gz
2024-03-20 10:38:39 Upload done: run14994.mid.gz
2024-03-20 10:40:09 Udatentig matadata for filer file: run14995.mid.gz
2024-03-20 10:40:12 Transferring file: run14995.mid.gz
2024-03-20 10:40:12 Uploading file: run14995.mid.gz
2024-03-20 10:40:12 Upload done: run14995.mid.gz
2024-03-20 10:44:06 Udatentig matadata for filer file: run14996.mid.gz
2024-03-20 10:44:09 Transferring file: run14996.mid.gz
2024-03-20 10:44:09 Uploading file: run14996.mid.gz
2024-03-20 10:44:09 Upload done: run14996.mid.gz
2024-03-20 10:46:01 Udatentig matadata for filer file: run14997.mid.gz
2024-03-20 10:46:04 Transferring file: run14997.mid.gz
2024-03-20 10:46:04 Uploading file: run14997.mid.gz
2024-03-20 10:46:04 Upload done: run14997.mid.gz
2024-03-20 10:48:38 Udatentig matadata for filer file: run14998.mid.gz
2024-03-20 10:48:41 Transferring file: run14998.mid.gz
2024-03-20 10:48:41 Uploading file: run14998.mid.gz
2024-03-20 10:48:41 Upload done: run14998.mid.gz
2024-03-20 10:50:34 Udatentig matadata for filer file: run14999.mid.gz
2024-03-20 10:50:37 Transferring file: run14999.mid.gz
2024-03-20 10:50:37 Uploading file: run14999.mid.gz
2024-03-20 10:50:37 Upload done: run14999.mid.gz
2024-03-20 10:52:29 Udatentig matadata for filer file: run15000.mid.gz
2024-03-20 10:52:32 Transferring file: run15000.mid.gz
2024-03-20 10:52:32 Uploading file: run15000.mid.gz
2024-03-20 10:52:32 Upload done: run15000.mid.gz
2024-03-20 10:56:02 Udatentig matadata for filer file: run15001.mid.gz
2024-03-20 10:56:06 Transferring file: run15001.mid.gz
2024-03-20 10:56:06 Uploading file: run15001.mid.gz
2024-03-20 10:56:06 Upload done: run15001.mid.gz
2024-03-20 10:57:57 Udatentig matadata for filer file: run15002.mid.gz
2024-03-20 10:58:01 Transferring file: run15002.mid.gz
2024-03-20 10:58:01 Uploading file: run15002.mid.gz
2024-03-20 10:58:01 Upload done: run15002.mid.gz
2024-03-20 11:00:14 Udatentig matadata for filer file: run15003.mid.gz
2024-03-20 11:00:18 Transferring file: run15003.mid.gz
2024-03-20 11:00:18 Uploading file: run15003.mid.gz
2024-03-20 11:00:18 Upload done: run15003.mid.gz
2024-03-20 11:02:10 Udatentig matadata for filer file: run15004.mid.gz
2024-03-20 11:02:14 Transferring file: run15004.mid.gz
2024-03-20 11:02:14 Uploading file: run15004.mid.gz
2024-03-20 11:02:14 Upload done: run15004.mid.gz
2024-03-20 11:04:06 Udatentig matadata for filer file: run15005.mid.gz
2024-03-20 11:04:10 Transferring file: run15005.mid.gz
2024-03-20 11:04:10 Uploading file: run15005.mid.gz
2024-03-20 11:04:10 Upload done: run15005.mid.gz
2024-03-20 11:06:36 Udatentig matadata for filer file: run15006.mid.gz
2024-03-20 11:06:39 Transferring file: run15006.mid.gz
2024-03-20 11:06:39 Uploading file: run15006.mid.gz
2024-03-20 11:06:39 Upload done: run15006.mid.gz
2024-03-20 11:08:32 Udatentig matadata for filer file: run15007.mid.gz
2024-03-20 11:08:35 Transferring file: run15007.mid.gz
2024-03-20 11:08:35 Uploading file: run15007.mid.gz
2024-03-20 11:08:35 Upload done: run15007.mid.gz
2024-03-20 11:10:37 Udatentig matadata for filer file: run15008.mid.gz
2024-03-20 11:10:40 Transferring file: run15008.mid.gz
2024-03-20 11:10:40 Uploading file: run15008.mid.gz
2024-03-20 11:10:40 Upload done: run15008.mid.gz
2024-03-20 11:12:33 Udatentig matadata for filer file: run15009.mid.gz
2024-03-20 11:12:36 Transferring file: run15009.mid.gz
2024-03-20 11:12:36 Uploading file: run15009.mid.gz
2024-03-20 11:12:36 Upload done: run15009.mid.gz
2024-03-20 11:14:29 Udatentig matadata for filer file: run15010.mid.gz
2024-03-20 11:14:31 Transferring file: run15010.mid.gz
2024-03-20 11:14:31 Uploading file: run15010.mid.gz
2024-03-20 11:14:31 Upload done: run15010.mid.gz
2024-03-20 11:20:28 Udatentig matadata for filer file: run15011.mid.gz
2024-03-20 11:20:30 Transferring file: run15011.mid.gz
2024-03-20 11:20:30 Uploading file: run15011.mid.gz
2024-03-20 11:20:30 Upload done: run15011.mid.gz
2024-03-20 11:29:00 Udatentig matadata for filer file: run15012.mid.gz
2024-03-20 11:29:03 Transferring file: run15012.mid.gz
2024-03-20 11:29:03 Uploading file: run15012.mid.gz
2024-03-20 11:29:03 Upload done: run15012.mid.gz
2024-03-20 11:34:49 Udatentig matadata for filer file: run15013.mid.gz
2024-03-20 11:34:52 Transferring file: run15013.mid.gz
2024-03-20 11:34:52 Uploading file: run15013.mid.gz
2024-03-20 11:34:52 Upload done: run15013.mid.gz
2024-03-20 11:42:30 Udatentig matadata for filer file: run15014.mid.gz
2024-03-20 11:42:33 Transferring file: run15014.mid.gz
2024-03-20 11:42:33 Uploading file: run15014.mid.gz
2024-03-20 11:42:33 Upload done: run15014.mid.gz
2024-03-20 11:48:30 Udatentig matadata for filer file: run15015.mid.gz
2024-03-20 11:48:33 Transferring file: run15015.mid.gz
2024-03-20 11:48:33 Uploading file: run15015.mid.gz
2024-03-20 11:48:33 Upload done: run15015.mid.gz
2024-03-20 11:54:30 Udatentig matadata for filer file: run15016.mid.gz
2024-03-20 11:54:33 Transferring file: run15016.mid.gz
2024-03-20 11:54:33 Uploading file: run15016.mid.gz
2024-03-20 11:54:33 Upload done: run15016.mid.gz
2024-03-20 12:00:31 Udatentig matadata for filer file: run15017.mid.gz
2024-03-20 12:00:34 Transferring file: run15017.mid.gz
2024-03-20 12:00:34 Uploading file: run15017.mid.gz
2024-03-20 12:00:34 Upload done: run15017.mid.gz
2024-03-20 12:06:12 Udatentig matadata for filer file: run15018.mid.gz
2024-03-20 12:06:14 Transferring file: run15018.mid.gz
2024-03-20 12:06:14 Uploading file: run15018.mid.gz
2024-03-20 12:06:14 Upload done: run15018.mid.gz
2024-03-20 12:12:34 Udatentig matadata for filer file: run15019.mid.gz
2024-03-20 12:12:36 Transferring file: run15019.mid.gz
2024-03-20 12:12:36 Uploading file: run15019.mid.gz
2024-03-20 12:12:36 Upload done: run15019.mid.gz
[midas2cloud,TALK] software alarm: Program cygnus_daq is not running
[midas2cloud,TALK] software alarm: Program cygnus_daq is not running
[midas2cloud,TALK] software alarm: Program cygnus_daq is not running
[midas2cloud,TALK] software alarm: Program cygnus_daq is not running
[midas2cloud,TALK] software alarm: Program cygnus_daq is not running
[midas2cloud,TALK] software alarm: Program cygnus_daq is not running
[midas2cloud,TALK] software alarm: Program cygnus_daq is not running
[midas2cloud,TALK] software alarm: Program cygnus_daq is not running
[midas2cloud,TALK] software alarm: Program cygnus_daq is not running
[midas2cloud,TALK] software alarm: Program cygnus_daq is not running
[midas2cloud,TALK] software alarm: Program cygnus_daq is not running
[midas2cloud,TALK] software alarm: Program cygnus_daq is not running
[midas2cloud,TALK] software alarm: Program cygnus_daq is not running
[midas2cloud,TALK] software alarm: Program cygnus_daq is not running
[midas2cloud,TALK] software alarm: Program cygnus_daq is not running
[midas2cloud,TALK] software alarm: Program cygnus_daq is not running
[midas2cloud,TALK] software alarm: Program cygnus_daq is not running
[midas2cloud,TALK] software alarm: Program cygnus_daq is not running
[midas2cloud,TALK] software alarm: Program cygnus_daq is not running
[midas2cloud,TALK] software alarm: Program cygnus_daq is not running
[midas2cloud,TALK] software alarm: Program cygnus_daq is not running
[midas2cloud,TALK] software alarm: Program cygnus_daq is not running
Traceback (most recent call last):
  File "/home/cygno01/daq/middleware/dev/midas2cloud_v0.1.py", line 266, in <module>
    main()
  File "/home/cygno01/daq/middleware/dev/midas2cloud_v0.1.py", line 148, in main
    file_in_dir=sorted(os.listdir(INAPATH))
OSError: [Errno 5] Input/output error: '/media/cygno01/DAVID_2Tb/data/'
cm_msg_log: Message "[midas2cloud,LOG] Program midas2cloud on host localhost stopped" not written to midas.log because open(/media/cygno01/DAVID_2Tb/data/midas.log) failed with errno 5 (Input/output error)
