2024-06-03 11:56:56 midas2cloud started
2024-06-03 11:56:58 WARNING: No new file uploaded
2024-06-03 11:57:08 WARNING: No new file uploaded
2024-06-03 11:57:18 WARNING: No new file uploaded
2024-06-03 11:57:28 WARNING: No new file uploaded
2024-06-03 11:57:38 WARNING: No new file uploaded
2024-06-03 11:57:48 WARNING: No new file uploaded
2024-06-03 11:57:58 WARNING: No new file uploaded
2024-06-03 11:58:08 WARNING: No new file uploaded
2024-06-03 11:58:18 WARNING: No new file uploaded
2024-06-03 11:58:28 WARNING: No new file uploaded
Midas shutdown
2024-06-19 15:18:48 midas2cloud started
2024-06-19 15:18:50 WARNING: No new file uploaded
2024-06-19 15:19:00 WARNING: No new file uploaded
2024-06-19 15:19:10 WARNING: No new file uploaded
2024-06-19 15:19:20 WARNING: No new file uploaded
2024-06-19 15:19:30 WARNING: No new file uploaded
2024-06-19 15:19:40 WARNING: No new file uploaded
2024-06-19 15:19:50 WARNING: No new file uploaded
2024-06-19 15:20:00 WARNING: No new file uploaded
2024-06-19 15:20:10 WARNING: No new file uploaded
2024-06-19 15:20:20 WARNING: No new file uploaded
2024-06-19 15:20:30 WARNING: No new file uploaded
2024-06-19 15:20:40 WARNING: No new file uploaded
2024-06-19 15:20:50 WARNING: No new file uploaded
2024-06-19 15:21:00 WARNING: No new file uploaded
2024-06-19 15:21:10 WARNING: No new file uploaded
2024-06-19 15:21:20 WARNING: No new file uploaded
2024-06-19 15:21:30 Udatentig matadata for filer file: run16231.mid.gz
2024-06-19 15:21:30 Transferring file: run16231.mid.gz
2024-06-19 15:21:30 Uploading file: run16231.mid.gz
2024-06-19 15:21:30 Upload done: run16231.mid.gz
2024-06-20 10:42:29 Udatentig matadata for filer file: run16236.mid.gz
2024-06-20 10:42:31 Transferring file: run16236.mid.gz
2024-06-20 10:42:31 Uploading file: run16236.mid.gz
2024-06-20 10:42:31 Upload done: run16236.mid.gz
2024-06-20 10:58:30 Udatentig matadata for filer file: run16237.mid.gz
2024-06-20 10:58:32 Transferring file: run16237.mid.gz
2024-06-20 10:58:32 Uploading file: run16237.mid.gz
2024-06-20 10:58:32 Upload done: run16237.mid.gz
2024-06-20 11:12:24 Udatentig matadata for filer file: run16238.mid.gz
2024-06-20 11:12:26 Transferring file: run16238.mid.gz
2024-06-20 11:12:26 Uploading file: run16238.mid.gz
2024-06-20 11:12:26 Upload done: run16238.mid.gz
2024-06-20 11:25:04 Udatentig matadata for filer file: run16239.mid.gz
2024-06-20 11:25:05 Transferring file: run16239.mid.gz
2024-06-20 11:25:05 Uploading file: run16239.mid.gz
2024-06-20 11:25:05 Upload done: run16239.mid.gz
2024-06-20 11:37:32 Udatentig matadata for filer file: run16240.mid.gz
2024-06-20 11:37:35 Transferring file: run16240.mid.gz
2024-06-20 11:37:35 Uploading file: run16240.mid.gz
2024-06-20 11:37:35 Upload done: run16240.mid.gz
2024-06-20 11:48:04 Udatentig matadata for filer file: run16241.mid.gz
2024-06-20 11:48:05 Transferring file: run16241.mid.gz
2024-06-20 11:48:05 Uploading file: run16241.mid.gz
2024-06-20 11:48:05 Upload done: run16241.mid.gz
2024-06-20 11:58:35 Udatentig matadata for filer file: run16242.mid.gz
2024-06-20 11:58:37 Transferring file: run16242.mid.gz
2024-06-20 11:58:37 Uploading file: run16242.mid.gz
2024-06-20 11:58:37 Upload done: run16242.mid.gz
2024-06-20 12:09:05 Udatentig matadata for filer file: run16243.mid.gz
2024-06-20 12:09:07 Transferring file: run16243.mid.gz
2024-06-20 12:09:07 Uploading file: run16243.mid.gz
2024-06-20 12:09:07 Upload done: run16243.mid.gz
2024-06-20 12:18:06 Udatentig matadata for filer file: run16244.mid.gz
2024-06-20 12:18:07 Transferring file: run16244.mid.gz
2024-06-20 12:18:07 Uploading file: run16244.mid.gz
2024-06-20 12:18:07 Upload done: run16244.mid.gz
2024-06-20 12:28:05 Udatentig matadata for filer file: run16245.mid.gz
2024-06-20 12:28:07 Transferring file: run16245.mid.gz
2024-06-20 12:28:07 Uploading file: run16245.mid.gz
2024-06-20 12:28:07 Upload done: run16245.mid.gz
2024-06-20 12:38:09 Udatentig matadata for filer file: run16246.mid.gz
2024-06-20 12:38:11 Transferring file: run16246.mid.gz
2024-06-20 12:38:11 Uploading file: run16246.mid.gz
2024-06-20 12:38:11 Upload done: run16246.mid.gz
2024-06-20 12:48:41 Udatentig matadata for filer file: run16247.mid.gz
2024-06-20 12:48:43 Transferring file: run16247.mid.gz
2024-06-20 12:48:43 Uploading file: run16247.mid.gz
2024-06-20 12:48:43 Upload done: run16247.mid.gz
2024-06-20 12:58:42 Udatentig matadata for filer file: run16248.mid.gz
2024-06-20 12:58:44 Transferring file: run16248.mid.gz
2024-06-20 12:58:44 Uploading file: run16248.mid.gz
2024-06-20 12:58:44 Upload done: run16248.mid.gz
2024-06-20 13:08:14 Udatentig matadata for filer file: run16249.mid.gz
2024-06-20 13:08:16 Transferring file: run16249.mid.gz
2024-06-20 13:08:16 Uploading file: run16249.mid.gz
2024-06-20 13:08:16 Upload done: run16249.mid.gz
2024-06-20 13:17:16 Udatentig matadata for filer file: run16250.mid.gz
2024-06-20 13:17:18 Transferring file: run16250.mid.gz
2024-06-20 13:17:18 Uploading file: run16250.mid.gz
2024-06-20 13:17:18 Upload done: run16250.mid.gz
2024-06-20 13:27:11 Udatentig matadata for filer file: run16251.mid.gz
2024-06-20 13:27:13 Transferring file: run16251.mid.gz
2024-06-20 13:27:13 Uploading file: run16251.mid.gz
2024-06-20 13:27:13 Upload done: run16251.mid.gz
2024-06-20 13:36:45 Udatentig matadata for filer file: run16252.mid.gz
2024-06-20 13:36:47 Transferring file: run16252.mid.gz
2024-06-20 13:36:47 Uploading file: run16252.mid.gz
2024-06-20 13:36:47 Upload done: run16252.mid.gz
2024-06-20 13:46:19 Udatentig matadata for filer file: run16253.mid.gz
2024-06-20 13:46:21 Transferring file: run16253.mid.gz
2024-06-20 13:46:21 Uploading file: run16253.mid.gz
2024-06-20 13:46:21 Upload done: run16253.mid.gz
2024-06-20 13:55:53 Udatentig matadata for filer file: run16254.mid.gz
2024-06-20 13:55:55 Transferring file: run16254.mid.gz
2024-06-20 13:55:55 Uploading file: run16254.mid.gz
2024-06-20 13:55:55 Upload done: run16254.mid.gz
2024-06-20 14:05:17 Udatentig matadata for filer file: run16255.mid.gz
2024-06-20 14:05:19 Transferring file: run16255.mid.gz
2024-06-20 14:05:19 Uploading file: run16255.mid.gz
2024-06-20 14:05:19 Upload done: run16255.mid.gz
2024-06-20 14:15:20 Udatentig matadata for filer file: run16256.mid.gz
2024-06-20 14:15:22 Transferring file: run16256.mid.gz
2024-06-20 14:15:22 Uploading file: run16256.mid.gz
2024-06-20 14:15:22 Upload done: run16256.mid.gz
2024-06-20 15:10:02 Udatentig matadata for filer file: run16257.mid.gz
2024-06-20 15:10:04 Transferring file: run16257.mid.gz
2024-06-20 15:10:04 Uploading file: run16257.mid.gz
2024-06-20 15:10:04 Upload done: run16257.mid.gz
2024-06-20 15:19:29 Udatentig matadata for filer file: run16258.mid.gz
2024-06-20 15:19:31 Transferring file: run16258.mid.gz
2024-06-20 15:19:31 Uploading file: run16258.mid.gz
2024-06-20 15:19:31 Upload done: run16258.mid.gz
2024-06-20 15:29:57 Udatentig matadata for filer file: run16259.mid.gz
2024-06-20 15:29:59 Transferring file: run16259.mid.gz
2024-06-20 15:29:59 Uploading file: run16259.mid.gz
2024-06-20 15:29:59 Upload done: run16259.mid.gz
2024-06-20 15:39:56 Udatentig matadata for filer file: run16260.mid.gz
2024-06-20 15:39:57 Transferring file: run16260.mid.gz
2024-06-20 15:39:57 Uploading file: run16260.mid.gz
2024-06-20 15:39:57 Upload done: run16260.mid.gz
2024-06-20 15:49:31 Udatentig matadata for filer file: run16261.mid.gz
2024-06-20 15:49:33 Transferring file: run16261.mid.gz
2024-06-20 15:49:33 Uploading file: run16261.mid.gz
2024-06-20 15:49:33 Upload done: run16261.mid.gz
2024-06-20 15:58:40 Udatentig matadata for filer file: run16262.mid.gz
2024-06-20 15:58:43 Transferring file: run16262.mid.gz
2024-06-20 15:58:43 Uploading file: run16262.mid.gz
2024-06-20 15:58:43 Upload done: run16262.mid.gz
2024-06-20 16:07:34 Udatentig matadata for filer file: run16263.mid.gz
2024-06-20 16:07:36 Transferring file: run16263.mid.gz
2024-06-20 16:07:36 Uploading file: run16263.mid.gz
2024-06-20 16:07:36 Upload done: run16263.mid.gz
2024-06-20 16:16:42 Udatentig matadata for filer file: run16264.mid.gz
2024-06-20 16:16:44 Transferring file: run16264.mid.gz
2024-06-20 16:16:44 Uploading file: run16264.mid.gz
2024-06-20 16:16:44 Upload done: run16264.mid.gz
2024-06-20 16:25:07 Udatentig matadata for filer file: run16265.mid.gz
2024-06-20 16:25:08 Transferring file: run16265.mid.gz
2024-06-20 16:25:08 Uploading file: run16265.mid.gz
2024-06-20 16:25:08 Upload done: run16265.mid.gz
2024-06-20 16:34:35 Udatentig matadata for filer file: run16266.mid.gz
2024-06-20 16:34:37 Transferring file: run16266.mid.gz
2024-06-20 16:34:37 Uploading file: run16266.mid.gz
2024-06-20 16:34:37 Upload done: run16266.mid.gz
2024-06-20 16:43:07 Udatentig matadata for filer file: run16267.mid.gz
2024-06-20 16:43:08 Transferring file: run16267.mid.gz
2024-06-20 16:43:08 Uploading file: run16267.mid.gz
2024-06-20 16:43:08 Upload done: run16267.mid.gz
2024-06-20 16:51:55 Udatentig matadata for filer file: run16268.mid.gz
2024-06-20 16:51:57 Transferring file: run16268.mid.gz
2024-06-20 16:51:57 Uploading file: run16268.mid.gz
2024-06-20 16:51:57 Upload done: run16268.mid.gz
2024-06-20 17:00:12 Udatentig matadata for filer file: run16269.mid.gz
2024-06-20 17:00:14 Transferring file: run16269.mid.gz
2024-06-20 17:00:14 Uploading file: run16269.mid.gz
2024-06-20 17:00:14 Upload done: run16269.mid.gz
2024-06-20 17:08:44 Udatentig matadata for filer file: run16270.mid.gz
2024-06-20 17:08:46 Transferring file: run16270.mid.gz
2024-06-20 17:08:46 Uploading file: run16270.mid.gz
2024-06-20 17:08:46 Upload done: run16270.mid.gz
2024-06-20 17:17:16 Udatentig matadata for filer file: run16271.mid.gz
2024-06-20 17:17:18 Transferring file: run16271.mid.gz
2024-06-20 17:17:18 Uploading file: run16271.mid.gz
2024-06-20 17:17:18 Upload done: run16271.mid.gz
2024-06-20 17:25:44 Udatentig matadata for filer file: run16272.mid.gz
2024-06-20 17:25:46 Transferring file: run16272.mid.gz
2024-06-20 17:25:46 Uploading file: run16272.mid.gz
2024-06-20 17:25:46 Upload done: run16272.mid.gz
2024-06-20 17:34:46 Udatentig matadata for filer file: run16273.mid.gz
2024-06-20 17:34:48 Transferring file: run16273.mid.gz
2024-06-20 17:34:48 Uploading file: run16273.mid.gz
2024-06-20 17:34:48 Upload done: run16273.mid.gz
2024-06-20 17:44:12 Udatentig matadata for filer file: run16274.mid.gz
2024-06-20 17:44:15 Transferring file: run16274.mid.gz
2024-06-20 17:44:15 Uploading file: run16274.mid.gz
2024-06-20 17:44:15 Upload done: run16274.mid.gz
2024-06-20 17:53:17 Udatentig matadata for filer file: run16275.mid.gz
2024-06-20 17:53:19 Transferring file: run16275.mid.gz
2024-06-20 17:53:19 Uploading file: run16275.mid.gz
2024-06-20 17:53:19 Upload done: run16275.mid.gz
2024-06-20 18:01:46 Udatentig matadata for filer file: run16276.mid.gz
2024-06-20 18:01:47 Transferring file: run16276.mid.gz
2024-06-20 18:01:47 Uploading file: run16276.mid.gz
2024-06-20 18:01:47 Upload done: run16276.mid.gz
2024-06-20 19:26:01 Udatentig matadata for filer file: run16277.mid.gz
2024-06-20 19:26:02 Transferring file: run16277.mid.gz
2024-06-20 19:26:02 Uploading file: run16277.mid.gz
2024-06-20 19:26:02 Upload done: run16277.mid.gz
2024-06-20 19:36:56 Udatentig matadata for filer file: run16278.mid.gz
2024-06-20 19:36:58 Transferring file: run16278.mid.gz
2024-06-20 19:36:58 Uploading file: run16278.mid.gz
2024-06-20 19:36:58 Upload done: run16278.mid.gz
2024-06-20 19:48:03 Udatentig matadata for filer file: run16279.mid.gz
2024-06-20 19:48:04 Transferring file: run16279.mid.gz
2024-06-20 19:48:04 Uploading file: run16279.mid.gz
2024-06-20 19:48:04 Upload done: run16279.mid.gz
2024-06-20 19:57:57 Udatentig matadata for filer file: run16280.mid.gz
2024-06-20 19:57:59 Transferring file: run16280.mid.gz
2024-06-20 19:57:59 Uploading file: run16280.mid.gz
2024-06-20 19:57:59 Upload done: run16280.mid.gz
2024-06-20 20:07:29 Udatentig matadata for filer file: run16281.mid.gz
2024-06-20 20:07:31 Transferring file: run16281.mid.gz
2024-06-20 20:07:31 Uploading file: run16281.mid.gz
2024-06-20 20:07:31 Upload done: run16281.mid.gz
2024-06-20 20:16:31 Udatentig matadata for filer file: run16282.mid.gz
2024-06-20 20:16:33 Transferring file: run16282.mid.gz
2024-06-20 20:16:33 Uploading file: run16282.mid.gz
2024-06-20 20:16:33 Upload done: run16282.mid.gz
2024-06-20 20:27:08 Udatentig matadata for filer file: run16283.mid.gz
2024-06-20 20:27:10 Transferring file: run16283.mid.gz
2024-06-20 20:27:10 Uploading file: run16283.mid.gz
2024-06-20 20:27:10 Upload done: run16283.mid.gz
2024-06-20 20:36:53 Udatentig matadata for filer file: run16284.mid.gz
2024-06-20 20:36:55 Transferring file: run16284.mid.gz
2024-06-20 20:36:55 Uploading file: run16284.mid.gz
2024-06-20 20:36:55 Upload done: run16284.mid.gz
2024-06-20 20:46:07 Udatentig matadata for filer file: run16285.mid.gz
2024-06-20 20:46:08 Transferring file: run16285.mid.gz
2024-06-20 20:46:08 Uploading file: run16285.mid.gz
2024-06-20 20:46:08 Upload done: run16285.mid.gz
2024-06-20 20:55:41 Udatentig matadata for filer file: run16286.mid.gz
2024-06-20 20:55:43 Transferring file: run16286.mid.gz
2024-06-20 20:55:43 Uploading file: run16286.mid.gz
2024-06-20 20:55:43 Upload done: run16286.mid.gz
2024-06-20 21:05:36 Udatentig matadata for filer file: run16287.mid.gz
2024-06-20 21:05:38 Transferring file: run16287.mid.gz
2024-06-20 21:05:38 Uploading file: run16287.mid.gz
2024-06-20 21:05:38 Upload done: run16287.mid.gz
2024-06-20 21:14:41 Udatentig matadata for filer file: run16288.mid.gz
2024-06-20 21:14:43 Transferring file: run16288.mid.gz
2024-06-20 21:14:43 Uploading file: run16288.mid.gz
2024-06-20 21:14:43 Upload done: run16288.mid.gz
2024-06-20 21:23:45 Udatentig matadata for filer file: run16289.mid.gz
2024-06-20 21:23:48 Transferring file: run16289.mid.gz
2024-06-20 21:23:48 Uploading file: run16289.mid.gz
2024-06-20 21:23:48 Upload done: run16289.mid.gz
2024-06-20 21:32:51 Udatentig matadata for filer file: run16290.mid.gz
2024-06-20 21:32:53 Transferring file: run16290.mid.gz
2024-06-20 21:32:53 Uploading file: run16290.mid.gz
2024-06-20 21:32:53 Upload done: run16290.mid.gz
2024-06-20 21:40:53 Udatentig matadata for filer file: run16291.mid.gz
2024-06-20 21:40:54 Transferring file: run16291.mid.gz
2024-06-20 21:40:54 Uploading file: run16291.mid.gz
2024-06-20 21:40:54 Upload done: run16291.mid.gz
2024-06-20 22:05:19 Udatentig matadata for filer file: run16292.mid.gz
2024-06-20 22:05:19 Transferring file: run16292.mid.gz
2024-06-20 22:05:19 Uploading file: run16292.mid.gz
2024-06-20 22:05:19 Upload done: run16292.mid.gz
2024-06-20 22:18:04 Udatentig matadata for filer file: run16295.mid.gz
2024-06-20 22:18:04 Transferring file: run16295.mid.gz
2024-06-20 22:18:04 Uploading file: run16295.mid.gz
2024-06-20 22:18:04 Upload done: run16295.mid.gz
2024-06-20 22:56:18 Udatentig matadata for filer file: run16293.mid.gz
2024-06-20 22:56:20 Transferring file: run16293.mid.gz
2024-06-20 22:56:20 Uploading file: run16293.mid.gz
2024-06-20 22:56:20 Upload done: run16293.mid.gz
2024-06-20 22:59:48 Udatentig matadata for filer file: run16294.mid.gz
2024-06-20 22:59:50 Transferring file: run16294.mid.gz
2024-06-20 22:59:50 Uploading file: run16294.mid.gz
2024-06-20 22:59:50 Upload done: run16294.mid.gz
2024-06-20 23:06:57 Udatentig matadata for filer file: run16296.mid.gz
2024-06-20 23:06:59 Transferring file: run16296.mid.gz
2024-06-20 23:06:59 Uploading file: run16296.mid.gz
2024-06-20 23:06:59 Upload done: run16296.mid.gz
2024-06-20 23:10:26 Udatentig matadata for filer file: run16297.mid.gz
2024-06-20 23:10:28 Transferring file: run16297.mid.gz
2024-06-20 23:10:28 Uploading file: run16297.mid.gz
2024-06-20 23:10:28 Upload done: run16297.mid.gz
2024-06-20 23:13:57 Udatentig matadata for filer file: run16298.mid.gz
2024-06-20 23:14:00 Transferring file: run16298.mid.gz
2024-06-20 23:14:00 Uploading file: run16298.mid.gz
2024-06-20 23:14:00 Upload done: run16298.mid.gz
2024-06-20 23:16:55 Udatentig matadata for filer file: run16299.mid.gz
2024-06-20 23:16:58 Transferring file: run16299.mid.gz
2024-06-20 23:16:58 Uploading file: run16299.mid.gz
2024-06-20 23:16:58 Upload done: run16299.mid.gz
2024-06-20 23:20:25 Udatentig matadata for filer file: run16300.mid.gz
2024-06-20 23:20:27 Transferring file: run16300.mid.gz
2024-06-20 23:20:27 Uploading file: run16300.mid.gz
2024-06-20 23:20:27 Upload done: run16300.mid.gz
2024-06-20 23:24:27 Udatentig matadata for filer file: run16301.mid.gz
2024-06-20 23:24:28 Transferring file: run16301.mid.gz
2024-06-20 23:24:28 Uploading file: run16301.mid.gz
2024-06-20 23:24:28 Upload done: run16301.mid.gz
2024-06-20 23:27:56 Udatentig matadata for filer file: run16302.mid.gz
2024-06-20 23:27:58 Transferring file: run16302.mid.gz
2024-06-20 23:27:58 Uploading file: run16302.mid.gz
2024-06-20 23:27:58 Upload done: run16302.mid.gz
2024-06-20 23:31:27 Udatentig matadata for filer file: run16303.mid.gz
2024-06-20 23:31:29 Transferring file: run16303.mid.gz
2024-06-20 23:31:29 Uploading file: run16303.mid.gz
2024-06-20 23:31:29 Upload done: run16303.mid.gz
2024-06-20 23:35:07 Udatentig matadata for filer file: run16304.mid.gz
2024-06-20 23:35:09 Transferring file: run16304.mid.gz
2024-06-20 23:35:09 Uploading file: run16304.mid.gz
2024-06-20 23:35:09 Upload done: run16304.mid.gz
2024-06-20 23:37:56 Udatentig matadata for filer file: run16305.mid.gz
2024-06-20 23:37:57 Transferring file: run16305.mid.gz
2024-06-20 23:37:57 Uploading file: run16305.mid.gz
2024-06-20 23:37:57 Upload done: run16305.mid.gz
2024-06-20 23:41:29 Udatentig matadata for filer file: run16306.mid.gz
2024-06-20 23:41:31 Transferring file: run16306.mid.gz
2024-06-20 23:41:31 Uploading file: run16306.mid.gz
2024-06-20 23:41:31 Upload done: run16306.mid.gz
2024-06-20 23:45:02 Udatentig matadata for filer file: run16307.mid.gz
2024-06-20 23:45:04 Transferring file: run16307.mid.gz
2024-06-20 23:45:04 Uploading file: run16307.mid.gz
2024-06-20 23:45:04 Upload done: run16307.mid.gz
2024-06-20 23:48:32 Udatentig matadata for filer file: run16308.mid.gz
2024-06-20 23:48:34 Transferring file: run16308.mid.gz
2024-06-20 23:48:34 Uploading file: run16308.mid.gz
2024-06-20 23:48:34 Upload done: run16308.mid.gz
2024-06-20 23:52:03 Udatentig matadata for filer file: run16309.mid.gz
2024-06-20 23:52:05 Transferring file: run16309.mid.gz
2024-06-20 23:52:05 Uploading file: run16309.mid.gz
2024-06-20 23:52:05 Upload done: run16309.mid.gz
2024-06-20 23:55:56 Udatentig matadata for filer file: run16310.mid.gz
2024-06-20 23:55:58 Transferring file: run16310.mid.gz
2024-06-20 23:55:58 Uploading file: run16310.mid.gz
2024-06-20 23:55:58 Upload done: run16310.mid.gz
2024-06-20 23:59:26 Udatentig matadata for filer file: run16311.mid.gz
2024-06-20 23:59:28 Transferring file: run16311.mid.gz
2024-06-20 23:59:28 Uploading file: run16311.mid.gz
2024-06-20 23:59:28 Upload done: run16311.mid.gz
2024-06-21 00:02:36 Udatentig matadata for filer file: run16312.mid.gz
2024-06-21 00:02:39 Transferring file: run16312.mid.gz
2024-06-21 00:02:39 Uploading file: run16312.mid.gz
2024-06-21 00:02:39 Upload done: run16312.mid.gz
2024-06-21 00:05:58 Udatentig matadata for filer file: run16313.mid.gz
2024-06-21 00:06:00 Transferring file: run16313.mid.gz
2024-06-21 00:06:00 Uploading file: run16313.mid.gz
2024-06-21 00:06:00 Upload done: run16313.mid.gz
2024-06-21 00:09:41 Udatentig matadata for filer file: run16314.mid.gz
2024-06-21 00:09:43 Transferring file: run16314.mid.gz
2024-06-21 00:09:43 Uploading file: run16314.mid.gz
2024-06-21 00:09:43 Upload done: run16314.mid.gz
2024-06-21 00:13:04 Udatentig matadata for filer file: run16315.mid.gz
2024-06-21 00:13:06 Transferring file: run16315.mid.gz
2024-06-21 00:13:06 Uploading file: run16315.mid.gz
2024-06-21 00:13:06 Upload done: run16315.mid.gz
2024-06-21 00:16:36 Udatentig matadata for filer file: run16316.mid.gz
2024-06-21 00:16:38 Transferring file: run16316.mid.gz
2024-06-21 00:16:38 Uploading file: run16316.mid.gz
2024-06-21 00:16:38 Upload done: run16316.mid.gz
2024-06-21 00:20:06 Udatentig matadata for filer file: run16317.mid.gz
2024-06-21 00:20:08 Transferring file: run16317.mid.gz
2024-06-21 00:20:08 Uploading file: run16317.mid.gz
2024-06-21 00:20:08 Upload done: run16317.mid.gz
2024-06-21 00:23:32 Udatentig matadata for filer file: run16318.mid.gz
2024-06-21 00:23:34 Transferring file: run16318.mid.gz
2024-06-21 00:23:34 Uploading file: run16318.mid.gz
2024-06-21 00:23:34 Upload done: run16318.mid.gz
2024-06-21 00:27:15 Udatentig matadata for filer file: run16319.mid.gz
2024-06-21 00:27:17 Transferring file: run16319.mid.gz
2024-06-21 00:27:17 Uploading file: run16319.mid.gz
2024-06-21 00:27:17 Upload done: run16319.mid.gz
2024-06-21 00:30:48 Udatentig matadata for filer file: run16320.mid.gz
2024-06-21 00:30:50 Transferring file: run16320.mid.gz
2024-06-21 00:30:50 Uploading file: run16320.mid.gz
2024-06-21 00:30:50 Upload done: run16320.mid.gz
2024-06-21 00:34:10 Udatentig matadata for filer file: run16321.mid.gz
2024-06-21 00:34:12 Transferring file: run16321.mid.gz
2024-06-21 00:34:12 Uploading file: run16321.mid.gz
2024-06-21 00:34:12 Upload done: run16321.mid.gz
2024-06-21 00:37:41 Udatentig matadata for filer file: run16322.mid.gz
2024-06-21 00:37:43 Transferring file: run16322.mid.gz
2024-06-21 00:37:43 Uploading file: run16322.mid.gz
2024-06-21 00:37:43 Upload done: run16322.mid.gz
2024-06-21 00:41:12 Udatentig matadata for filer file: run16323.mid.gz
2024-06-21 00:41:14 Transferring file: run16323.mid.gz
2024-06-21 00:41:14 Uploading file: run16323.mid.gz
2024-06-21 00:41:14 Upload done: run16323.mid.gz
2024-06-21 00:44:44 Udatentig matadata for filer file: run16324.mid.gz
2024-06-21 00:44:46 Transferring file: run16324.mid.gz
2024-06-21 00:44:46 Uploading file: run16324.mid.gz
2024-06-21 00:44:46 Upload done: run16324.mid.gz
2024-06-21 00:48:16 Udatentig matadata for filer file: run16325.mid.gz
2024-06-21 00:48:18 Transferring file: run16325.mid.gz
2024-06-21 00:48:18 Uploading file: run16325.mid.gz
2024-06-21 00:48:18 Upload done: run16325.mid.gz
2024-06-21 00:51:37 Udatentig matadata for filer file: run16326.mid.gz
2024-06-21 00:51:40 Transferring file: run16326.mid.gz
2024-06-21 00:51:40 Uploading file: run16326.mid.gz
2024-06-21 00:51:40 Upload done: run16326.mid.gz
2024-06-21 00:55:07 Udatentig matadata for filer file: run16327.mid.gz
2024-06-21 00:55:09 Transferring file: run16327.mid.gz
2024-06-21 00:55:09 Uploading file: run16327.mid.gz
2024-06-21 00:55:09 Upload done: run16327.mid.gz
2024-06-21 00:58:33 Udatentig matadata for filer file: run16328.mid.gz
2024-06-21 00:58:35 Transferring file: run16328.mid.gz
2024-06-21 00:58:35 Uploading file: run16328.mid.gz
2024-06-21 00:58:35 Upload done: run16328.mid.gz
2024-06-21 01:02:05 Udatentig matadata for filer file: run16329.mid.gz
2024-06-21 01:02:06 Transferring file: run16329.mid.gz
2024-06-21 01:02:06 Uploading file: run16329.mid.gz
2024-06-21 01:02:06 Upload done: run16329.mid.gz
2024-06-21 01:05:36 Udatentig matadata for filer file: run16330.mid.gz
2024-06-21 01:05:38 Transferring file: run16330.mid.gz
2024-06-21 01:05:38 Uploading file: run16330.mid.gz
2024-06-21 01:05:38 Upload done: run16330.mid.gz
2024-06-21 01:09:09 Udatentig matadata for filer file: run16331.mid.gz
2024-06-21 01:09:12 Transferring file: run16331.mid.gz
2024-06-21 01:09:12 Uploading file: run16331.mid.gz
2024-06-21 01:09:12 Upload done: run16331.mid.gz
2024-06-21 01:12:41 Udatentig matadata for filer file: run16332.mid.gz
2024-06-21 01:12:44 Transferring file: run16332.mid.gz
2024-06-21 01:12:44 Uploading file: run16332.mid.gz
2024-06-21 01:12:44 Upload done: run16332.mid.gz
2024-06-21 01:16:15 Udatentig matadata for filer file: run16333.mid.gz
2024-06-21 01:16:18 Transferring file: run16333.mid.gz
2024-06-21 01:16:18 Uploading file: run16333.mid.gz
2024-06-21 01:16:18 Upload done: run16333.mid.gz
2024-06-21 01:19:38 Udatentig matadata for filer file: run16334.mid.gz
2024-06-21 01:19:40 Transferring file: run16334.mid.gz
2024-06-21 01:19:40 Uploading file: run16334.mid.gz
2024-06-21 01:19:40 Upload done: run16334.mid.gz
2024-06-21 01:23:10 Udatentig matadata for filer file: run16335.mid.gz
2024-06-21 01:23:12 Transferring file: run16335.mid.gz
2024-06-21 01:23:12 Uploading file: run16335.mid.gz
2024-06-21 01:23:12 Upload done: run16335.mid.gz
2024-06-21 01:26:54 Udatentig matadata for filer file: run16336.mid.gz
2024-06-21 01:26:56 Transferring file: run16336.mid.gz
2024-06-21 01:26:56 Uploading file: run16336.mid.gz
2024-06-21 01:26:56 Upload done: run16336.mid.gz
2024-06-21 01:29:34 Udatentig matadata for filer file: run16337.mid.gz
2024-06-21 01:29:36 Transferring file: run16337.mid.gz
2024-06-21 01:29:36 Uploading file: run16337.mid.gz
2024-06-21 01:29:36 Upload done: run16337.mid.gz
2024-06-21 01:33:07 Udatentig matadata for filer file: run16338.mid.gz
2024-06-21 01:33:09 Transferring file: run16338.mid.gz
2024-06-21 01:33:09 Uploading file: run16338.mid.gz
2024-06-21 01:33:09 Upload done: run16338.mid.gz
2024-06-21 01:36:41 Udatentig matadata for filer file: run16339.mid.gz
2024-06-21 01:36:43 Transferring file: run16339.mid.gz
2024-06-21 01:36:43 Uploading file: run16339.mid.gz
2024-06-21 01:36:43 Upload done: run16339.mid.gz
2024-06-21 01:40:03 Udatentig matadata for filer file: run16340.mid.gz
2024-06-21 01:40:05 Transferring file: run16340.mid.gz
2024-06-21 01:40:05 Uploading file: run16340.mid.gz
2024-06-21 01:40:05 Upload done: run16340.mid.gz
2024-06-21 01:55:12 Udatentig matadata for filer file: run16341.mid.gz
2024-06-21 01:55:13 Transferring file: run16341.mid.gz
2024-06-21 01:55:13 Uploading file: run16341.mid.gz
2024-06-21 01:55:13 Upload done: run16341.mid.gz
2024-06-21 01:58:45 Udatentig matadata for filer file: run16342.mid.gz
2024-06-21 01:58:47 Transferring file: run16342.mid.gz
2024-06-21 01:58:47 Uploading file: run16342.mid.gz
2024-06-21 01:58:47 Upload done: run16342.mid.gz
2024-06-21 02:02:10 Udatentig matadata for filer file: run16343.mid.gz
2024-06-21 02:02:12 Transferring file: run16343.mid.gz
2024-06-21 02:02:12 Uploading file: run16343.mid.gz
2024-06-21 02:02:12 Upload done: run16343.mid.gz
2024-06-21 02:05:11 Udatentig matadata for filer file: run16344.mid.gz
2024-06-21 02:05:13 Transferring file: run16344.mid.gz
2024-06-21 02:05:13 Uploading file: run16344.mid.gz
2024-06-21 02:05:13 Upload done: run16344.mid.gz
2024-06-21 02:08:44 Udatentig matadata for filer file: run16345.mid.gz
2024-06-21 02:08:46 Transferring file: run16345.mid.gz
2024-06-21 02:08:46 Uploading file: run16345.mid.gz
2024-06-21 02:08:46 Upload done: run16345.mid.gz
2024-06-21 02:12:06 Udatentig matadata for filer file: run16346.mid.gz
2024-06-21 02:12:08 Transferring file: run16346.mid.gz
2024-06-21 02:12:08 Uploading file: run16346.mid.gz
2024-06-21 02:12:08 Upload done: run16346.mid.gz
2024-06-21 02:15:40 Udatentig matadata for filer file: run16347.mid.gz
2024-06-21 02:15:42 Transferring file: run16347.mid.gz
2024-06-21 02:15:42 Uploading file: run16347.mid.gz
2024-06-21 02:15:42 Upload done: run16347.mid.gz
2024-06-21 02:19:14 Udatentig matadata for filer file: run16348.mid.gz
2024-06-21 02:19:16 Transferring file: run16348.mid.gz
2024-06-21 02:19:16 Uploading file: run16348.mid.gz
2024-06-21 02:19:16 Upload done: run16348.mid.gz
2024-06-21 02:22:48 Udatentig matadata for filer file: run16349.mid.gz
2024-06-21 02:22:50 Transferring file: run16349.mid.gz
2024-06-21 02:22:50 Uploading file: run16349.mid.gz
2024-06-21 02:22:50 Upload done: run16349.mid.gz
2024-06-21 02:26:10 Udatentig matadata for filer file: run16350.mid.gz
2024-06-21 02:26:12 Transferring file: run16350.mid.gz
2024-06-21 02:26:12 Uploading file: run16350.mid.gz
2024-06-21 02:26:12 Upload done: run16350.mid.gz
2024-06-21 02:29:44 Udatentig matadata for filer file: run16351.mid.gz
2024-06-21 02:29:46 Transferring file: run16351.mid.gz
2024-06-21 02:29:46 Uploading file: run16351.mid.gz
2024-06-21 02:29:46 Upload done: run16351.mid.gz
2024-06-21 02:33:17 Udatentig matadata for filer file: run16352.mid.gz
2024-06-21 02:33:20 Transferring file: run16352.mid.gz
2024-06-21 02:33:20 Uploading file: run16352.mid.gz
2024-06-21 02:33:20 Upload done: run16352.mid.gz
2024-06-21 02:36:42 Udatentig matadata for filer file: run16353.mid.gz
2024-06-21 02:36:44 Transferring file: run16353.mid.gz
2024-06-21 02:36:44 Uploading file: run16353.mid.gz
2024-06-21 02:36:44 Upload done: run16353.mid.gz
2024-06-21 02:40:16 Udatentig matadata for filer file: run16354.mid.gz
2024-06-21 02:40:18 Transferring file: run16354.mid.gz
2024-06-21 02:40:18 Uploading file: run16354.mid.gz
2024-06-21 02:40:18 Upload done: run16354.mid.gz
2024-06-21 02:43:51 Udatentig matadata for filer file: run16355.mid.gz
2024-06-21 02:43:54 Transferring file: run16355.mid.gz
2024-06-21 02:43:54 Uploading file: run16355.mid.gz
2024-06-21 02:43:54 Upload done: run16355.mid.gz
2024-06-21 02:47:37 Udatentig matadata for filer file: run16356.mid.gz
2024-06-21 02:47:39 Transferring file: run16356.mid.gz
2024-06-21 02:47:39 Uploading file: run16356.mid.gz
2024-06-21 02:47:39 Upload done: run16356.mid.gz
2024-06-21 02:50:49 Udatentig matadata for filer file: run16357.mid.gz
2024-06-21 02:50:51 Transferring file: run16357.mid.gz
2024-06-21 02:50:51 Uploading file: run16357.mid.gz
2024-06-21 02:50:51 Upload done: run16357.mid.gz
2024-06-21 02:54:13 Udatentig matadata for filer file: run16358.mid.gz
2024-06-21 02:54:15 Transferring file: run16358.mid.gz
2024-06-21 02:54:15 Uploading file: run16358.mid.gz
2024-06-21 02:54:15 Upload done: run16358.mid.gz
2024-06-21 02:57:48 Udatentig matadata for filer file: run16359.mid.gz
2024-06-21 02:57:50 Transferring file: run16359.mid.gz
2024-06-21 02:57:50 Uploading file: run16359.mid.gz
2024-06-21 02:57:50 Upload done: run16359.mid.gz
2024-06-21 03:01:22 Udatentig matadata for filer file: run16360.mid.gz
2024-06-21 03:01:24 Transferring file: run16360.mid.gz
2024-06-21 03:01:24 Uploading file: run16360.mid.gz
2024-06-21 03:01:24 Upload done: run16360.mid.gz
2024-06-21 03:04:49 Udatentig matadata for filer file: run16361.mid.gz
2024-06-21 03:04:50 Transferring file: run16361.mid.gz
2024-06-21 03:04:50 Uploading file: run16361.mid.gz
2024-06-21 03:04:50 Upload done: run16361.mid.gz
2024-06-21 03:08:23 Udatentig matadata for filer file: run16362.mid.gz
2024-06-21 03:08:25 Transferring file: run16362.mid.gz
2024-06-21 03:08:25 Uploading file: run16362.mid.gz
2024-06-21 03:08:25 Upload done: run16362.mid.gz
2024-06-21 03:11:46 Udatentig matadata for filer file: run16363.mid.gz
2024-06-21 03:11:48 Transferring file: run16363.mid.gz
2024-06-21 03:11:48 Uploading file: run16363.mid.gz
2024-06-21 03:11:48 Upload done: run16363.mid.gz
2024-06-21 03:15:22 Udatentig matadata for filer file: run16364.mid.gz
2024-06-21 03:15:24 Transferring file: run16364.mid.gz
2024-06-21 03:15:24 Uploading file: run16364.mid.gz
2024-06-21 03:15:24 Upload done: run16364.mid.gz
2024-06-21 03:18:57 Udatentig matadata for filer file: run16365.mid.gz
2024-06-21 03:18:59 Transferring file: run16365.mid.gz
2024-06-21 03:18:59 Uploading file: run16365.mid.gz
2024-06-21 03:18:59 Upload done: run16365.mid.gz
2024-06-21 03:22:22 Udatentig matadata for filer file: run16366.mid.gz
2024-06-21 03:22:24 Transferring file: run16366.mid.gz
2024-06-21 03:22:24 Uploading file: run16366.mid.gz
2024-06-21 03:22:24 Upload done: run16366.mid.gz
2024-06-21 03:25:58 Udatentig matadata for filer file: run16367.mid.gz
2024-06-21 03:26:00 Transferring file: run16367.mid.gz
2024-06-21 03:26:00 Uploading file: run16367.mid.gz
2024-06-21 03:26:00 Upload done: run16367.mid.gz
2024-06-21 03:29:23 Udatentig matadata for filer file: run16368.mid.gz
2024-06-21 03:29:25 Transferring file: run16368.mid.gz
2024-06-21 03:29:25 Uploading file: run16368.mid.gz
2024-06-21 03:29:25 Upload done: run16368.mid.gz
2024-06-21 03:32:29 Udatentig matadata for filer file: run16369.mid.gz
2024-06-21 03:32:31 Transferring file: run16369.mid.gz
2024-06-21 03:32:31 Uploading file: run16369.mid.gz
2024-06-21 03:32:31 Upload done: run16369.mid.gz
2024-06-21 03:35:53 Udatentig matadata for filer file: run16370.mid.gz
2024-06-21 03:35:55 Transferring file: run16370.mid.gz
2024-06-21 03:35:55 Uploading file: run16370.mid.gz
2024-06-21 03:35:55 Upload done: run16370.mid.gz
2024-06-21 03:39:51 Udatentig matadata for filer file: run16371.mid.gz
2024-06-21 03:39:53 Transferring file: run16371.mid.gz
2024-06-21 03:39:53 Uploading file: run16371.mid.gz
2024-06-21 03:39:53 Upload done: run16371.mid.gz
2024-06-21 03:43:27 Udatentig matadata for filer file: run16372.mid.gz
2024-06-21 03:43:29 Transferring file: run16372.mid.gz
2024-06-21 03:43:29 Uploading file: run16372.mid.gz
2024-06-21 03:43:29 Upload done: run16372.mid.gz
2024-06-21 03:46:52 Udatentig matadata for filer file: run16373.mid.gz
2024-06-21 03:46:54 Transferring file: run16373.mid.gz
2024-06-21 03:46:54 Uploading file: run16373.mid.gz
2024-06-21 03:46:54 Upload done: run16373.mid.gz
2024-06-21 03:50:29 Udatentig matadata for filer file: run16374.mid.gz
2024-06-21 03:50:31 Transferring file: run16374.mid.gz
2024-06-21 03:50:31 Uploading file: run16374.mid.gz
2024-06-21 03:50:31 Upload done: run16374.mid.gz
2024-06-21 03:53:21 Udatentig matadata for filer file: run16375.mid.gz
2024-06-21 03:53:22 Transferring file: run16375.mid.gz
2024-06-21 03:53:22 Uploading file: run16375.mid.gz
2024-06-21 03:53:22 Upload done: run16375.mid.gz
2024-06-21 03:56:56 Udatentig matadata for filer file: run16376.mid.gz
2024-06-21 03:56:58 Transferring file: run16376.mid.gz
2024-06-21 03:56:58 Uploading file: run16376.mid.gz
2024-06-21 03:56:58 Upload done: run16376.mid.gz
2024-06-21 04:00:32 Udatentig matadata for filer file: run16377.mid.gz
2024-06-21 04:00:34 Transferring file: run16377.mid.gz
2024-06-21 04:00:34 Uploading file: run16377.mid.gz
2024-06-21 04:00:34 Upload done: run16377.mid.gz
2024-06-21 04:03:58 Udatentig matadata for filer file: run16378.mid.gz
2024-06-21 04:04:00 Transferring file: run16378.mid.gz
2024-06-21 04:04:00 Uploading file: run16378.mid.gz
2024-06-21 04:04:00 Upload done: run16378.mid.gz
2024-06-21 04:07:23 Udatentig matadata for filer file: run16379.mid.gz
2024-06-21 04:07:25 Transferring file: run16379.mid.gz
2024-06-21 04:07:25 Uploading file: run16379.mid.gz
2024-06-21 04:07:25 Upload done: run16379.mid.gz
2024-06-21 04:10:59 Udatentig matadata for filer file: run16380.mid.gz
2024-06-21 04:11:01 Transferring file: run16380.mid.gz
2024-06-21 04:11:01 Uploading file: run16380.mid.gz
2024-06-21 04:11:01 Upload done: run16380.mid.gz
2024-06-21 04:14:26 Udatentig matadata for filer file: run16381.mid.gz
2024-06-21 04:14:28 Transferring file: run16381.mid.gz
2024-06-21 04:14:28 Uploading file: run16381.mid.gz
2024-06-21 04:14:28 Upload done: run16381.mid.gz
2024-06-21 04:18:03 Udatentig matadata for filer file: run16382.mid.gz
2024-06-21 04:18:05 Transferring file: run16382.mid.gz
2024-06-21 04:18:05 Uploading file: run16382.mid.gz
2024-06-21 04:18:05 Upload done: run16382.mid.gz
2024-06-21 04:21:28 Udatentig matadata for filer file: run16383.mid.gz
2024-06-21 04:21:30 Transferring file: run16383.mid.gz
2024-06-21 04:21:30 Uploading file: run16383.mid.gz
2024-06-21 04:21:30 Upload done: run16383.mid.gz
2024-06-21 04:25:05 Udatentig matadata for filer file: run16384.mid.gz
2024-06-21 04:25:07 Transferring file: run16384.mid.gz
2024-06-21 04:25:07 Uploading file: run16384.mid.gz
2024-06-21 04:25:07 Upload done: run16384.mid.gz
2024-06-21 04:28:31 Udatentig matadata for filer file: run16385.mid.gz
2024-06-21 04:28:33 Transferring file: run16385.mid.gz
2024-06-21 04:28:33 Uploading file: run16385.mid.gz
2024-06-21 04:28:33 Upload done: run16385.mid.gz
2024-06-21 04:31:57 Udatentig matadata for filer file: run16386.mid.gz
2024-06-21 04:31:59 Transferring file: run16386.mid.gz
2024-06-21 04:31:59 Uploading file: run16386.mid.gz
2024-06-21 04:31:59 Upload done: run16386.mid.gz
2024-06-21 04:35:25 Udatentig matadata for filer file: run16387.mid.gz
2024-06-21 04:35:27 Transferring file: run16387.mid.gz
2024-06-21 04:35:27 Uploading file: run16387.mid.gz
2024-06-21 04:35:27 Upload done: run16387.mid.gz
2024-06-21 04:39:02 Udatentig matadata for filer file: run16388.mid.gz
2024-06-21 04:39:04 Transferring file: run16388.mid.gz
2024-06-21 04:39:04 Uploading file: run16388.mid.gz
2024-06-21 04:39:04 Upload done: run16388.mid.gz
2024-06-21 04:42:28 Udatentig matadata for filer file: run16389.mid.gz
2024-06-21 04:42:30 Transferring file: run16389.mid.gz
2024-06-21 04:42:30 Uploading file: run16389.mid.gz
2024-06-21 04:42:30 Upload done: run16389.mid.gz
2024-06-21 04:46:06 Udatentig matadata for filer file: run16390.mid.gz
2024-06-21 04:46:07 Transferring file: run16390.mid.gz
2024-06-21 04:46:07 Uploading file: run16390.mid.gz
2024-06-21 04:46:07 Upload done: run16390.mid.gz
2024-06-21 05:00:38 Udatentig matadata for filer file: run16391.mid.gz
2024-06-21 05:00:41 Transferring file: run16391.mid.gz
2024-06-21 05:00:41 Uploading file: run16391.mid.gz
2024-06-21 05:00:41 Upload done: run16391.mid.gz
2024-06-21 05:04:06 Udatentig matadata for filer file: run16392.mid.gz
2024-06-21 05:04:08 Transferring file: run16392.mid.gz
2024-06-21 05:04:08 Uploading file: run16392.mid.gz
2024-06-21 05:04:08 Upload done: run16392.mid.gz
2024-06-21 05:07:33 Udatentig matadata for filer file: run16393.mid.gz
2024-06-21 05:07:35 Transferring file: run16393.mid.gz
2024-06-21 05:07:35 Uploading file: run16393.mid.gz
2024-06-21 05:07:35 Upload done: run16393.mid.gz
2024-06-21 05:11:11 Udatentig matadata for filer file: run16394.mid.gz
2024-06-21 05:11:13 Transferring file: run16394.mid.gz
2024-06-21 05:11:13 Uploading file: run16394.mid.gz
2024-06-21 05:11:13 Upload done: run16394.mid.gz
2024-06-21 05:14:39 Udatentig matadata for filer file: run16395.mid.gz
2024-06-21 05:14:41 Transferring file: run16395.mid.gz
2024-06-21 05:14:41 Uploading file: run16395.mid.gz
2024-06-21 05:14:41 Upload done: run16395.mid.gz
2024-06-21 05:18:07 Udatentig matadata for filer file: run16396.mid.gz
2024-06-21 05:18:08 Transferring file: run16396.mid.gz
2024-06-21 05:18:08 Uploading file: run16396.mid.gz
2024-06-21 05:18:08 Upload done: run16396.mid.gz
2024-06-21 05:21:34 Udatentig matadata for filer file: run16397.mid.gz
2024-06-21 05:21:36 Transferring file: run16397.mid.gz
2024-06-21 05:21:36 Uploading file: run16397.mid.gz
2024-06-21 05:21:36 Upload done: run16397.mid.gz
2024-06-21 05:25:12 Udatentig matadata for filer file: run16398.mid.gz
2024-06-21 05:25:14 Transferring file: run16398.mid.gz
2024-06-21 05:25:14 Uploading file: run16398.mid.gz
2024-06-21 05:25:14 Upload done: run16398.mid.gz
2024-06-21 05:28:40 Udatentig matadata for filer file: run16399.mid.gz
2024-06-21 05:28:42 Transferring file: run16399.mid.gz
2024-06-21 05:28:42 Uploading file: run16399.mid.gz
2024-06-21 05:28:42 Upload done: run16399.mid.gz
2024-06-21 05:31:33 Udatentig matadata for filer file: run16400.mid.gz
2024-06-21 05:31:35 Transferring file: run16400.mid.gz
2024-06-21 05:31:35 Uploading file: run16400.mid.gz
2024-06-21 05:31:35 Upload done: run16400.mid.gz
2024-06-21 05:35:33 Udatentig matadata for filer file: run16401.mid.gz
2024-06-21 05:35:35 Transferring file: run16401.mid.gz
2024-06-21 05:35:35 Uploading file: run16401.mid.gz
2024-06-21 05:35:35 Upload done: run16401.mid.gz
2024-06-21 05:39:11 Udatentig matadata for filer file: run16402.mid.gz
2024-06-21 05:39:13 Transferring file: run16402.mid.gz
2024-06-21 05:39:13 Uploading file: run16402.mid.gz
2024-06-21 05:39:13 Upload done: run16402.mid.gz
2024-06-21 05:42:39 Udatentig matadata for filer file: run16403.mid.gz
2024-06-21 05:42:41 Transferring file: run16403.mid.gz
2024-06-21 05:42:41 Uploading file: run16403.mid.gz
2024-06-21 05:42:41 Upload done: run16403.mid.gz
2024-06-21 05:46:18 Udatentig matadata for filer file: run16404.mid.gz
2024-06-21 05:46:20 Transferring file: run16404.mid.gz
2024-06-21 05:46:20 Uploading file: run16404.mid.gz
2024-06-21 05:46:20 Upload done: run16404.mid.gz
2024-06-21 05:49:47 Udatentig matadata for filer file: run16405.mid.gz
2024-06-21 05:49:49 Transferring file: run16405.mid.gz
2024-06-21 05:49:49 Uploading file: run16405.mid.gz
2024-06-21 05:49:49 Upload done: run16405.mid.gz
2024-06-21 05:52:41 Udatentig matadata for filer file: run16406.mid.gz
2024-06-21 05:52:43 Transferring file: run16406.mid.gz
2024-06-21 05:52:43 Uploading file: run16406.mid.gz
2024-06-21 05:52:43 Upload done: run16406.mid.gz
2024-06-21 05:56:09 Udatentig matadata for filer file: run16407.mid.gz
2024-06-21 05:56:10 Transferring file: run16407.mid.gz
2024-06-21 05:56:10 Uploading file: run16407.mid.gz
2024-06-21 05:56:10 Upload done: run16407.mid.gz
2024-06-21 05:59:47 Udatentig matadata for filer file: run16408.mid.gz
2024-06-21 05:59:49 Transferring file: run16408.mid.gz
2024-06-21 05:59:49 Uploading file: run16408.mid.gz
2024-06-21 05:59:49 Upload done: run16408.mid.gz
2024-06-21 06:03:16 Udatentig matadata for filer file: run16409.mid.gz
2024-06-21 06:03:18 Transferring file: run16409.mid.gz
2024-06-21 06:03:18 Uploading file: run16409.mid.gz
2024-06-21 06:03:18 Upload done: run16409.mid.gz
2024-06-21 06:06:44 Udatentig matadata for filer file: run16410.mid.gz
2024-06-21 06:06:46 Transferring file: run16410.mid.gz
2024-06-21 06:06:46 Uploading file: run16410.mid.gz
2024-06-21 06:06:46 Upload done: run16410.mid.gz
2024-06-21 06:10:46 Udatentig matadata for filer file: run16411.mid.gz
2024-06-21 06:10:48 Transferring file: run16411.mid.gz
2024-06-21 06:10:48 Uploading file: run16411.mid.gz
2024-06-21 06:10:48 Upload done: run16411.mid.gz
2024-06-21 06:14:13 Udatentig matadata for filer file: run16412.mid.gz
2024-06-21 06:14:15 Transferring file: run16412.mid.gz
2024-06-21 06:14:15 Uploading file: run16412.mid.gz
2024-06-21 06:14:15 Upload done: run16412.mid.gz
2024-06-21 06:17:20 Udatentig matadata for filer file: run16413.mid.gz
2024-06-21 06:17:21 Transferring file: run16413.mid.gz
2024-06-21 06:17:21 Uploading file: run16413.mid.gz
2024-06-21 06:17:21 Upload done: run16413.mid.gz
2024-06-21 06:20:47 Udatentig matadata for filer file: run16414.mid.gz
2024-06-21 06:20:49 Transferring file: run16414.mid.gz
2024-06-21 06:20:49 Uploading file: run16414.mid.gz
2024-06-21 06:20:49 Upload done: run16414.mid.gz
2024-06-21 06:24:16 Udatentig matadata for filer file: run16415.mid.gz
2024-06-21 06:24:18 Transferring file: run16415.mid.gz
2024-06-21 06:24:18 Uploading file: run16415.mid.gz
2024-06-21 06:24:18 Upload done: run16415.mid.gz
2024-06-21 06:27:44 Udatentig matadata for filer file: run16416.mid.gz
2024-06-21 06:27:46 Transferring file: run16416.mid.gz
2024-06-21 06:27:46 Uploading file: run16416.mid.gz
2024-06-21 06:27:46 Upload done: run16416.mid.gz
2024-06-21 06:31:12 Udatentig matadata for filer file: run16417.mid.gz
2024-06-21 06:31:14 Transferring file: run16417.mid.gz
2024-06-21 06:31:14 Uploading file: run16417.mid.gz
2024-06-21 06:31:14 Upload done: run16417.mid.gz
2024-06-21 06:34:52 Udatentig matadata for filer file: run16418.mid.gz
2024-06-21 06:34:54 Transferring file: run16418.mid.gz
2024-06-21 06:34:54 Uploading file: run16418.mid.gz
2024-06-21 06:34:54 Upload done: run16418.mid.gz
2024-06-21 06:38:21 Udatentig matadata for filer file: run16419.mid.gz
2024-06-21 06:38:23 Transferring file: run16419.mid.gz
2024-06-21 06:38:23 Uploading file: run16419.mid.gz
2024-06-21 06:38:23 Upload done: run16419.mid.gz
2024-06-21 06:41:49 Udatentig matadata for filer file: run16420.mid.gz
2024-06-21 06:41:51 Transferring file: run16420.mid.gz
2024-06-21 06:41:51 Uploading file: run16420.mid.gz
2024-06-21 06:41:51 Upload done: run16420.mid.gz
2024-06-21 06:45:18 Udatentig matadata for filer file: run16421.mid.gz
2024-06-21 06:45:20 Transferring file: run16421.mid.gz
2024-06-21 06:45:20 Uploading file: run16421.mid.gz
2024-06-21 06:45:20 Upload done: run16421.mid.gz
2024-06-21 06:48:46 Udatentig matadata for filer file: run16422.mid.gz
2024-06-21 06:48:49 Transferring file: run16422.mid.gz
2024-06-21 06:48:49 Uploading file: run16422.mid.gz
2024-06-21 06:48:49 Upload done: run16422.mid.gz
2024-06-21 06:52:16 Udatentig matadata for filer file: run16423.mid.gz
2024-06-21 06:52:18 Transferring file: run16423.mid.gz
2024-06-21 06:52:18 Uploading file: run16423.mid.gz
2024-06-21 06:52:18 Upload done: run16423.mid.gz
2024-06-21 06:55:45 Udatentig matadata for filer file: run16424.mid.gz
2024-06-21 06:55:47 Transferring file: run16424.mid.gz
2024-06-21 06:55:47 Uploading file: run16424.mid.gz
2024-06-21 06:55:47 Upload done: run16424.mid.gz
2024-06-21 06:59:26 Udatentig matadata for filer file: run16425.mid.gz
2024-06-21 06:59:28 Transferring file: run16425.mid.gz
2024-06-21 06:59:28 Uploading file: run16425.mid.gz
2024-06-21 06:59:28 Upload done: run16425.mid.gz
2024-06-21 07:02:56 Udatentig matadata for filer file: run16426.mid.gz
2024-06-21 07:02:57 Transferring file: run16426.mid.gz
2024-06-21 07:02:57 Uploading file: run16426.mid.gz
2024-06-21 07:02:57 Upload done: run16426.mid.gz
2024-06-21 07:06:25 Udatentig matadata for filer file: run16427.mid.gz
2024-06-21 07:06:27 Transferring file: run16427.mid.gz
2024-06-21 07:06:27 Uploading file: run16427.mid.gz
2024-06-21 07:06:27 Upload done: run16427.mid.gz
2024-06-21 07:09:56 Udatentig matadata for filer file: run16428.mid.gz
2024-06-21 07:09:58 Transferring file: run16428.mid.gz
2024-06-21 07:09:58 Uploading file: run16428.mid.gz
2024-06-21 07:09:58 Upload done: run16428.mid.gz
2024-06-21 07:13:25 Udatentig matadata for filer file: run16429.mid.gz
2024-06-21 07:13:27 Transferring file: run16429.mid.gz
2024-06-21 07:13:27 Uploading file: run16429.mid.gz
2024-06-21 07:13:27 Upload done: run16429.mid.gz
2024-06-21 07:16:54 Udatentig matadata for filer file: run16430.mid.gz
2024-06-21 07:16:56 Transferring file: run16430.mid.gz
2024-06-21 07:16:56 Uploading file: run16430.mid.gz
2024-06-21 07:16:56 Upload done: run16430.mid.gz
2024-06-21 07:20:26 Udatentig matadata for filer file: run16431.mid.gz
2024-06-21 07:20:29 Transferring file: run16431.mid.gz
2024-06-21 07:20:29 Uploading file: run16431.mid.gz
2024-06-21 07:20:29 Upload done: run16431.mid.gz
2024-06-21 07:23:57 Udatentig matadata for filer file: run16432.mid.gz
2024-06-21 07:23:59 Transferring file: run16432.mid.gz
2024-06-21 07:23:59 Uploading file: run16432.mid.gz
2024-06-21 07:23:59 Upload done: run16432.mid.gz
2024-06-21 07:27:27 Udatentig matadata for filer file: run16433.mid.gz
2024-06-21 07:27:29 Transferring file: run16433.mid.gz
2024-06-21 07:27:29 Uploading file: run16433.mid.gz
2024-06-21 07:27:29 Upload done: run16433.mid.gz
2024-06-21 07:30:57 Udatentig matadata for filer file: run16434.mid.gz
2024-06-21 07:30:59 Transferring file: run16434.mid.gz
2024-06-21 07:30:59 Uploading file: run16434.mid.gz
2024-06-21 07:30:59 Upload done: run16434.mid.gz
2024-06-21 07:34:28 Udatentig matadata for filer file: run16435.mid.gz
2024-06-21 07:34:30 Transferring file: run16435.mid.gz
2024-06-21 07:34:30 Uploading file: run16435.mid.gz
2024-06-21 07:34:30 Upload done: run16435.mid.gz
2024-06-21 07:37:57 Udatentig matadata for filer file: run16436.mid.gz
2024-06-21 07:37:59 Transferring file: run16436.mid.gz
2024-06-21 07:37:59 Uploading file: run16436.mid.gz
2024-06-21 07:37:59 Upload done: run16436.mid.gz
2024-06-21 07:40:53 Udatentig matadata for filer file: run16437.mid.gz
2024-06-21 07:40:55 Transferring file: run16437.mid.gz
2024-06-21 07:40:55 Uploading file: run16437.mid.gz
2024-06-21 07:40:55 Upload done: run16437.mid.gz
2024-06-21 07:44:26 Udatentig matadata for filer file: run16438.mid.gz
2024-06-21 07:44:29 Transferring file: run16438.mid.gz
2024-06-21 07:44:29 Uploading file: run16438.mid.gz
2024-06-21 07:44:29 Upload done: run16438.mid.gz
2024-06-21 07:47:59 Udatentig matadata for filer file: run16439.mid.gz
2024-06-21 07:48:01 Transferring file: run16439.mid.gz
2024-06-21 07:48:01 Uploading file: run16439.mid.gz
2024-06-21 07:48:01 Upload done: run16439.mid.gz
2024-06-21 07:51:29 Udatentig matadata for filer file: run16440.mid.gz
2024-06-21 07:51:31 Transferring file: run16440.mid.gz
2024-06-21 07:51:31 Uploading file: run16440.mid.gz
2024-06-21 07:51:31 Upload done: run16440.mid.gz
2024-06-21 11:30:59 Udatentig matadata for filer file: run16441.mid.gz
2024-06-21 11:30:59 Transferring file: run16441.mid.gz
2024-06-21 11:30:59 Uploading file: run16441.mid.gz
2024-06-21 11:30:59 Upload done: run16441.mid.gz
2024-06-21 12:05:00 Udatentig matadata for filer file: run16442.mid.gz
2024-06-21 12:05:02 Transferring file: run16442.mid.gz
2024-06-21 12:05:02 Uploading file: run16442.mid.gz
2024-06-21 12:05:02 Upload done: run16442.mid.gz
2024-06-21 12:14:04 Udatentig matadata for filer file: run16443.mid.gz
2024-06-21 12:14:06 Transferring file: run16443.mid.gz
2024-06-21 12:14:06 Uploading file: run16443.mid.gz
2024-06-21 12:14:06 Upload done: run16443.mid.gz
2024-06-21 12:23:06 Udatentig matadata for filer file: run16444.mid.gz
2024-06-21 12:23:08 Transferring file: run16444.mid.gz
2024-06-21 12:23:08 Uploading file: run16444.mid.gz
2024-06-21 12:23:08 Upload done: run16444.mid.gz
2024-06-21 12:31:33 Udatentig matadata for filer file: run16445.mid.gz
2024-06-21 12:31:35 Transferring file: run16445.mid.gz
2024-06-21 12:31:35 Uploading file: run16445.mid.gz
2024-06-21 12:31:35 Upload done: run16445.mid.gz
2024-06-21 12:40:34 Udatentig matadata for filer file: run16446.mid.gz
2024-06-21 12:40:36 Transferring file: run16446.mid.gz
2024-06-21 12:40:36 Uploading file: run16446.mid.gz
2024-06-21 12:40:36 Upload done: run16446.mid.gz
2024-06-21 12:49:10 Udatentig matadata for filer file: run16447.mid.gz
bm_lock_buffer: Lock buffer "SYSMSG" is taking longer than 1 second!
2024-06-24 11:04:28 midas2cloud started
2024-06-24 11:04:31 WARNING: No new file uploaded
2024-06-24 11:04:43 WARNING: No new file uploaded
2024-06-24 11:04:54 WARNING: No new file uploaded
2024-06-24 11:05:06 WARNING: No new file uploaded
2024-06-24 11:05:18 WARNING: No new file uploaded
2024-06-24 11:05:29 WARNING: No new file uploaded
2024-06-24 11:05:41 WARNING: No new file uploaded
2024-06-24 11:05:53 WARNING: No new file uploaded
2024-06-24 11:06:04 WARNING: No new file uploaded
2024-06-24 11:06:16 WARNING: No new file uploaded
2024-06-24 11:06:28 WARNING: No new file uploaded
2024-06-24 11:06:39 WARNING: No new file uploaded
2024-06-24 11:06:51 Udatentig matadata for filer file: run16479.mid.gz
2024-06-24 11:06:51 Transferring file: run16479.mid.gz
2024-06-24 11:06:51 Uploading file: run16479.mid.gz
2024-06-24 11:06:51 Upload done: run16479.mid.gz
2024-06-24 17:42:53 Udatentig matadata for filer file: run16482.mid.gz
2024-06-24 17:42:55 Transferring file: run16482.mid.gz
2024-06-24 17:42:55 Uploading file: run16482.mid.gz
2024-06-24 17:42:55 Upload done: run16482.mid.gz
2024-06-24 17:52:38 Udatentig matadata for filer file: run16483.mid.gz
2024-06-24 17:52:40 Transferring file: run16483.mid.gz
2024-06-24 17:52:40 Uploading file: run16483.mid.gz
2024-06-24 17:52:40 Upload done: run16483.mid.gz
2024-06-24 18:02:21 Udatentig matadata for filer file: run16484.mid.gz
2024-06-24 18:02:23 Transferring file: run16484.mid.gz
2024-06-24 18:02:23 Uploading file: run16484.mid.gz
2024-06-24 18:02:23 Upload done: run16484.mid.gz
2024-06-24 18:12:18 Udatentig matadata for filer file: run16485.mid.gz
2024-06-24 18:12:20 Transferring file: run16485.mid.gz
2024-06-24 18:12:20 Uploading file: run16485.mid.gz
2024-06-24 18:12:20 Upload done: run16485.mid.gz
2024-06-24 18:21:13 Udatentig matadata for filer file: run16486.mid.gz
2024-06-24 18:21:16 Transferring file: run16486.mid.gz
2024-06-24 18:21:16 Uploading file: run16486.mid.gz
2024-06-24 18:21:16 Upload done: run16486.mid.gz
2024-06-24 18:31:25 Udatentig matadata for filer file: run16487.mid.gz
2024-06-24 18:31:27 Transferring file: run16487.mid.gz
2024-06-24 18:31:27 Uploading file: run16487.mid.gz
2024-06-24 18:31:27 Upload done: run16487.mid.gz
2024-06-24 18:39:45 Udatentig matadata for filer file: run16488.mid.gz
2024-06-24 18:39:47 Transferring file: run16488.mid.gz
2024-06-24 18:39:47 Uploading file: run16488.mid.gz
2024-06-24 18:39:47 Upload done: run16488.mid.gz
2024-06-24 18:48:18 Udatentig matadata for filer file: run16489.mid.gz
2024-06-24 18:48:20 Transferring file: run16489.mid.gz
2024-06-24 18:48:20 Uploading file: run16489.mid.gz
2024-06-24 18:48:20 Upload done: run16489.mid.gz
2024-06-24 18:57:53 Udatentig matadata for filer file: run16490.mid.gz
2024-06-24 18:57:55 Transferring file: run16490.mid.gz
2024-06-24 18:57:55 Uploading file: run16490.mid.gz
2024-06-24 18:57:55 Upload done: run16490.mid.gz
2024-06-24 19:07:18 Udatentig matadata for filer file: run16491.mid.gz
2024-06-24 19:07:20 Transferring file: run16491.mid.gz
2024-06-24 19:07:20 Uploading file: run16491.mid.gz
2024-06-24 19:07:20 Upload done: run16491.mid.gz
2024-06-24 19:16:26 Udatentig matadata for filer file: run16492.mid.gz
2024-06-24 19:16:28 Transferring file: run16492.mid.gz
2024-06-24 19:16:28 Uploading file: run16492.mid.gz
2024-06-24 19:16:28 Upload done: run16492.mid.gz
2024-06-24 19:28:23 Udatentig matadata for filer file: run16493.mid.gz
2024-06-24 19:28:25 Transferring file: run16493.mid.gz
2024-06-24 19:28:25 Uploading file: run16493.mid.gz
2024-06-24 19:28:25 Upload done: run16493.mid.gz
2024-06-24 19:38:08 Udatentig matadata for filer file: run16494.mid.gz
2024-06-24 19:38:10 Transferring file: run16494.mid.gz
2024-06-24 19:38:10 Uploading file: run16494.mid.gz
2024-06-24 19:38:10 Upload done: run16494.mid.gz
2024-06-24 19:46:56 Udatentig matadata for filer file: run16495.mid.gz
2024-06-24 19:46:58 Transferring file: run16495.mid.gz
2024-06-24 19:46:58 Uploading file: run16495.mid.gz
2024-06-24 19:46:58 Upload done: run16495.mid.gz
2024-06-24 19:56:04 Udatentig matadata for filer file: run16496.mid.gz
2024-06-24 19:56:06 Transferring file: run16496.mid.gz
2024-06-24 19:56:06 Uploading file: run16496.mid.gz
2024-06-24 19:56:06 Upload done: run16496.mid.gz
2024-06-24 20:04:29 Udatentig matadata for filer file: run16497.mid.gz
2024-06-24 20:04:31 Transferring file: run16497.mid.gz
2024-06-24 20:04:31 Uploading file: run16497.mid.gz
2024-06-24 20:04:31 Upload done: run16497.mid.gz
2024-06-24 20:14:00 Udatentig matadata for filer file: run16498.mid.gz
2024-06-24 20:14:01 Transferring file: run16498.mid.gz
2024-06-24 20:14:01 Uploading file: run16498.mid.gz
2024-06-24 20:14:01 Upload done: run16498.mid.gz
2024-06-24 20:24:02 Udatentig matadata for filer file: run16499.mid.gz
2024-06-24 20:24:04 Transferring file: run16499.mid.gz
2024-06-24 20:24:04 Uploading file: run16499.mid.gz
2024-06-24 20:24:04 Upload done: run16499.mid.gz
2024-06-24 20:33:04 Udatentig matadata for filer file: run16500.mid.gz
2024-06-24 20:33:06 Transferring file: run16500.mid.gz
2024-06-24 20:33:06 Uploading file: run16500.mid.gz
2024-06-24 20:33:06 Upload done: run16500.mid.gz
2024-06-24 20:42:05 Udatentig matadata for filer file: run16501.mid.gz
2024-06-24 20:42:07 Transferring file: run16501.mid.gz
2024-06-24 20:42:07 Uploading file: run16501.mid.gz
2024-06-24 20:42:07 Upload done: run16501.mid.gz
2024-06-24 21:13:35 Udatentig matadata for filer file: run16502.mid.gz
2024-06-24 21:13:37 Transferring file: run16502.mid.gz
2024-06-24 21:13:37 Uploading file: run16502.mid.gz
2024-06-24 21:13:37 Upload done: run16502.mid.gz
2024-06-24 21:29:09 Udatentig matadata for filer file: run16503.mid.gz
2024-06-24 21:29:11 Transferring file: run16503.mid.gz
2024-06-24 21:29:11 Uploading file: run16503.mid.gz
2024-06-24 21:29:11 Upload done: run16503.mid.gz
2024-06-24 21:46:09 Udatentig matadata for filer file: run16504.mid.gz
2024-06-24 21:46:11 Transferring file: run16504.mid.gz
2024-06-24 21:46:11 Uploading file: run16504.mid.gz
2024-06-24 21:46:11 Upload done: run16504.mid.gz
2024-06-24 22:02:48 Udatentig matadata for filer file: run16505.mid.gz
2024-06-24 22:02:50 Transferring file: run16505.mid.gz
2024-06-24 22:02:50 Uploading file: run16505.mid.gz
2024-06-24 22:02:50 Upload done: run16505.mid.gz
2024-06-24 22:14:46 Udatentig matadata for filer file: run16506.mid.gz
2024-06-24 22:14:48 Transferring file: run16506.mid.gz
2024-06-24 22:14:48 Uploading file: run16506.mid.gz
2024-06-24 22:14:48 Upload done: run16506.mid.gz
2024-06-24 22:26:44 Udatentig matadata for filer file: run16507.mid.gz
2024-06-24 22:26:46 Transferring file: run16507.mid.gz
2024-06-24 22:26:46 Uploading file: run16507.mid.gz
2024-06-24 22:26:46 Upload done: run16507.mid.gz
2024-06-24 22:40:26 Udatentig matadata for filer file: run16508.mid.gz
2024-06-24 22:40:28 Transferring file: run16508.mid.gz
2024-06-24 22:40:28 Uploading file: run16508.mid.gz
2024-06-24 22:40:28 Upload done: run16508.mid.gz
2024-06-24 22:52:49 Udatentig matadata for filer file: run16509.mid.gz
2024-06-24 22:52:51 Transferring file: run16509.mid.gz
2024-06-24 22:52:51 Uploading file: run16509.mid.gz
2024-06-24 22:52:51 Upload done: run16509.mid.gz
2024-06-24 23:03:48 Udatentig matadata for filer file: run16510.mid.gz
2024-06-24 23:03:50 Transferring file: run16510.mid.gz
2024-06-24 23:03:50 Uploading file: run16510.mid.gz
2024-06-24 23:03:50 Upload done: run16510.mid.gz
2024-06-24 23:14:22 Udatentig matadata for filer file: run16511.mid.gz
2024-06-24 23:14:24 Transferring file: run16511.mid.gz
2024-06-24 23:14:24 Uploading file: run16511.mid.gz
2024-06-24 23:14:24 Upload done: run16511.mid.gz
2024-06-24 23:26:22 Udatentig matadata for filer file: run16512.mid.gz
2024-06-24 23:26:24 Transferring file: run16512.mid.gz
2024-06-24 23:26:24 Uploading file: run16512.mid.gz
2024-06-24 23:26:24 Upload done: run16512.mid.gz
2024-06-24 23:36:29 Udatentig matadata for filer file: run16513.mid.gz
2024-06-24 23:36:31 Transferring file: run16513.mid.gz
2024-06-24 23:36:31 Uploading file: run16513.mid.gz
2024-06-24 23:36:31 Upload done: run16513.mid.gz
2024-06-24 23:47:02 Udatentig matadata for filer file: run16514.mid.gz
2024-06-24 23:47:04 Transferring file: run16514.mid.gz
2024-06-24 23:47:04 Uploading file: run16514.mid.gz
2024-06-24 23:47:04 Upload done: run16514.mid.gz
2024-06-24 23:56:34 Udatentig matadata for filer file: run16515.mid.gz
2024-06-24 23:56:35 Transferring file: run16515.mid.gz
2024-06-24 23:56:35 Uploading file: run16515.mid.gz
2024-06-24 23:56:35 Upload done: run16515.mid.gz
2024-06-25 00:07:07 Udatentig matadata for filer file: run16516.mid.gz
2024-06-25 00:07:08 Transferring file: run16516.mid.gz
2024-06-25 00:07:08 Uploading file: run16516.mid.gz
2024-06-25 00:07:08 Upload done: run16516.mid.gz
2024-06-25 00:17:40 Udatentig matadata for filer file: run16517.mid.gz
2024-06-25 00:17:42 Transferring file: run16517.mid.gz
2024-06-25 00:17:42 Uploading file: run16517.mid.gz
2024-06-25 00:17:42 Upload done: run16517.mid.gz
2024-06-25 00:28:04 Udatentig matadata for filer file: run16518.mid.gz
2024-06-25 00:28:06 Transferring file: run16518.mid.gz
2024-06-25 00:28:06 Uploading file: run16518.mid.gz
2024-06-25 00:28:06 Upload done: run16518.mid.gz
2024-06-25 00:38:03 Udatentig matadata for filer file: run16519.mid.gz
2024-06-25 00:38:06 Transferring file: run16519.mid.gz
2024-06-25 00:38:06 Uploading file: run16519.mid.gz
2024-06-25 00:38:06 Upload done: run16519.mid.gz
2024-06-25 00:49:05 Udatentig matadata for filer file: run16520.mid.gz
2024-06-25 00:49:07 Transferring file: run16520.mid.gz
2024-06-25 00:49:07 Uploading file: run16520.mid.gz
2024-06-25 00:49:07 Upload done: run16520.mid.gz
2024-06-25 01:00:07 Udatentig matadata for filer file: run16521.mid.gz
2024-06-25 01:00:09 Transferring file: run16521.mid.gz
2024-06-25 01:00:09 Uploading file: run16521.mid.gz
2024-06-25 01:00:09 Upload done: run16521.mid.gz
2024-06-25 01:56:46 Udatentig matadata for filer file: run16522.mid.gz
2024-06-25 01:56:48 Transferring file: run16522.mid.gz
2024-06-25 01:56:48 Uploading file: run16522.mid.gz
2024-06-25 01:56:48 Upload done: run16522.mid.gz
2024-06-25 02:36:52 Udatentig matadata for filer file: run16523.mid.gz
2024-06-25 02:36:54 Transferring file: run16523.mid.gz
2024-06-25 02:36:54 Uploading file: run16523.mid.gz
2024-06-25 02:36:54 Upload done: run16523.mid.gz
2024-06-25 03:08:29 Udatentig matadata for filer file: run16524.mid.gz
2024-06-25 03:08:31 Transferring file: run16524.mid.gz
2024-06-25 03:08:31 Uploading file: run16524.mid.gz
2024-06-25 03:08:31 Upload done: run16524.mid.gz
2024-06-25 03:43:04 Udatentig matadata for filer file: run16525.mid.gz
2024-06-25 03:43:06 Transferring file: run16525.mid.gz
2024-06-25 03:43:06 Uploading file: run16525.mid.gz
2024-06-25 03:43:06 Upload done: run16525.mid.gz
2024-06-25 03:57:40 Udatentig matadata for filer file: run16526.mid.gz
2024-06-25 03:57:42 Transferring file: run16526.mid.gz
2024-06-25 03:57:42 Uploading file: run16526.mid.gz
2024-06-25 03:57:42 Upload done: run16526.mid.gz
2024-06-25 04:11:40 Udatentig matadata for filer file: run16527.mid.gz
2024-06-25 04:11:42 Transferring file: run16527.mid.gz
2024-06-25 04:11:42 Uploading file: run16527.mid.gz
2024-06-25 04:11:42 Upload done: run16527.mid.gz
2024-06-25 04:24:38 Udatentig matadata for filer file: run16528.mid.gz
2024-06-25 04:24:40 Transferring file: run16528.mid.gz
2024-06-25 04:24:40 Uploading file: run16528.mid.gz
2024-06-25 04:24:40 Upload done: run16528.mid.gz
2024-06-25 04:38:13 Udatentig matadata for filer file: run16529.mid.gz
2024-06-25 04:38:15 Transferring file: run16529.mid.gz
2024-06-25 04:38:15 Uploading file: run16529.mid.gz
2024-06-25 04:38:15 Upload done: run16529.mid.gz
2024-06-25 04:50:10 Udatentig matadata for filer file: run16530.mid.gz
2024-06-25 04:50:12 Transferring file: run16530.mid.gz
2024-06-25 04:50:12 Uploading file: run16530.mid.gz
2024-06-25 04:50:12 Upload done: run16530.mid.gz
2024-06-25 05:01:41 Udatentig matadata for filer file: run16531.mid.gz
2024-06-25 05:01:43 Transferring file: run16531.mid.gz
2024-06-25 05:01:43 Uploading file: run16531.mid.gz
2024-06-25 05:01:43 Upload done: run16531.mid.gz
2024-06-25 05:13:49 Udatentig matadata for filer file: run16532.mid.gz
2024-06-25 05:13:51 Transferring file: run16532.mid.gz
2024-06-25 05:13:51 Uploading file: run16532.mid.gz
2024-06-25 05:13:51 Upload done: run16532.mid.gz
2024-06-25 05:25:21 Udatentig matadata for filer file: run16533.mid.gz
2024-06-25 05:25:23 Transferring file: run16533.mid.gz
2024-06-25 05:25:23 Uploading file: run16533.mid.gz
2024-06-25 05:25:23 Upload done: run16533.mid.gz
2024-06-25 05:36:14 Udatentig matadata for filer file: run16534.mid.gz
2024-06-25 05:36:16 Transferring file: run16534.mid.gz
2024-06-25 05:36:16 Uploading file: run16534.mid.gz
2024-06-25 05:36:16 Upload done: run16534.mid.gz
2024-06-25 05:47:48 Udatentig matadata for filer file: run16535.mid.gz
2024-06-25 05:47:50 Transferring file: run16535.mid.gz
2024-06-25 05:47:50 Uploading file: run16535.mid.gz
2024-06-25 05:47:50 Upload done: run16535.mid.gz
2024-06-25 05:59:59 Udatentig matadata for filer file: run16536.mid.gz
2024-06-25 06:00:01 Transferring file: run16536.mid.gz
2024-06-25 06:00:01 Uploading file: run16536.mid.gz
2024-06-25 06:00:01 Upload done: run16536.mid.gz
2024-06-25 06:09:51 Udatentig matadata for filer file: run16537.mid.gz
2024-06-25 06:09:53 Transferring file: run16537.mid.gz
2024-06-25 06:09:53 Uploading file: run16537.mid.gz
2024-06-25 06:09:53 Upload done: run16537.mid.gz
2024-06-25 06:21:00 Udatentig matadata for filer file: run16538.mid.gz
2024-06-25 06:21:01 Transferring file: run16538.mid.gz
2024-06-25 06:21:01 Uploading file: run16538.mid.gz
2024-06-25 06:21:01 Upload done: run16538.mid.gz
2024-06-25 06:30:54 Udatentig matadata for filer file: run16539.mid.gz
2024-06-25 06:30:56 Transferring file: run16539.mid.gz
2024-06-25 06:30:56 Uploading file: run16539.mid.gz
2024-06-25 06:30:56 Upload done: run16539.mid.gz
2024-06-25 06:41:02 Udatentig matadata for filer file: run16540.mid.gz
2024-06-25 06:41:04 Transferring file: run16540.mid.gz
2024-06-25 06:41:04 Uploading file: run16540.mid.gz
2024-06-25 06:41:04 Upload done: run16540.mid.gz
2024-06-25 06:50:56 Udatentig matadata for filer file: run16541.mid.gz
2024-06-25 06:50:57 Transferring file: run16541.mid.gz
2024-06-25 06:50:57 Uploading file: run16541.mid.gz
2024-06-25 06:50:57 Upload done: run16541.mid.gz
2024-06-27 11:11:40 Udatentig matadata for filer file: run16544.mid.gz
2024-06-27 11:11:42 Transferring file: run16544.mid.gz
2024-06-27 11:11:42 Uploading file: run16544.mid.gz
2024-06-27 11:11:42 Upload done: run16544.mid.gz
2024-06-27 12:01:51 Udatentig matadata for filer file: run16545.mid.gz
2024-06-27 12:01:53 Transferring file: run16545.mid.gz
2024-06-27 12:01:53 Uploading file: run16545.mid.gz
2024-06-27 12:01:53 Upload done: run16545.mid.gz
2024-06-27 12:12:17 Udatentig matadata for filer file: run16546.mid.gz
2024-06-27 12:12:19 Transferring file: run16546.mid.gz
2024-06-27 12:12:19 Uploading file: run16546.mid.gz
2024-06-27 12:12:19 Upload done: run16546.mid.gz
2024-06-27 12:23:16 Udatentig matadata for filer file: run16547.mid.gz
2024-06-27 12:23:18 Transferring file: run16547.mid.gz
2024-06-27 12:23:18 Uploading file: run16547.mid.gz
2024-06-27 12:23:18 Upload done: run16547.mid.gz
2024-06-27 12:32:54 Udatentig matadata for filer file: run16548.mid.gz
2024-06-27 12:32:56 Transferring file: run16548.mid.gz
2024-06-27 12:32:56 Uploading file: run16548.mid.gz
2024-06-27 12:32:56 Upload done: run16548.mid.gz
2024-06-27 12:43:18 Udatentig matadata for filer file: run16549.mid.gz
2024-06-27 12:43:20 Transferring file: run16549.mid.gz
2024-06-27 12:43:20 Uploading file: run16549.mid.gz
2024-06-27 12:43:20 Upload done: run16549.mid.gz
2024-06-27 12:53:25 Udatentig matadata for filer file: run16550.mid.gz
2024-06-27 12:53:27 Transferring file: run16550.mid.gz
2024-06-27 12:53:27 Uploading file: run16550.mid.gz
2024-06-27 12:53:27 Upload done: run16550.mid.gz
2024-06-27 13:03:27 Udatentig matadata for filer file: run16551.mid.gz
2024-06-27 13:03:29 Transferring file: run16551.mid.gz
2024-06-27 13:03:29 Uploading file: run16551.mid.gz
2024-06-27 13:03:29 Upload done: run16551.mid.gz
[midas2cloud,INFO] Client 'python_fe' on buffer 'SYSMSG' removed by cm_periodic_tasks because process pid 98495 does not exist
[midas2cloud,INFO] Client 'python_fe' on database 'ODB' pid 98495 does not exist and db_cleanup called by cm_periodic_tasks removed it
[midas2cloud,TALK] software alarm: Program rpcServer is not running
[midas2cloud,TALK] software alarm: Program cygnus_daq is not running
[midas2cloud,TALK] software alarm: Program cygnus_daq is not running
[midas2cloud,TALK] software alarm: Program cygnus_daq is not running
[midas2cloud,TALK] software alarm: Program cygnus_daq is not running
[midas2cloud,TALK] software alarm: Program cygnus_daq is not running
[midas2cloud,TALK] software alarm: Program cygnus_daq is not running
[midas2cloud,TALK] software alarm: Program cygnus_daq is not running
[midas2cloud,TALK] software alarm: Program cygnus_daq is not running
[midas2cloud,TALK] software alarm: Program cygnus_daq is not running
[midas2cloud,TALK] software alarm: Program cygnus_daq is not running
[midas2cloud,TALK] software alarm: Program cygnus_daq is not running
[midas2cloud,TALK] software alarm: Program cygnus_daq is not running
[midas2cloud,TALK] software alarm: Program cygnus_daq is not running
[midas2cloud,TALK] software alarm: Program cygnus_daq is not running
[midas2cloud,TALK] software alarm: Program cygnus_daq is not running
[midas2cloud,TALK] software alarm: Program cygnus_daq is not running
[midas2cloud,TALK] software alarm: Program cygnus_daq is not running
[midas2cloud,TALK] software alarm: Program cygnus_daq is not running
[midas2cloud,TALK] software alarm: Program cygnus_daq is not running
[midas2cloud,TALK] software alarm: Program cygnus_daq is not running
[midas2cloud,TALK] software alarm: Program cygnus_daq is not running
[midas2cloud,TALK] software alarm: Program cygnus_daq is not running
[midas2cloud,TALK] software alarm: Program cygnus_daq is not running
[midas2cloud,TALK] software alarm: Program cygnus_daq is not running
[midas2cloud,TALK] software alarm: Program cygnus_daq is not running
[midas2cloud,TALK] software alarm: Program cygnus_daq is not running
[midas2cloud,TALK] software alarm: Program cygnus_daq is not running
[midas2cloud,TALK] software alarm: Program cygnus_daq is not running
[midas2cloud,TALK] software alarm: Program cygnus_daq is not running
[midas2cloud,TALK] software alarm: Program cygnus_daq is not running
[midas2cloud,TALK] software alarm: Program cygnus_daq is not running
[midas2cloud,TALK] software alarm: Program cygnus_daq is not running
[midas2cloud,TALK] software alarm: Program cygnus_daq is not running
[midas2cloud,TALK] software alarm: Program cygnus_daq is not running
[midas2cloud,TALK] software alarm: Program cygnus_daq is not running
[midas2cloud,TALK] software alarm: Program cygnus_daq is not running
[midas2cloud,TALK] software alarm: Program cygnus_daq is not running
[midas2cloud,TALK] software alarm: Program cygnus_daq is not running
[midas2cloud,TALK] software alarm: Program cygnus_daq is not running
[midas2cloud,TALK] software alarm: Program cygnus_daq is not running
[midas2cloud,TALK] software alarm: Program cygnus_daq is not running
[midas2cloud,TALK] software alarm: Program cygnus_daq is not running
[midas2cloud,TALK] software alarm: Program cygnus_daq is not running
[midas2cloud,TALK] software alarm: Program cygnus_daq is not running
[midas2cloud,TALK] software alarm: Program cygnus_daq is not running
[midas2cloud,TALK] software alarm: Program cygnus_daq is not running
[midas2cloud,TALK] software alarm: Program cygnus_daq is not running
[midas2cloud,TALK] software alarm: Program cygnus_daq is not running
[midas2cloud,TALK] software alarm: Program cygnus_daq is not running
[midas2cloud,TALK] software alarm: Program cygnus_daq is not running
[midas2cloud,TALK] software alarm: Program cygnus_daq is not running
[midas2cloud,TALK] software alarm: Program cygnus_daq is not running
[midas2cloud,TALK] software alarm: Program cygnus_daq is not running
[midas2cloud,TALK] software alarm: Program cygnus_daq is not running
[midas2cloud,TALK] software alarm: Program cygnus_daq is not running
[midas2cloud,TALK] software alarm: Program cygnus_daq is not running
[midas2cloud,TALK] software alarm: Program cygnus_daq is not running
[midas2cloud,TALK] software alarm: Program cygnus_daq is not running
[midas2cloud,TALK] software alarm: Program cygnus_daq is not running
[midas2cloud,TALK] software alarm: Program cygnus_daq is not running
[midas2cloud,TALK] software alarm: Program cygnus_daq is not running
[midas2cloud,TALK] software alarm: Program cygnus_daq is not running
[midas2cloud,TALK] software alarm: Program cygnus_daq is not running
[midas2cloud,TALK] software alarm: Program cygnus_daq is not running
[midas2cloud,TALK] software alarm: Program cygnus_daq is not running
[midas2cloud,TALK] software alarm: Program cygnus_daq is not running
[midas2cloud,TALK] software alarm: Program cygnus_daq is not running
[midas2cloud,TALK] software alarm: Program cygnus_daq is not running
[midas2cloud,TALK] software alarm: Program cygnus_daq is not running
[midas2cloud,TALK] software alarm: Program cygnus_daq is not running
[midas2cloud,TALK] software alarm: Program cygnus_daq is not running
[midas2cloud,TALK] software alarm: Program cygnus_daq is not running
[midas2cloud,TALK] software alarm: Program cygnus_daq is not running
[midas2cloud,TALK] software alarm: Program cygnus_daq is not running
[midas2cloud,TALK] software alarm: Program cygnus_daq is not running
[midas2cloud,TALK] software alarm: Program cygnus_daq is not running
[midas2cloud,TALK] software alarm: Program cygnus_daq is not running
[midas2cloud,TALK] software alarm: Program cygnus_daq is not running
[midas2cloud,TALK] software alarm: Program cygnus_daq is not running
[midas2cloud,TALK] software alarm: Program cygnus_daq is not running
[midas2cloud,TALK] software alarm: Program cygnus_daq is not running
[midas2cloud,TALK] software alarm: Program cygnus_daq is not running
[midas2cloud,TALK] software alarm: Program cygnus_daq is not running
[midas2cloud,TALK] software alarm: Program cygnus_daq is not running
[midas2cloud,TALK] software alarm: Program cygnus_daq is not running
[midas2cloud,TALK] software alarm: Program cygnus_daq is not running
[midas2cloud,TALK] software alarm: Program cygnus_daq is not running
[midas2cloud,TALK] software alarm: Program cygnus_daq is not running
[midas2cloud,TALK] software alarm: Program cygnus_daq is not running
[midas2cloud,TALK] software alarm: Program cygnus_daq is not running
[midas2cloud,TALK] software alarm: Program cygnus_daq is not running
[midas2cloud,TALK] software alarm: Program cygnus_daq is not running
[midas2cloud,TALK] software alarm: Program cygnus_daq is not running
[midas2cloud,TALK] software alarm: Program cygnus_daq is not running
[midas2cloud,TALK] software alarm: Program cygnus_daq is not running
[midas2cloud,TALK] software alarm: Program cygnus_daq is not running
[midas2cloud,TALK] software alarm: Program cygnus_daq is not running
[midas2cloud,TALK] software alarm: Program cygnus_daq is not running
[midas2cloud,TALK] software alarm: Program cygnus_daq is not running
[midas2cloud,TALK] software alarm: Program cygnus_daq is not running
[midas2cloud,TALK] software alarm: Program cygnus_daq is not running
[midas2cloud,TALK] software alarm: Program cygnus_daq is not running
[midas2cloud,TALK] software alarm: Program cygnus_daq is not running
[midas2cloud,TALK] software alarm: Program cygnus_daq is not running
[midas2cloud,TALK] software alarm: Program cygnus_daq is not running
[midas2cloud,TALK] software alarm: Program cygnus_daq is not running
[midas2cloud,TALK] software alarm: Program cygnus_daq is not running
[midas2cloud,TALK] software alarm: Program cygnus_daq is not running
[midas2cloud,TALK] software alarm: Program cygnus_daq is not running
[midas2cloud,TALK] software alarm: Program cygnus_daq is not running
[midas2cloud,TALK] software alarm: Program cygnus_daq is not running
[midas2cloud,TALK] software alarm: Program cygnus_daq is not running
[midas2cloud,TALK] software alarm: Program cygnus_daq is not running
[midas2cloud,TALK] software alarm: Program cygnus_daq is not running
[midas2cloud,TALK] software alarm: Program cygnus_daq is not running
[midas2cloud,TALK] software alarm: Program cygnus_daq is not running
[midas2cloud,TALK] software alarm: Program cygnus_daq is not running
[midas2cloud,TALK] software alarm: Program cygnus_daq is not running
[midas2cloud,TALK] software alarm: Program cygnus_daq is not running
[midas2cloud,TALK] software alarm: Program cygnus_daq is not running
[midas2cloud,TALK] software alarm: Program cygnus_daq is not running
[midas2cloud,TALK] software alarm: Program cygnus_daq is not running
[midas2cloud,TALK] software alarm: Program cygnus_daq is not running
[midas2cloud,TALK] software alarm: Program cygnus_daq is not running
[midas2cloud,TALK] software alarm: Program cygnus_daq is not running
[midas2cloud,TALK] software alarm: Program cygnus_daq is not running
[midas2cloud,TALK] software alarm: Program cygnus_daq is not running
[midas2cloud,TALK] software alarm: Program cygnus_daq is not running
[midas2cloud,TALK] software alarm: Program cygnus_daq is not running
[midas2cloud,TALK] software alarm: Program cygnus_daq is not running
[midas2cloud,TALK] software alarm: Program cygnus_daq is not running
[midas2cloud,TALK] software alarm: Program cygnus_daq is not running
[midas2cloud,TALK] software alarm: Program cygnus_daq is not running
[midas2cloud,TALK] software alarm: Program cygnus_daq is not running
[midas2cloud,TALK] software alarm: Program cygnus_daq is not running
[midas2cloud,TALK] software alarm: Program cygnus_daq is not running
[midas2cloud,TALK] software alarm: Program cygnus_daq is not running
[midas2cloud,TALK] software alarm: Program cygnus_daq is not running
[midas2cloud,TALK] software alarm: Program cygnus_daq is not running
[midas2cloud,TALK] software alarm: Program cygnus_daq is not running
[midas2cloud,TALK] software alarm: Program cygnus_daq is not running
[midas2cloud,TALK] software alarm: Program cygnus_daq is not running
[midas2cloud,TALK] software alarm: Program cygnus_daq is not running
[midas2cloud,TALK] software alarm: Program cygnus_daq is not running
[midas2cloud,TALK] software alarm: Program cygnus_daq is not running
[midas2cloud,TALK] software alarm: Program cygnus_daq is not running
[midas2cloud,TALK] software alarm: Program cygnus_daq is not running
[midas2cloud,TALK] software alarm: Program cygnus_daq is not running
[midas2cloud,TALK] software alarm: Program cygnus_daq is not running
[midas2cloud,TALK] software alarm: Program cygnus_daq is not running
[midas2cloud,TALK] software alarm: Program cygnus_daq is not running
[midas2cloud,TALK] software alarm: Program cygnus_daq is not running
[midas2cloud,TALK] software alarm: Program cygnus_daq is not running
[midas2cloud,TALK] software alarm: Program cygnus_daq is not running
[midas2cloud,TALK] software alarm: Program cygnus_daq is not running
[midas2cloud,TALK] software alarm: Program cygnus_daq is not running
[midas2cloud,TALK] software alarm: Program cygnus_daq is not running
[midas2cloud,TALK] software alarm: Program cygnus_daq is not running
[midas2cloud,TALK] software alarm: Program cygnus_daq is not running
[midas2cloud,TALK] software alarm: Program cygnus_daq is not running
[midas2cloud,TALK] software alarm: Program cygnus_daq is not running
[midas2cloud,TALK] software alarm: Program cygnus_daq is not running
[midas2cloud,TALK] software alarm: Program cygnus_daq is not running
[midas2cloud,TALK] software alarm: Program cygnus_daq is not running
[midas2cloud,TALK] software alarm: Program cygnus_daq is not running
[midas2cloud,TALK] software alarm: Program cygnus_daq is not running
[midas2cloud,TALK] software alarm: Program cygnus_daq is not running
[midas2cloud,TALK] software alarm: Program cygnus_daq is not running
[midas2cloud,TALK] software alarm: Program cygnus_daq is not running
[midas2cloud,TALK] software alarm: Program cygnus_daq is not running
[midas2cloud,TALK] software alarm: Program cygnus_daq is not running
[midas2cloud,TALK] software alarm: Program cygnus_daq is not running
[midas2cloud,TALK] software alarm: Program cygnus_daq is not running
[midas2cloud,TALK] so2024-06-27 13:13:25 Udatentig matadata for filer file: run16552.mid.gz
2024-06-27 13:13:26 Transferring file: run16552.mid.gz
2024-06-27 13:13:26 Uploading file: run16552.mid.gz
2024-06-27 13:13:26 Upload done: run16552.mid.gz
2024-06-27 13:24:02 Udatentig matadata for filer file: run16553.mid.gz
2024-06-27 13:24:04 Transferring file: run16553.mid.gz
2024-06-27 13:24:04 Uploading file: run16553.mid.gz
2024-06-27 13:24:04 Upload done: run16553.mid.gz
2024-06-27 13:33:58 Udatentig matadata for filer file: run16554.mid.gz
2024-06-27 13:34:00 Transferring file: run16554.mid.gz
2024-06-27 13:34:00 Uploading file: run16554.mid.gz
2024-06-27 13:34:00 Upload done: run16554.mid.gz
2024-06-27 13:44:01 Udatentig matadata for filer file: run16555.mid.gz
2024-06-27 13:44:03 Transferring file: run16555.mid.gz
2024-06-27 13:44:03 Uploading file: run16555.mid.gz
2024-06-27 13:44:03 Upload done: run16555.mid.gz
2024-06-27 13:54:38 Udatentig matadata for filer file: run16556.mid.gz
2024-06-27 13:54:40 Transferring file: run16556.mid.gz
2024-06-27 13:54:40 Uploading file: run16556.mid.gz
2024-06-27 13:54:40 Upload done: run16556.mid.gz
2024-06-27 14:04:13 Udatentig matadata for filer file: run16557.mid.gz
2024-06-27 14:04:15 Transferring file: run16557.mid.gz
2024-06-27 14:04:15 Uploading file: run16557.mid.gz
2024-06-27 14:04:15 Upload done: run16557.mid.gz
2024-06-27 14:14:01 Udatentig matadata for filer file: run16558.mid.gz
2024-06-27 14:14:03 Transferring file: run16558.mid.gz
2024-06-27 14:14:03 Uploading file: run16558.mid.gz
2024-06-27 14:14:03 Upload done: run16558.mid.gz
2024-06-27 14:24:05 Udatentig matadata for filer file: run16559.mid.gz
2024-06-27 14:24:07 Transferring file: run16559.mid.gz
2024-06-27 14:24:07 Uploading file: run16559.mid.gz
2024-06-27 14:24:07 Upload done: run16559.mid.gz
2024-06-27 14:35:12 Udatentig matadata for filer file: run16560.mid.gz
2024-06-27 14:35:13 Transferring file: run16560.mid.gz
2024-06-27 14:35:13 Uploading file: run16560.mid.gz
2024-06-27 14:35:13 Upload done: run16560.mid.gz
2024-06-27 14:46:14 Udatentig matadata for filer file: run16561.mid.gz
2024-06-27 14:46:16 Transferring file: run16561.mid.gz
2024-06-27 14:46:16 Uploading file: run16561.mid.gz
2024-06-27 14:46:16 Upload done: run16561.mid.gz
2024-06-27 14:56:17 Udatentig matadata for filer file: run16562.mid.gz
2024-06-27 14:56:19 Transferring file: run16562.mid.gz
2024-06-27 14:56:19 Uploading file: run16562.mid.gz
2024-06-27 14:56:19 Upload done: run16562.mid.gz
2024-06-27 15:05:16 Udatentig matadata for filer file: run16563.mid.gz
2024-06-27 15:05:18 Transferring file: run16563.mid.gz
2024-06-27 15:05:18 Uploading file: run16563.mid.gz
2024-06-27 15:05:18 Upload done: run16563.mid.gz
2024-06-27 15:14:17 Udatentig matadata for filer file: run16564.mid.gz
2024-06-27 15:14:18 Transferring file: run16564.mid.gz
2024-06-27 15:14:18 Uploading file: run16564.mid.gz
2024-06-27 15:14:18 Upload done: run16564.mid.gz
2024-06-27 15:36:12 Udatentig matadata for filer file: run16565.mid.gz
2024-06-27 15:36:14 Transferring file: run16565.mid.gz
2024-06-27 15:36:14 Uploading file: run16565.mid.gz
2024-06-27 15:36:14 Upload done: run16565.mid.gz
2024-06-27 15:47:21 Udatentig matadata for filer file: run16566.mid.gz
2024-06-27 15:47:23 Transferring file: run16566.mid.gz
2024-06-27 15:47:23 Uploading file: run16566.mid.gz
2024-06-27 15:47:23 Upload done: run16566.mid.gz
2024-06-27 15:57:13 Udatentig matadata for filer file: run16567.mid.gz
2024-06-27 15:57:16 Transferring file: run16567.mid.gz
2024-06-27 15:57:16 Uploading file: run16567.mid.gz
2024-06-27 15:57:16 Upload done: run16567.mid.gz
2024-06-27 16:07:17 Udatentig matadata for filer file: run16568.mid.gz
2024-06-27 16:07:19 Transferring file: run16568.mid.gz
2024-06-27 16:07:19 Uploading file: run16568.mid.gz
2024-06-27 16:07:19 Upload done: run16568.mid.gz
2024-06-27 16:17:47 Udatentig matadata for filer file: run16569.mid.gz
2024-06-27 16:17:49 Transferring file: run16569.mid.gz
2024-06-27 16:17:49 Uploading file: run16569.mid.gz
2024-06-27 16:17:49 Upload done: run16569.mid.gz
2024-06-27 16:27:26 Udatentig matadata for filer file: run16570.mid.gz
2024-06-27 16:27:27 Transferring file: run16570.mid.gz
2024-06-27 16:27:27 Uploading file: run16570.mid.gz
2024-06-27 16:27:27 Upload done: run16570.mid.gz
2024-06-27 16:37:58 Udatentig matadata for filer file: run16571.mid.gz
2024-06-27 16:37:59 Transferring file: run16571.mid.gz
2024-06-27 16:37:59 Uploading file: run16571.mid.gz
2024-06-27 16:37:59 Upload done: run16571.mid.gz
2024-06-27 16:45:43 Udatentig matadata for filer file: run16572.mid.gz
2024-06-27 16:45:45 Transferring file: run16572.mid.gz
2024-06-27 16:45:45 Uploading file: run16572.mid.gz
2024-06-27 16:45:45 Upload done: run16572.mid.gz
2024-06-27 18:54:15 Udatentig matadata for filer file: run16573.mid.gz
2024-06-27 18:54:17 Transferring file: run16573.mid.gz
2024-06-27 18:54:17 Uploading file: run16573.mid.gz
2024-06-27 18:54:17 Upload done: run16573.mid.gz
2024-06-27 19:04:11 Udatentig matadata for filer file: run16574.mid.gz
2024-06-27 19:04:12 Transferring file: run16574.mid.gz
2024-06-27 19:04:12 Uploading file: run16574.mid.gz
2024-06-27 19:04:12 Upload done: run16574.mid.gz
2024-06-27 19:14:54 Udatentig matadata for filer file: run16575.mid.gz
2024-06-27 19:14:56 Transferring file: run16575.mid.gz
2024-06-27 19:14:56 Uploading file: run16575.mid.gz
2024-06-27 19:14:56 Upload done: run16575.mid.gz
2024-06-27 19:25:24 Udatentig matadata for filer file: run16576.mid.gz
2024-06-27 19:25:26 Transferring file: run16576.mid.gz
2024-06-27 19:25:26 Uploading file: run16576.mid.gz
2024-06-27 19:25:26 Upload done: run16576.mid.gz
2024-06-27 19:35:54 Udatentig matadata for filer file: run16577.mid.gz
2024-06-27 19:35:56 Transferring file: run16577.mid.gz
2024-06-27 19:35:56 Uploading file: run16577.mid.gz
2024-06-27 19:35:56 Upload done: run16577.mid.gz
2024-06-27 19:46:26 Udatentig matadata for filer file: run16578.mid.gz
2024-06-27 19:46:28 Transferring file: run16578.mid.gz
2024-06-27 19:46:28 Uploading file: run16578.mid.gz
2024-06-27 19:46:28 Upload done: run16578.mid.gz
2024-06-27 19:56:59 Udatentig matadata for filer file: run16579.mid.gz
2024-06-27 19:57:00 Transferring file: run16579.mid.gz
2024-06-27 19:57:00 Uploading file: run16579.mid.gz
2024-06-27 19:57:00 Upload done: run16579.mid.gz
2024-06-27 20:08:24 Udatentig matadata for filer file: run16580.mid.gz
2024-06-27 20:08:26 Transferring file: run16580.mid.gz
2024-06-27 20:08:26 Uploading file: run16580.mid.gz
2024-06-27 20:08:26 Upload done: run16580.mid.gz
2024-06-28 09:30:28 Udatentig matadata for filer file: run16581.mid.gz
2024-06-28 09:30:30 Transferring file: run16581.mid.gz
2024-06-28 09:30:30 Uploading file: run16581.mid.gz
2024-06-28 09:30:30 Upload done: run16581.mid.gz
Midas shutdown
ftware alarm: Program cygnus_daq is not running
[midas2cloud,TALK] software alarm: Program cygnus_daq is not running
[midas2cloud,TALK] software alarm: Program cygnus_daq is not running
[midas2cloud,TALK] software alarm: Program cygnus_daq is not running
[midas2cloud,TALK] software alarm: Program cygnus_daq is not running
[midas2cloud,TALK] software alarm: Program cygnus_daq is not running
[midas2cloud,TALK] software alarm: Program cygnus_daq is not running
[midas2cloud,TALK] software alarm: Program cygnus_daq is not running
[midas2cloud,TALK] software alarm: Program cygnus_daq is not running
[midas2cloud,TALK] software alarm: Program cygnus_daq is not running
[midas2cloud,TALK] software alarm: Program cygnus_daq is not running
[midas2cloud,TALK] software alarm: Program cygnus_daq is not running
[midas2cloud,TALK] software alarm: Program cygnus_daq is not running
[midas2cloud,TALK] software alarm: Program cygnus_daq is not running
[midas2cloud,TALK] software alarm: Program cygnus_daq is not running
[midas2cloud,TALK] software alarm: Program cygnus_daq is not running
[midas2cloud,TALK] software alarm: Program cygnus_daq is not running
[midas2cloud,TALK] software alarm: Program cygnus_daq is not running
[midas2cloud,TALK] software alarm: Program cygnus_daq is not running
[midas2cloud,TALK] software alarm: Program cygnus_daq is not running
[midas2cloud,TALK] software alarm: Program cygnus_daq is not running
[midas2cloud,TALK] software alarm: Program cygnus_daq is not running
[midas2cloud,TALK] software alarm: Program cygnus_daq is not running
[midas2cloud,TALK] software alarm: Program cygnus_daq is not running
[midas2cloud,TALK] software alarm: Program cygnus_daq is not running
[midas2cloud,TALK] software alarm: Program cygnus_daq is not running
[midas2cloud,TALK] software alarm: Program cygnus_daq is not running
[midas2cloud,TALK] software alarm: Program cygnus_daq is not running
[midas2cloud,TALK] software alarm: Program cygnus_daq is not running
[midas2cloud,TALK] software alarm: Program cygnus_daq is not running
[midas2cloud,TALK] software alarm: Program cygnus_daq is not running
[midas2cloud,TALK] software alarm: Program cygnus_daq is not running
[midas2cloud,TALK] software alarm: Program cygnus_daq is not running
[midas2cloud,TALK] software alarm: Program cygnus_daq is not running
[midas2cloud,TALK] software alarm: Program cygnus_daq is not running
[midas2cloud,TALK] software alarm: Program cygnus_daq is not running
[midas2cloud,TALK] software alarm: Program cygnus_daq is not running
[midas2cloud,TALK] software alarm: Program cygnus_daq is not running
[midas2cloud,TALK] software alarm: Program cygnus_daq is not running
[midas2cloud,TALK] software alarm: Program cygnus_daq is not running
[midas2cloud,TALK] software alarm: Program cygnus_daq is not running
[midas2cloud,TALK] software alarm: Program cygnus_daq is not running
[midas2cloud,TALK] software alarm: Program cygnus_daq is not running
[midas2cloud,TALK] software alarm: Program cygnus_daq is not running
[midas2cloud,TALK] software alarm: Program cygnus_daq is not running
[midas2cloud,TALK] software alarm: Program cygnus_daq is not running
[midas2cloud,TALK] software alarm: Program cygnus_daq is not running
[midas2cloud,TALK] software alarm: Program cygnus_daq is not running
